Component: Arm Compiler for Embedded 6.18 Tool: armlink [5e4cc100]

==============================================================================

Section Cross References

    startup_stm32h743xx.o(RESET) refers to startup_stm32h743xx.o(STACK) for __initial_sp
    startup_stm32h743xx.o(RESET) refers to startup_stm32h743xx.o(.text) for Reset_Handler
    startup_stm32h743xx.o(RESET) refers to stm32h7xx_it.o(.text.NMI_Handler) for NMI_Handler
    startup_stm32h743xx.o(RESET) refers to stm32h7xx_it.o(.text.HardFault_Handler) for HardFault_Handler
    startup_stm32h743xx.o(RESET) refers to stm32h7xx_it.o(.text.MemManage_Handler) for MemManage_Handler
    startup_stm32h743xx.o(RESET) refers to stm32h7xx_it.o(.text.BusFault_Handler) for BusFault_Handler
    startup_stm32h743xx.o(RESET) refers to stm32h7xx_it.o(.text.UsageFault_Handler) for UsageFault_Handler
    startup_stm32h743xx.o(RESET) refers to stm32h7xx_it.o(.text.SVC_Handler) for SVC_Handler
    startup_stm32h743xx.o(RESET) refers to stm32h7xx_it.o(.text.DebugMon_Handler) for DebugMon_Handler
    startup_stm32h743xx.o(RESET) refers to stm32h7xx_it.o(.text.PendSV_Handler) for PendSV_Handler
    startup_stm32h743xx.o(RESET) refers to stm32h7xx_it.o(.text.SysTick_Handler) for SysTick_Handler
    startup_stm32h743xx.o(RESET) refers to stm32h7xx_it.o(.text.DMA1_Stream0_IRQHandler) for DMA1_Stream0_IRQHandler
    startup_stm32h743xx.o(RESET) refers to stm32h7xx_it.o(.text.USART3_IRQHandler) for USART3_IRQHandler
    startup_stm32h743xx.o(.text) refers to system_stm32h7xx.o(.text.ExitRun0Mode) for ExitRun0Mode
    startup_stm32h743xx.o(.text) refers to system_stm32h7xx.o(.text.SystemInit) for SystemInit
    startup_stm32h743xx.o(.text) refers to entry.o(.ARM.Collect$$$$00000000) for __main
    main.o(.text.FFT_Task) refers to adc.o(.bss.hadc1) for hadc1
    main.o(.text.FFT_Task) refers to main.o(.sram4_data) for adc1_buffer
    main.o(.text.FFT_Task) refers to stm32h7xx_hal_adc.o(.text.HAL_ADC_Start_DMA) for HAL_ADC_Start_DMA
    main.o(.text.FFT_Task) refers to tim.o(.bss.htim3) for htim3
    main.o(.text.FFT_Task) refers to stm32h7xx_hal_tim.o(.text.HAL_TIM_Base_Start) for HAL_TIM_Base_Start
    main.o(.text.FFT_Task) refers to stm32h7xx_hal.o(.text.HAL_Delay) for HAL_Delay
    main.o(.text.FFT_Task) refers to stm32h7xx_hal_tim.o(.text.HAL_TIM_Base_Stop) for HAL_TIM_Base_Stop
    main.o(.text.FFT_Task) refers to stm32h7xx_hal_adc.o(.text.HAL_ADC_Stop_DMA) for HAL_ADC_Stop_DMA
    main.o(.text.FFT_Task) refers to main.o(.bss.FFT_IN) for FFT_IN
    main.o(.text.FFT_Task) refers to fftana.o(.text.process_data) for process_data
    main.o(.text.FFT_Task) refers to fftana.o(.text.Find_Vpp) for Find_Vpp
    main.o(.text.FFT_Task) refers to main.o(.bss..L_MergedGlobals) for .L_MergedGlobals
    main.o(.text.FFT_Task) refers to main.o(.bss.FFT_OUT) for FFT_OUT
    main.o(.text.FFT_Task) refers to fftana.o(.text.fft_process) for fft_process
    main.o(.text.FFT_Task) refers to fftana.o(.text.regurlize_mag) for regurlize_mag
    main.o(.text.FFT_Task) refers to fftana.o(.text.get_max_3) for get_max_3
    main.o(.text.FFT_Task) refers to fftana.o(.text.Rec_wavetype) for Rec_wavetype
    main.o(.text.FFT_Task) refers to hmi.o(.text.HMI_send_wave) for HMI_send_wave
    main.o(.text.FFT_Task) refers to memseta.o(.text) for __aeabi_memclr4
    main.o(.ARM.exidx.text.FFT_Task) refers to main.o(.text.FFT_Task) for [Anonymous Symbol]
    main.o(.text.HMI_Init) refers to main.o(.rodata.str1.1) for .L.str.2
    main.o(.text.HMI_Init) refers to hmi.o(.text.HMI_send_string) for HMI_send_string
    main.o(.ARM.exidx.text.HMI_Init) refers to main.o(.text.HMI_Init) for [Anonymous Symbol]
    main.o(.text.USART_Task_One) refers to malloc.o(i.malloc) for malloc
    main.o(.text.USART_Task_One) refers to main.o(.bss..L_MergedGlobals) for .L_MergedGlobals
    main.o(.text.USART_Task_One) refers to main.o(.rodata.str1.1) for .L.str.6
    main.o(.text.USART_Task_One) refers to printfa.o(i.__0sprintf) for __2sprintf
    main.o(.text.USART_Task_One) refers to hmi.o(.text.HMI_send_string) for HMI_send_string
    main.o(.text.USART_Task_One) refers to memseta.o(.text) for __aeabi_memclr8
    main.o(.text.USART_Task_One) refers to malloc.o(i.free) for free
    main.o(.ARM.exidx.text.USART_Task_One) refers to main.o(.text.USART_Task_One) for [Anonymous Symbol]
    main.o(.text.HAL_GPIO_EXTI_Callback) refers to main.o(.bss..L_MergedGlobals) for .L_MergedGlobals
    main.o(.ARM.exidx.text.HAL_GPIO_EXTI_Callback) refers to main.o(.text.HAL_GPIO_EXTI_Callback) for [Anonymous Symbol]
    main.o(.text.Freq_task) refers to main.o(.bss..L_MergedGlobals) for .L_MergedGlobals
    main.o(.text.Freq_task) refers to get_freq.o(.text.Freq_mode_choose) for Freq_mode_choose
    main.o(.text.Freq_task) refers to get_freq.o(.text.Get_Wave_Infor) for Get_Wave_Infor
    main.o(.text.Freq_task) refers to stm32h7xx_hal_cortex.o(.text.HAL_NVIC_EnableIRQ) for HAL_NVIC_EnableIRQ
[...]
    RCCEx_PLL3_Config                        0x080079a9   Thumb Code   290  stm32h7xx_hal_rcc_ex.o(.text.RCCEx_PLL3_Config)
    [Anonymous Symbol]                       0x080079a8   Section        0  stm32h7xx_hal_rcc_ex.o(.text.RCCEx_PLL3_Config)
    [Anonymous Symbol]                       0x08007ad0   Section        0  fftana.o(.text.Rec_wavetype)
    [Anonymous Symbol]                       0x08007cd0   Section        0  stm32h7xx_it.o(.text.SVC_Handler)
    [Anonymous Symbol]                       0x08007cd8   Section        0  stm32h7xx_it.o(.text.SysTick_Handler)
    [Anonymous Symbol]                       0x08007ce0   Section        0  main.o(.text.SystemClock_Config)
    [Anonymous Symbol]                       0x08007dc0   Section        0  system_stm32h7xx.o(.text.SystemInit)
    [Anonymous Symbol]                       0x08007eb0   Section        0  stm32h7xx_hal_tim.o(.text.TIM_Base_SetConfig)
    TIM_SlaveTimer_SetConfig                 0x08008011   Thumb Code   434  stm32h7xx_hal_tim.o(.text.TIM_SlaveTimer_SetConfig)
    [Anonymous Symbol]                       0x08008010   Section        0  stm32h7xx_hal_tim.o(.text.TIM_SlaveTimer_SetConfig)
    [Anonymous Symbol]                       0x080081c8   Section        0  uart_pr.o(.text.UART3_Printf)
    [Anonymous Symbol]                       0x08008228   Section        0  stm32h7xx_hal_uart.o(.text.UART_AdvFeatureConfig)
    [Anonymous Symbol]                       0x08008308   Section        0  stm32h7xx_hal_uart.o(.text.UART_CheckIdleState)
    UART_DMAAbortOnError                     0x08008481   Thumb Code    12  stm32h7xx_hal_uart.o(.text.UART_DMAAbortOnError)
    [Anonymous Symbol]                       0x08008480   Section        0  stm32h7xx_hal_uart.o(.text.UART_DMAAbortOnError)
    UART_RxISR_16BIT                         0x08008491   Thumb Code   452  stm32h7xx_hal_uart.o(.text.UART_RxISR_16BIT)
    [Anonymous Symbol]                       0x08008490   Section        0  stm32h7xx_hal_uart.o(.text.UART_RxISR_16BIT)
    UART_RxISR_16BIT_FIFOEN                  0x08008659   Thumb Code   804  stm32h7xx_hal_uart.o(.text.UART_RxISR_16BIT_FIFOEN)
    [Anonymous Symbol]                       0x08008658   Section        0  stm32h7xx_hal_uart.o(.text.UART_RxISR_16BIT_FIFOEN)
    UART_RxISR_8BIT                          0x08008981   Thumb Code   448  stm32h7xx_hal_uart.o(.text.UART_RxISR_8BIT)
    [Anonymous Symbol]                       0x08008980   Section        0  stm32h7xx_hal_uart.o(.text.UART_RxISR_8BIT)
    UART_RxISR_8BIT_FIFOEN                   0x08008b41   Thumb Code   808  stm32h7xx_hal_uart.o(.text.UART_RxISR_8BIT_FIFOEN)
    [Anonymous Symbol]                       0x08008b40   Section        0  stm32h7xx_hal_uart.o(.text.UART_RxISR_8BIT_FIFOEN)
    [Anonymous Symbol]                       0x08008e68   Section        0  stm32h7xx_hal_uart.o(.text.UART_SetConfig)
    [Anonymous Symbol]                       0x08009320   Section        0  stm32h7xx_hal_uart.o(.text.UART_Start_Receive_IT)
    [Anonymous Symbol]                       0x08009598   Section        0  stm32h7xx_hal_uart.o(.text.UART_WaitOnFlagUntilTimeout)
    [Anonymous Symbol]                       0x080098f0   Section        0  stm32h7xx_it.o(.text.USART3_IRQHandler)
    [Anonymous Symbol]                       0x08009900   Section        0  stm32h7xx_it.o(.text.UsageFault_Handler)
    [Anonymous Symbol]                       0x08009908   Section        0  arm_bitreversal2_extra.o(.text.arm_bitreversal_32_extra)
    [Anonymous Symbol]                       0x08009a78   Section        0  arm_cfft_f32_extra.o(.text.arm_cfft_f32_extra)
    [Anonymous Symbol]                       0x08009c90   Section        0  arm_cfft_f32_extra.o(.text.arm_cfft_radix8by2_f32_extra)
    [Anonymous Symbol]                       0x08009e20   Section        0  arm_cfft_f32_extra.o(.text.arm_cfft_radix8by4_f32_extra)
    [Anonymous Symbol]                       0x0800a2b8   Section        0  transformfunctions.o(.text.arm_radix8_butterfly_f32)
    [Anonymous Symbol]                       0x0800a7b0   Section        0  delay.o(.text.delay_us)
    [Anonymous Symbol]                       0x0800a818   Section        0  fftana.o(.text.fft_process)
    [Anonymous Symbol]                       0x0800ae00   Section        0  fftana.o(.text.get_max_3)
    __arm_cp.6_4                             0x0800b0c8   Number         4  fftana.o(.text.get_max_3)
    [Anonymous Symbol]                       0x0800b530   Section        0  main.o(.text.main)
    [Anonymous Symbol]                       0x0800b8f0   Section        0  fftana.o(.text.process_data)
    [Anonymous Symbol]                       0x0800bc00   Section        0  fftana.o(.text.regurlize_mag)
    i.__0sprintf                             0x0800bdb8   Section        0  printfa.o(i.__0sprintf)
    i.__0vsnprintf                           0x0800bde0   Section        0  printfa.o(i.__0vsnprintf)
    i.__ARM_fpclassify                       0x0800be14   Section        0  fpclassify.o(i.__ARM_fpclassify)
    i.__hardfp_atan                          0x0800be48   Section        0  atan.o(i.__hardfp_atan)
    i.__hardfp_atan2                         0x0800c020   Section        0  atan2.o(i.__hardfp_atan2)
    i.__hardfp_sqrtf                         0x0800c1e8   Section        0  sqrtf.o(i.__hardfp_sqrtf)
    i.__kernel_poly                          0x0800c222   Section        0  poly.o(i.__kernel_poly)
    i.__mathlib_dbl_infnan                   0x0800c292   Section        0  dunder.o(i.__mathlib_dbl_infnan)
    i.__mathlib_dbl_infnan2                  0x0800c298   Section        0  dunder.o(i.__mathlib_dbl_infnan2)
    i.__mathlib_dbl_underflow                0x0800c2a0   Section        0  dunder.o(i.__mathlib_dbl_underflow)
    i.__scatterload_copy                     0x0800c2b8   Section       14  handlers.o(i.__scatterload_copy)
    i.__scatterload_null                     0x0800c2c6   Section        2  handlers.o(i.__scatterload_null)
    i.__scatterload_zeroinit                 0x0800c2c8   Section       14  handlers.o(i.__scatterload_zeroinit)
    i.__set_errno                            0x0800c2d8   Section        0  errno.o(i.__set_errno)
    _fp_digits                               0x0800c2e5   Thumb Code   366  printfa.o(i._fp_digits)
    i._fp_digits                             0x0800c2e4   Section        0  printfa.o(i._fp_digits)
    _printf_core                             0x0800c469   Thumb Code  1744  printfa.o(i._printf_core)
    i._printf_core                           0x0800c468   Section        0  printfa.o(i._printf_core)
    _printf_post_padding                     0x0800cb45   Thumb Code    36  printfa.o(i._printf_post_padding)
    i._printf_post_padding                   0x0800cb44   Section        0  printfa.o(i._printf_post_padding)
    _printf_pre_padding                      0x0800cb69   Thumb Code    46  printfa.o(i._printf_pre_padding)
    i._printf_pre_padding                    0x0800cb68   Section        0  printfa.o(i._printf_pre_padding)
    _snputc                                  0x0800cb97   Thumb Code    22  printfa.o(i._snputc)
    i._snputc                                0x0800cb96   Section        0  printfa.o(i._snputc)
    _sputc                                   0x0800cbad   Thumb Code    10  printfa.o(i._sputc)
    i._sputc                                 0x0800cbac   Section        0  printfa.o(i._sputc)
    i.atan                                   0x0800cbb6   Section        0  atan.o(i.atan)
    i.fabs                                   0x0800cbc6   Section        0  fabs.o(i.fabs)
    i.free                                   0x0800cbe0   Section        0  malloc.o(i.free)
    i.malloc                                 0x0800cc30   Section        0  malloc.o(i.malloc)
    atanhi                                   0x0800cca0   Data          32  atan.o(.constdata)
    .constdata                               0x0800cca0   Section      152  atan.o(.constdata)
    atanlo                                   0x0800ccc0   Data          32  atan.o(.constdata)
    aTodd                                    0x0800cce0   Data          40  atan.o(.constdata)
    aTeven                                   0x0800cd08   Data          48  atan.o(.constdata)
    .constdata                               0x0800cd38   Section        8  qnan.o(.constdata)
    .Lswitch.table.UART_SetConfig.5          0x0800cd40   Data           6  stm32h7xx_hal_uart.o(.rodata..Lswitch.table.UART_SetConfig.5)
    .Lswitch.table.UART_SetConfig.7          0x0800cd46   Data           6  stm32h7xx_hal_uart.o(.rodata..Lswitch.table.UART_SetConfig.7)
    UARTEx_SetNbDataToProcess.numerator      0x08010c84   Data           8  stm32h7xx_hal_uart_ex.o(.rodata.cst8)
    [Anonymous Symbol]                       0x08010c84   Section        0  stm32h7xx_hal_uart_ex.o(.rodata.cst8)
    UARTEx_SetNbDataToProcess.denominator    0x08010c8c   Data           8  stm32h7xx_hal_uart_ex.o(.rodata.cst8)
    .L.str.1                                 0x08010c94   Data           7  main.o(.rodata.str1.1)
    [Anonymous Symbol]                       0x08010c94   Section        0  main.o(.rodata.str1.1)
    .L.str.3                                 0x08010c9b   Data           7  main.o(.rodata.str1.1)
    .L.str.4                                 0x08010ca2   Data           7  main.o(.rodata.str1.1)
    .L.str.5                                 0x08010ca9   Data           7  main.o(.rodata.str1.1)
    .L.str.9                                 0x08010cb0   Data           8  main.o(.rodata.str1.1)
    .L.str.6                                 0x08010cb8   Data           8  main.o(.rodata.str1.1)
    .L.str.7                                 0x08010cc0   Data           9  main.o(.rodata.str1.1)
    .L.str.8                                 0x08010cc9   Data           9  main.o(.rodata.str1.1)
    .L.str.2                                 0x08010cd2   Data           7  main.o(.rodata.str1.1)
    .data                                    0x24000000   Section        4  mvars.o(.data)
    .data                                    0x24000004   Section        4  mvars.o(.data)
    _errno                                   0x24000008   Data           4  errno.o(.data)
    .data                                    0x24000008   Section        4  errno.o(.data)
    .L_MergedGlobals                         0x2400000c   Data           8  stm32h7xx_hal.o(.data..L_MergedGlobals)
    [Anonymous Symbol]                       0x2400000c   Section        0  stm32h7xx_hal.o(.data..L_MergedGlobals)
    .L_MergedGlobals                         0x24000014   Data           8  system_stm32h7xx.o(.data..L_MergedGlobals)
    [Anonymous Symbol]                       0x24000014   Section        0  system_stm32h7xx.o(.data..L_MergedGlobals)
    get_freqaxis.freqaxis                    0x2400401c   Data        8192  fftana.o(.sram_d1)
    [Anonymous Symbol]                       0x2400401c   Section        0  fftana.o(.sram_d1)
    get_max_3.max_3                          0x2400601c   Data           6  fftana.o(.sram_d1)
    .L_MergedGlobals                         0x24006028   Data          44  main.o(.bss..L_MergedGlobals)
    [Anonymous Symbol]                       0x24006028   Section        0  main.o(.bss..L_MergedGlobals)
    HEAP                                     0x24014458   Section      512  startup_stm32h743xx.o(HEAP)
    STACK                                    0x24014658   Section     1024  startup_stm32h743xx.o(STACK)

    Global Symbols

    Symbol Name                              Value     Ov Type        Size  Object(Section)

    BuildAttributes$$THM_ISAv4$E$P$D$K$B$S$7EM$VFPv5_D16$PE$PLD8$A:L22UL41UL21$X:L11$S22US41US21$IEEE1$IW$~IW$USESV6$~STKCKD$USESV7$~SHL$OTIME$ROPI$IEEEX$EBA8$MICROLIB$REQ8$PRES8$EABIv2 0x00000000   Number         0  anon$$obj.o ABSOLUTE
    _printf_a                                0x00000000   Number         0  printfstubs.o ABSOLUTE
    _printf_c                                0x00000000   Number         0  printfstubs.o ABSOLUTE
    _printf_charcount                        0x00000000   Number         0  printfstubs.o ABSOLUTE
    _printf_d                                0x00000000   Number         0  printfstubs.o ABSOLUTE
    _printf_e                                0x00000000   Number         0  printfstubs.o ABSOLUTE
    _printf_f                                0x00000000   Number         0  printfstubs.o ABSOLUTE
    _printf_flags                            0x00000000   Number         0  printfstubs.o ABSOLUTE
    _printf_fp_dec                           0x00000000   Number         0  printfstubs.o ABSOLUTE
    _printf_fp_hex                           0x00000000   Number         0  printfstubs.o ABSOLUTE
    _printf_g                                0x00000000   Number         0  printfstubs.o ABSOLUTE
    _printf_i                                0x00000000   Number         0  printfstubs.o ABSOLUTE
    _printf_int_dec                          0x00000000   Number         0  printfstubs.o ABSOLUTE
    _printf_l                                0x00000000   Number         0  printfstubs.o ABSOLUTE
    _printf_lc                               0x00000000   Number         0  printfstubs.o ABSOLUTE
    _printf_ll                               0x00000000   Number         0  printfstubs.o ABSOLUTE
    _printf_lld                              0x00000000   Number         0  printfstubs.o ABSOLUTE
    _printf_lli                              0x00000000   Number         0  printfstubs.o ABSOLUTE
    _printf_llo                              0x00000000   Number         0  printfstubs.o ABSOLUTE
    _printf_llu                              0x00000000   Number         0  printfstubs.o ABSOLUTE
    _printf_llx                              0x00000000   Number         0  printfstubs.o ABSOLUTE
    _printf_longlong_dec                     0x00000000   Number         0  printfstubs.o ABSOLUTE
    _printf_longlong_hex                     0x00000000   Number         0  printfstubs.o ABSOLUTE
    _printf_longlong_oct                     0x00000000   Number         0  printfstubs.o ABSOLUTE
    _printf_ls                               0x00000000   Number         0  printfstubs.o ABSOLUTE
    _printf_mbtowc                           0x00000000   Number         0  printfstubs.o ABSOLUTE
    _printf_n                                0x00000000   Number         0  printfstubs.o ABSOLUTE
    _printf_o                                0x00000000   Number         0  printfstubs.o ABSOLUTE
    _printf_p                                0x00000000   Number         0  printfstubs.o ABSOLUTE
    _printf_percent                          0x00000000   Number         0  printfstubs.o ABSOLUTE
    _printf_pre_padding                      0x00000000   Number         0  printfstubs.o ABSOLUTE
    _printf_return_value                     0x00000000   Number         0  printfstubs.o ABSOLUTE
    _printf_s                                0x00000000   Number         0  printfstubs.o ABSOLUTE
    _printf_sizespec                         0x00000000   Number         0  printfstubs.o ABSOLUTE
    _printf_str                              0x00000000   Number         0  printfstubs.o ABSOLUTE
    _printf_truncate_signed                  0x00000000   Number         0  printfstubs.o ABSOLUTE
    _printf_truncate_unsigned                0x00000000   Number         0  printfstubs.o ABSOLUTE
    _printf_u                                0x00000000   Number         0  printfstubs.o ABSOLUTE
    _printf_wc                               0x00000000   Number         0  printfstubs.o ABSOLUTE
    _printf_wctomb                           0x00000000   Number         0  printfstubs.o ABSOLUTE
    _printf_widthprec                        0x00000000   Number         0  printfstubs.o ABSOLUTE
    _printf_x                                0x00000000   Number         0  printfstubs.o ABSOLUTE
    __cpp_initialize__aeabi_                  - Undefined Weak Reference
    __cxa_finalize                            - Undefined Weak Reference
    _clock_init                               - Undefined Weak Reference
    _microlib_exit                            - Undefined Weak Reference
    __Vectors_Size                           0x00000298   Number         0  startup_stm32h743xx.o ABSOLUTE
    __Vectors                                0x08000000   Data           4  startup_stm32h743xx.o(RESET)
    __Vectors_End                            0x08000298   Data           0  startup_stm32h743xx.o(RESET)
    __main                                   0x08000299   Thumb Code     0  entry.o(.ARM.Collect$$$$00000000)
    _main_stk                                0x08000299   Thumb Code     0  entry2.o(.ARM.Collect$$$$00000001)
    _main_scatterload                        0x0800029d   Thumb Code     0  entry5.o(.ARM.Collect$$$$00000004)
    __main_after_scatterload                 0x080002a1   Thumb Code     0  entry5.o(.ARM.Collect$$$$00000004)
    _main_clock                              0x080002a1   Thumb Code     0  entry7b.o(.ARM.Collect$$$$00000008)
    _main_cpp_init                           0x080002a1   Thumb Code     0  entry8b.o(.ARM.Collect$$$$0000000A)
    _main_init                               0x080002a1   Thumb Code     0  entry9a.o(.ARM.Collect$$$$0000000B)
    __rt_final_cpp                           0x080002a9   Thumb Code     0  entry10a.o(.ARM.Collect$$$$0000000D)
    __rt_final_exit                          0x080002a9   Thumb Code     0  entry11a.o(.ARM.Collect$$$$0000000F)
    Reset_Handler                            0x080002ad   Thumb Code    12  startup_stm32h743xx.o(.text)
    ADC3_IRQHandler                          0x080002cb   Thumb Code     0  startup_stm32h743xx.o(.text)
    ADC_IRQHandler                           0x080002cb   Thumb Code     0  startup_stm32h743xx.o(.text)
    BDMA_Channel0_IRQHandler                 0x080002cb   Thumb Code     0  startup_stm32h743xx.o(.text)
    BDMA_Channel1_IRQHandler                 0x080002cb   Thumb Code     0  startup_stm32h743xx.o(.text)
    BDMA_Channel2_IRQHandler                 0x080002cb   Thumb Code     0  startup_stm32h743xx.o(.text)
    BDMA_Channel3_IRQHandler                 0x080002cb   Thumb Code     0  startup_stm32h743xx.o(.text)
    BDMA_Channel4_IRQHandler                 0x080002cb   Thumb Code     0  startup_stm32h743xx.o(.text)
    BDMA_Channel5_IRQHandler                 0x080002cb   Thumb Code     0  startup_stm32h743xx.o(.text)
    BDMA_Channel6_IRQHandler                 0x080002cb   Thumb Code     0  startup_stm32h743xx.o(.text)
    BDMA_Channel7_IRQHandler                 0x080002cb   Thumb Code     0  startup_stm32h743xx.o(.text)
    CEC_IRQHandler                           0x080002cb   Thumb Code     0  startup_stm32h743xx.o(.text)
    COMP1_IRQHandler                         0x080002cb   Thumb Code     0  startup_stm32h743xx.o(.text)
    CRS_IRQHandler                           0x080002cb   Thumb Code     0  startup_stm32h743xx.o(.text)
    DCMI_IRQHandler                          0x080002cb   Thumb Code     0  startup_stm32h743xx.o(.text)
    DFSDM1_FLT0_IRQHandler                   0x080002cb   Thumb Code     0  startup_stm32h743xx.o(.text)
    DFSDM1_FLT1_IRQHandler                   0x080002cb   Thumb Code     0  startup_stm32h743xx.o(.text)
    DFSDM1_FLT2_IRQHandler                   0x080002cb   Thumb Code     0  startup_stm32h743xx.o(.text)
    DFSDM1_FLT3_IRQHandler                   0x080002cb   Thumb Code     0  startup_stm32h743xx.o(.text)
    DMA1_Stream1_IRQHandler                  0x080002cb   Thumb Code     0  startup_stm32h743xx.o(.text)
    DMA1_Stream2_IRQHandler                  0x080002cb   Thumb Code     0  startup_stm32h743xx.o(.text)
    DMA1_Stream3_IRQHandler                  0x080002cb   Thumb Code     0  startup_stm32h743xx.o(.text)
    DMA1_Stream4_IRQHandler                  0x080002cb   Thumb Code     0  startup_stm32h743xx.o(.text)
    DMA1_Stream5_IRQHandler                  0x080002cb   Thumb Code     0  startup_stm32h743xx.o(.text)
    DMA1_Stream6_IRQHandler                  0x080002cb   Thumb Code     0  startup_stm32h743xx.o(.text)
    DMA1_Stream7_IRQHandler                  0x080002cb   Thumb Code     0  startup_stm32h743xx.o(.text)
    DMA2D_IRQHandler                         0x080002cb   Thumb Code     0  startup_stm32h743xx.o(.text)
    DMA2_Stream0_IRQHandler                  0x080002cb   Thumb Code     0  startup_stm32h743xx.o(.text)
    DMA2_Stream1_IRQHandler                  0x080002cb   Thumb Code     0  startup_stm32h743xx.o(.text)
    DMA2_Stream2_IRQHandler                  0x080002cb   Thumb Code     0  startup_stm32h743xx.o(.text)
    DMA2_Stream3_IRQHandler                  0x080002cb   Thumb Code     0  startup_stm32h743xx.o(.text)
    DMA2_Stream4_IRQHandler                  0x080002cb   Thumb Code     0  startup_stm32h743xx.o(.text)
    DMA2_Stream5_IRQHandler                  0x080002cb   Thumb Code     0  startup_stm32h743xx.o(.text)
    DMA2_Stream6_IRQHandler                  0x080002cb   Thumb Code     0  startup_stm32h743xx.o(.text)
    DMA2_Stream7_IRQHandler                  0x080002cb   Thumb Code     0  startup_stm32h743xx.o(.text)
    DMAMUX1_OVR_IRQHandler                   0x080002cb   Thumb Code     0  startup_stm32h743xx.o(.text)
    DMAMUX2_OVR_IRQHandler                   0x080002cb   Thumb Code     0  startup_stm32h743xx.o(.text)
    ECC_IRQHandler                           0x080002cb   Thumb Code     0  startup_stm32h743xx.o(.text)
    ETH_IRQHandler                           0x080002cb   Thumb Code     0  startup_stm32h743xx.o(.text)
    ETH_WKUP_IRQHandler                      0x080002cb   Thumb Code     0  startup_stm32h743xx.o(.text)
    EXTI0_IRQHandler                         0x080002cb   Thumb Code     0  startup_stm32h743xx.o(.text)
    EXTI15_10_IRQHandler                     0x080002cb   Thumb Code     0  startup_stm32h743xx.o(.text)
    EXTI1_IRQHandler                         0x080002cb   Thumb Code     0  startup_stm32h743xx.o(.text)
    EXTI2_IRQHandler                         0x080002cb   Thumb Code     0  startup_stm32h743xx.o(.text)
    EXTI3_IRQHandler                         0x080002cb   Thumb Code     0  startup_stm32h743xx.o(.text)
    EXTI4_IRQHandler                         0x080002cb   Thumb Code     0  startup_stm32h743xx.o(.text)
    EXTI9_5_IRQHandler                       0x080002cb   Thumb Code     0  startup_stm32h743xx.o(.text)
    FDCAN1_IT0_IRQHandler                    0x080002cb   Thumb Code     0  startup_stm32h743xx.o(.text)
    FDCAN1_IT1_IRQHandler                    0x080002cb   Thumb Code     0  startup_stm32h743xx.o(.text)
    FDCAN2_IT0_IRQHandler                    0x080002cb   Thumb Code     0  startup_stm32h743xx.o(.text)
    FDCAN2_IT1_IRQHandler                    0x080002cb   Thumb Code     0  startup_stm32h743xx.o(.text)
    FDCAN_CAL_IRQHandler                     0x080002cb   Thumb Code     0  startup_stm32h743xx.o(.text)
    FLASH_IRQHandler                         0x080002cb   Thumb Code     0  startup_stm32h743xx.o(.text)
    FMC_IRQHandler                           0x080002cb   Thumb Code     0  startup_stm32h743xx.o(.text)
    FPU_IRQHandler                           0x080002cb   Thumb Code     0  startup_stm32h743xx.o(.text)
    HRTIM1_FLT_IRQHandler                    0x080002cb   Thumb Code     0  startup_stm32h743xx.o(.text)
    HRTIM1_Master_IRQHandler                 0x080002cb   Thumb Code     0  startup_stm32h743xx.o(.text)
    HRTIM1_TIMA_IRQHandler                   0x080002cb   Thumb Code     0  startup_stm32h743xx.o(.text)
    HRTIM1_TIMB_IRQHandler                   0x080002cb   Thumb Code     0  startup_stm32h743xx.o(.text)
    HRTIM1_TIMC_IRQHandler                   0x080002cb   Thumb Code     0  startup_stm32h743xx.o(.text)
    HRTIM1_TIMD_IRQHandler                   0x080002cb   Thumb Code     0  startup_stm32h743xx.o(.text)
    HRTIM1_TIME_IRQHandler                   0x080002cb   Thumb Code     0  startup_stm32h743xx.o(.text)
    HSEM1_IRQHandler                         0x080002cb   Thumb Code     0  startup_stm32h743xx.o(.text)
    I2C1_ER_IRQHandler                       0x080002cb   Thumb Code     0  startup_stm32h743xx.o(.text)
    I2C1_EV_IRQHandler                       0x080002cb   Thumb Code     0  startup_stm32h743xx.o(.text)
    I2C2_ER_IRQHandler                       0x080002cb   Thumb Code     0  startup_stm32h743xx.o(.text)
    I2C2_EV_IRQHandler                       0x080002cb   Thumb Code     0  startup_stm32h743xx.o(.text)
    I2C3_ER_IRQHandler                       0x080002cb   Thumb Code     0  startup_stm32h743xx.o(.text)
    I2C3_EV_IRQHandler                       0x080002cb   Thumb Code     0  startup_stm32h743xx.o(.text)
    I2C4_ER_IRQHandler                       0x080002cb   Thumb Code     0  startup_stm32h743xx.o(.text)
    I2C4_EV_IRQHandler                       0x080002cb   Thumb Code     0  startup_stm32h743xx.o(.text)
    JPEG_IRQHandler                          0x080002cb   Thumb Code     0  startup_stm32h743xx.o(.text)
    LPTIM1_IRQHandler                        0x080002cb   Thumb Code     0  startup_stm32h743xx.o(.text)
    LPTIM2_IRQHandler                        0x080002cb   Thumb Code     0  startup_stm32h743xx.o(.text)
    LPTIM3_IRQHandler                        0x080002cb   Thumb Code     0  startup_stm32h743xx.o(.text)
    LPTIM4_IRQHandler                        0x080002cb   Thumb Code     0  startup_stm32h743xx.o(.text)
    LPTIM5_IRQHandler                        0x080002cb   Thumb Code     0  startup_stm32h743xx.o(.text)
    LPUART1_IRQHandler                       0x080002cb   Thumb Code     0  startup_stm32h743xx.o(.text)
    LTDC_ER_IRQHandler                       0x080002cb   Thumb Code     0  startup_stm32h743xx.o(.text)
    LTDC_IRQHandler                          0x080002cb   Thumb Code     0  startup_stm32h743xx.o(.text)
    MDIOS_IRQHandler                         0x080002cb   Thumb Code     0  startup_stm32h743xx.o(.text)
    MDIOS_WKUP_IRQHandler                    0x080002cb   Thumb Code     0  startup_stm32h743xx.o(.text)
    MDMA_IRQHandler                          0x080002cb   Thumb Code     0  startup_stm32h743xx.o(.text)
    OTG_FS_EP1_IN_IRQHandler                 0x080002cb   Thumb Code     0  startup_stm32h743xx.o(.text)
    OTG_FS_EP1_OUT_IRQHandler                0x080002cb   Thumb Code     0  startup_stm32h743xx.o(.text)
    OTG_FS_IRQHandler                        0x080002cb   Thumb Code     0  startup_stm32h743xx.o(.text)
    OTG_FS_WKUP_IRQHandler                   0x080002cb   Thumb Code     0  startup_stm32h743xx.o(.text)
    OTG_HS_EP1_IN_IRQHandler                 0x080002cb   Thumb Code     0  startup_stm32h743xx.o(.text)
    OTG_HS_EP1_OUT_IRQHandler                0x080002cb   Thumb Code     0  startup_stm32h743xx.o(.text)
    OTG_HS_IRQHandler                        0x080002cb   Thumb Code     0  startup_stm32h743xx.o(.text)
    OTG_HS_WKUP_IRQHandler                   0x080002cb   Thumb Code     0  startup_stm32h743xx.o(.text)
    PVD_AVD_IRQHandler                       0x080002cb   Thumb Code     0  startup_stm32h743xx.o(.text)
    QUADSPI_IRQHandler                       0x080002cb   Thumb Code     0  startup_stm32h743xx.o(.text)
    RCC_IRQHandler                           0x080002cb   Thumb Code     0  startup_stm32h743xx.o(.text)
    RNG_IRQHandler                           0x080002cb   Thumb Code     0  startup_stm32h743xx.o(.text)
    RTC_Alarm_IRQHandler                     0x080002cb   Thumb Code     0  startup_stm32h743xx.o(.text)
    RTC_WKUP_IRQHandler                      0x080002cb   Thumb Code     0  startup_stm32h743xx.o(.text)
    SAI1_IRQHandler                          0x080002cb   Thumb Code     0  startup_stm32h743xx.o(.text)
    SAI2_IRQHandler                          0x080002cb   Thumb Code     0  startup_stm32h743xx.o(.text)
    SAI3_IRQHandler                          0x080002cb   Thumb Code     0  startup_stm32h743xx.o(.text)
    SAI4_IRQHandler                          0x080002cb   Thumb Code     0  startup_stm32h743xx.o(.text)
    SDMMC1_IRQHandler                        0x080002cb   Thumb Code     0  startup_stm32h743xx.o(.text)
    SDMMC2_IRQHandler                        0x080002cb   Thumb Code     0  startup_stm32h743xx.o(.text)
    SPDIF_RX_IRQHandler                      0x080002cb   Thumb Code     0  startup_stm32h743xx.o(.text)
    SPI1_IRQHandler                          0x080002cb   Thumb Code     0  startup_stm32h743xx.o(.text)
    SPI2_IRQHandler                          0x080002cb   Thumb Code     0  startup_stm32h743xx.o(.text)
    SPI3_IRQHandler                          0x080002cb   Thumb Code     0  startup_stm32h743xx.o(.text)
    SPI4_IRQHandler                          0x080002cb   Thumb Code     0  startup_stm32h743xx.o(.text)
    SPI5_IRQHandler                          0x080002cb   Thumb Code     0  startup_stm32h743xx.o(.text)
    SPI6_IRQHandler                          0x080002cb   Thumb Code     0  startup_stm32h743xx.o(.text)
    SWPMI1_IRQHandler                        0x080002cb   Thumb Code     0  startup_stm32h743xx.o(.text)
    TAMP_STAMP_IRQHandler                    0x080002cb   Thumb Code     0  startup_stm32h743xx.o(.text)
    TIM15_IRQHandler                         0x080002cb   Thumb Code     0  startup_stm32h743xx.o(.text)
    TIM16_IRQHandler                         0x080002cb   Thumb Code     0  startup_stm32h743xx.o(.text)
    TIM17_IRQHandler                         0x080002cb   Thumb Code     0  startup_stm32h743xx.o(.text)
    TIM1_BRK_IRQHandler                      0x080002cb   Thumb Code     0  startup_stm32h743xx.o(.text)
    TIM1_CC_IRQHandler                       0x080002cb   Thumb Code     0  startup_stm32h743xx.o(.text)
    TIM1_TRG_COM_IRQHandler                  0x080002cb   Thumb Code     0  startup_stm32h743xx.o(.text)
    TIM1_UP_IRQHandler                       0x080002cb   Thumb Code     0  startup_stm32h743xx.o(.text)
    TIM2_IRQHandler                          0x080002cb   Thumb Code     0  startup_stm32h743xx.o(.text)
    TIM3_IRQHandler                          0x080002cb   Thumb Code     0  startup_stm32h743xx.o(.text)
    TIM4_IRQHandler                          0x080002cb   Thumb Code     0  startup_stm32h743xx.o(.text)
    TIM5_IRQHandler                          0x080002cb   Thumb Code     0  startup_stm32h743xx.o(.text)
    TIM6_DAC_IRQHandler                      0x080002cb   Thumb Code     0  startup_stm32h743xx.o(.text)
    TIM7_IRQHandler                          0x080002cb   Thumb Code     0  startup_stm32h743xx.o(.text)
    TIM8_BRK_TIM12_IRQHandler                0x080002cb   Thumb Code     0  startup_stm32h743xx.o(.text)
    TIM8_CC_IRQHandler                       0x080002cb   Thumb Code     0  startup_stm32h743xx.o(.text)
    TIM8_TRG_COM_TIM14_IRQHandler            0x080002cb   Thumb Code     0  startup_stm32h743xx.o(.text)
    TIM8_UP_TIM13_IRQHandler                 0x080002cb   Thumb Code     0  startup_stm32h743xx.o(.text)
    UART4_IRQHandler                         0x080002cb   Thumb Code     0  startup_stm32h743xx.o(.text)
    UART5_IRQHandler                         0x080002cb   Thumb Code     0  startup_stm32h743xx.o(.text)
    UART7_IRQHandler                         0x080002cb   Thumb Code     0  startup_stm32h743xx.o(.text)
    UART8_IRQHandler                         0x080002cb   Thumb Code     0  startup_stm32h743xx.o(.text)
    USART1_IRQHandler                        0x080002cb   Thumb Code     0  startup_stm32h743xx.o(.text)
    USART2_IRQHandler                        0x080002cb   Thumb Code     0  startup_stm32h743xx.o(.text)
    USART6_IRQHandler                        0x080002cb   Thumb Code     0  startup_stm32h743xx.o(.text)
    WAKEUP_PIN_IRQHandler                    0x080002cb   Thumb Code     0  startup_stm32h743xx.o(.text)
    WWDG_IRQHandler                          0x080002cb   Thumb Code     0  startup_stm32h743xx.o(.text)
    __aeabi_uldivmod                         0x080002d9   Thumb Code    98  uldiv.o(.text)
    __aeabi_memset                           0x0800033b   Thumb Code    14  memseta.o(.text)
    __aeabi_memset4                          0x0800033b   Thumb Code     0  memseta.o(.text)
    __aeabi_memset8                          0x0800033b   Thumb Code     0  memseta.o(.text)
    __aeabi_memclr                           0x08000349   Thumb Code     4  memseta.o(.text)
    __aeabi_memclr4                          0x08000349   Thumb Code     0  memseta.o(.text)
    __aeabi_memclr8                          0x08000349   Thumb Code     0  memseta.o(.text)
    _memset$wrapper                          0x0800034d   Thumb Code    18  memseta.o(.text)
    __aeabi_ul2f                             0x0800035f   Thumb Code    28  ffltul.o(.text)
    __aeabi_uidiv                            0x0800037b   Thumb Code     0  uidiv.o(.text)
    __aeabi_uidivmod                         0x0800037b   Thumb Code    44  uidiv.o(.text)
    __aeabi_llsl                             0x080003a7   Thumb Code    30  llshl.o(.text)
    _ll_shift_l                              0x080003a7   Thumb Code     0  llshl.o(.text)
    __aeabi_llsr                             0x080003c5   Thumb Code    32  llushr.o(.text)
    _ll_ushift_r                             0x080003c5   Thumb Code     0  llushr.o(.text)
    __I$use$fp                               0x080003e5   Thumb Code     0  iusefp.o(.text)
    _float_round                             0x080003e5   Thumb Code    18  fepilogue.o(.text)
    _float_epilogue                          0x080003f7   Thumb Code    92  fepilogue.o(.text)
    __aeabi_dadd                             0x08000453   Thumb Code   322  dadd.o(.text)
    __aeabi_dsub                             0x08000595   Thumb Code     6  dadd.o(.text)
    __aeabi_drsub                            0x0800059b   Thumb Code     6  dadd.o(.text)
    __aeabi_dmul                             0x080005a1   Thumb Code   228  dmul.o(.text)
    __aeabi_ddiv                             0x08000685   Thumb Code   222  ddiv.o(.text)
    __aeabi_d2ulz                            0x08000763   Thumb Code    48  dfixul.o(.text)
    __aeabi_cdrcmple                         0x08000795   Thumb Code    48  cdrcmple.o(.text)
    __scatterload                            0x080007c5   Thumb Code    28  init.o(.text)
    __scatterload_rt2                        0x080007c5   Thumb Code     0  init.o(.text)
    __aeabi_lasr                             0x080007e9   Thumb Code    36  llsshr.o(.text)
    _ll_sshift_r                             0x080007e9   Thumb Code     0  llsshr.o(.text)
    _double_round                            0x0800080d   Thumb Code    30  depilogue.o(.text)
    _double_epilogue                         0x0800082b   Thumb Code   156  depilogue.o(.text)
    __decompress                             0x080008c7   Thumb Code     0  __dczerorl.o(.text)
    __decompress0                            0x080008c7   Thumb Code    58  __dczerorl.o(.text)
    ADC_ConfigureBoostMode                   0x08000901   Thumb Code   300  stm32h7xx_hal_adc.o(.text.ADC_ConfigureBoostMode)
    ADC_ConversionStop                       0x08000a31   Thumb Code   244  stm32h7xx_hal_adc.o(.text.ADC_ConversionStop)
    ADC_DMAConvCplt                          0x08000b29   Thumb Code    94  stm32h7xx_hal_adc.o(.text.ADC_DMAConvCplt)
    ADC_DMAError                             0x08000b89   Thumb Code    22  stm32h7xx_hal_adc.o(.text.ADC_DMAError)
    ADC_DMAHalfConvCplt                      0x08000ba1   Thumb Code     6  stm32h7xx_hal_adc.o(.text.ADC_DMAHalfConvCplt)
    ADC_Enable                               0x08000ba9   Thumb Code   186  stm32h7xx_hal_adc.o(.text.ADC_Enable)
    BusFault_Handler                         0x08000c69   Thumb Code     2  stm32h7xx_it.o(.text.BusFault_Handler)
    DMA1_Stream0_IRQHandler                  0x08000c71   Thumb Code    12  stm32h7xx_it.o(.text.DMA1_Stream0_IRQHandler)
    DebugMon_Handler                         0x080010b9   Thumb Code     2  stm32h7xx_it.o(.text.DebugMon_Handler)
    Error_Handler                            0x080010c1   Thumb Code    10  main.o(.text.Error_Handler)
    ExitRun0Mode                             0x080010d1   Thumb Code    44  system_stm32h7xx.o(.text.ExitRun0Mode)
    FFT_Task                                 0x08001101   Thumb Code   248  main.o(.text.FFT_Task)
    Find_Vpp                                 0x08001209   Thumb Code   556  fftana.o(.text.Find_Vpp)
    Freq_mode_choose                         0x08001439   Thumb Code   392  get_freq.o(.text.Freq_mode_choose)
    Get_Wave_Infor                           0x080015c1   Thumb Code    48  get_freq.o(.text.Get_Wave_Infor)
    HAL_ADCEx_MultiModeConfigChannel         0x080015f1   Thumb Code   184  stm32h7xx_hal_adc_ex.o(.text.HAL_ADCEx_MultiModeConfigChannel)
    HAL_ADC_ConfigChannel                    0x080016a9   Thumb Code  1244  stm32h7xx_hal_adc.o(.text.HAL_ADC_ConfigChannel)
    HAL_ADC_ConvCpltCallback                 0x08001b89   Thumb Code     2  stm32h7xx_hal_adc.o(.text.HAL_ADC_ConvCpltCallback)
    HAL_ADC_ConvHalfCpltCallback             0x08001b91   Thumb Code     2  stm32h7xx_hal_adc.o(.text.HAL_ADC_ConvHalfCpltCallback)
    HAL_ADC_ErrorCallback                    0x08001b99   Thumb Code     2  stm32h7xx_hal_adc.o(.text.HAL_ADC_ErrorCallback)
    HAL_ADC_Init                             0x08001ba1   Thumb Code   626  stm32h7xx_hal_adc.o(.text.HAL_ADC_Init)
    HAL_ADC_MspInit                          0x08001e19   Thumb Code   226  adc.o(.text.HAL_ADC_MspInit)
    HAL_ADC_Start_DMA                        0x08001f01   Thumb Code   286  stm32h7xx_hal_adc.o(.text.HAL_ADC_Start_DMA)
    HAL_ADC_Stop_DMA                         0x08002021   Thumb Code   336  stm32h7xx_hal_adc.o(.text.HAL_ADC_Stop_DMA)
    HAL_DMA_Abort                            0x08002171   Thumb Code  1326  stm32h7xx_hal_dma.o(.text.HAL_DMA_Abort)
    HAL_DMA_Abort_IT                         0x080026a1   Thumb Code   698  stm32h7xx_hal_dma.o(.text.HAL_DMA_Abort_IT)
    HAL_DMA_IRQHandler                       0x08002961   Thumb Code  2096  stm32h7xx_hal_dma.o(.text.HAL_DMA_IRQHandler)
    HAL_DMA_Init                             0x08003191   Thumb Code  1674  stm32h7xx_hal_dma.o(.text.HAL_DMA_Init)
    HAL_DMA_Start_IT                         0x08003821   Thumb Code   930  stm32h7xx_hal_dma.o(.text.HAL_DMA_Start_IT)
    HAL_Delay                                0x08003bc9   Thumb Code    40  stm32h7xx_hal.o(.text.HAL_Delay)
    HAL_GPIO_Init                            0x08003bf1   Thumb Code   486  stm32h7xx_hal_gpio.o(.text.HAL_GPIO_Init)
    HAL_GPIO_WritePin                        0x08003dd9   Thumb Code    10  stm32h7xx_hal_gpio.o(.text.HAL_GPIO_WritePin)
    HAL_GetREVID                             0x08003de9   Thumb Code    14  stm32h7xx_hal.o(.text.HAL_GetREVID)
    HAL_GetTick                              0x08003df9   Thumb Code    12  stm32h7xx_hal.o(.text.HAL_GetTick)
    HAL_IncTick                              0x08003e09   Thumb Code    26  stm32h7xx_hal.o(.text.HAL_IncTick)
    HAL_Init                                 0x08003e29   Thumb Code   100  stm32h7xx_hal.o(.text.HAL_Init)
    HAL_InitTick                             0x08003e91   Thumb Code    76  stm32h7xx_hal.o(.text.HAL_InitTick)
    HAL_MPU_ConfigRegion                     0x08003ee1   Thumb Code    94  stm32h7xx_hal_cortex.o(.text.HAL_MPU_ConfigRegion)
    HAL_MPU_Disable                          0x08003f41   Thumb Code    26  stm32h7xx_hal_cortex.o(.text.HAL_MPU_Disable)
    HAL_MPU_Enable                           0x08003f61   Thumb Code    32  stm32h7xx_hal_cortex.o(.text.HAL_MPU_Enable)
    HAL_MspInit                              0x08003f81   Thumb Code    32  stm32h7xx_hal_msp.o(.text.HAL_MspInit)
    HAL_NVIC_ClearPendingIRQ                 0x08003fa1   Thumb Code    32  stm32h7xx_hal_cortex.o(.text.HAL_NVIC_ClearPendingIRQ)
    HAL_NVIC_DisableIRQ                      0x08003fc1   Thumb Code    40  stm32h7xx_hal_cortex.o(.text.HAL_NVIC_DisableIRQ)
    HAL_NVIC_EnableIRQ                       0x08003fe9   Thumb Code    32  stm32h7xx_hal_cortex.o(.text.HAL_NVIC_EnableIRQ)
    HAL_NVIC_SetPriority                     0x08004009   Thumb Code    92  stm32h7xx_hal_cortex.o(.text.HAL_NVIC_SetPriority)
    HAL_NVIC_SetPriorityGrouping             0x08004069   Thumb Code    32  stm32h7xx_hal_cortex.o(.text.HAL_NVIC_SetPriorityGrouping)
    HAL_PWREx_ConfigSupply                   0x08004089   Thumb Code    76  stm32h7xx_hal_pwr_ex.o(.text.HAL_PWREx_ConfigSupply)
    HAL_RCCEx_GetD3PCLK1Freq                 0x080040d9   Thumb Code    38  stm32h7xx_hal_rcc_ex.o(.text.HAL_RCCEx_GetD3PCLK1Freq)
    HAL_RCCEx_GetPLL1ClockFreq               0x08004101   Thumb Code   304  stm32h7xx_hal_rcc_ex.o(.text.HAL_RCCEx_GetPLL1ClockFreq)
    HAL_RCCEx_GetPLL2ClockFreq               0x08004231   Thumb Code   300  stm32h7xx_hal_rcc_ex.o(.text.HAL_RCCEx_GetPLL2ClockFreq)
    HAL_RCCEx_GetPLL3ClockFreq               0x08004361   Thumb Code   300  stm32h7xx_hal_rcc_ex.o(.text.HAL_RCCEx_GetPLL3ClockFreq)
    HAL_RCCEx_GetPeriphCLKFreq               0x08004491   Thumb Code  1106  stm32h7xx_hal_rcc_ex.o(.text.HAL_RCCEx_GetPeriphCLKFreq)
    HAL_RCCEx_PeriphCLKConfig                0x080048e9   Thumb Code  2876  stm32h7xx_hal_rcc_ex.o(.text.HAL_RCCEx_PeriphCLKConfig)
    HAL_RCC_ClockConfig                      0x08005429   Thumb Code   616  stm32h7xx_hal_rcc.o(.text.HAL_RCC_ClockConfig)
    HAL_RCC_GetHCLKFreq                      0x08005691   Thumb Code    76  stm32h7xx_hal_rcc.o(.text.HAL_RCC_GetHCLKFreq)
    HAL_RCC_GetPCLK1Freq                     0x080056e1   Thumb Code    96  stm32h7xx_hal_rcc.o(.text.HAL_RCC_GetPCLK1Freq)
    HAL_RCC_GetPCLK2Freq                     0x08005741   Thumb Code    96  stm32h7xx_hal_rcc.o(.text.HAL_RCC_GetPCLK2Freq)
    HAL_RCC_GetSysClockFreq                  0x080057a1   Thumb Code   276  stm32h7xx_hal_rcc.o(.text.HAL_RCC_GetSysClockFreq)
    HAL_RCC_OscConfig                        0x080058b9   Thumb Code  1376  stm32h7xx_hal_rcc.o(.text.HAL_RCC_OscConfig)
    HAL_SYSTICK_Config                       0x08005e19   Thumb Code    46  stm32h7xx_hal_cortex.o(.text.HAL_SYSTICK_Config)
    HAL_TIMEx_MasterConfigSynchronization    0x08005e49   Thumb Code   202  stm32h7xx_hal_tim_ex.o(.text.HAL_TIMEx_MasterConfigSynchronization)
    HAL_TIM_Base_Init                        0x08005f19   Thumb Code    96  stm32h7xx_hal_tim.o(.text.HAL_TIM_Base_Init)
    HAL_TIM_Base_MspInit                     0x08005f79   Thumb Code   138  tim.o(.text.HAL_TIM_Base_MspInit)
    HAL_TIM_Base_Start                       0x08006009   Thumb Code   172  stm32h7xx_hal_tim.o(.text.HAL_TIM_Base_Start)
    HAL_TIM_Base_Start_IT                    0x080060b9   Thumb Code   180  stm32h7xx_hal_tim.o(.text.HAL_TIM_Base_Start_IT)
    HAL_TIM_Base_Stop                        0x08006171   Thumb Code    52  stm32h7xx_hal_tim.o(.text.HAL_TIM_Base_Stop)
    HAL_TIM_ConfigClockSource                0x080061a9   Thumb Code   508  stm32h7xx_hal_tim.o(.text.HAL_TIM_ConfigClockSource)
    HAL_TIM_IC_ConfigChannel                 0x080063a9   Thumb Code   458  stm32h7xx_hal_tim.o(.text.HAL_TIM_IC_ConfigChannel)
    HAL_TIM_IC_Init                          0x08006579   Thumb Code    96  stm32h7xx_hal_tim.o(.text.HAL_TIM_IC_Init)
    HAL_TIM_IC_MspInit                       0x080065d9   Thumb Code     2  stm32h7xx_hal_tim.o(.text.HAL_TIM_IC_MspInit)
    HAL_TIM_IC_Start                         0x080065e1   Thumb Code   462  stm32h7xx_hal_tim.o(.text.HAL_TIM_IC_Start)
    HAL_TIM_IC_Stop                          0x080067b1   Thumb Code   192  stm32h7xx_hal_tim.o(.text.HAL_TIM_IC_Stop)
    HAL_TIM_ReadCapturedValue                0x08006871   Thumb Code    52  stm32h7xx_hal_tim.o(.text.HAL_TIM_ReadCapturedValue)
    HAL_TIM_SlaveConfigSynchro               0x080068a9   Thumb Code    88  stm32h7xx_hal_tim.o(.text.HAL_TIM_SlaveConfigSynchro)
    HAL_UARTEx_DisableFifoMode               0x08006901   Thumb Code    54  stm32h7xx_hal_uart_ex.o(.text.HAL_UARTEx_DisableFifoMode)
    HAL_UARTEx_ReceiveToIdle_IT              0x08006939   Thumb Code   166  stm32h7xx_hal_uart_ex.o(.text.HAL_UARTEx_ReceiveToIdle_IT)
    HAL_UARTEx_RxEventCallback               0x080069e1   Thumb Code     2  stm32h7xx_hal_uart.o(.text.HAL_UARTEx_RxEventCallback)
    HAL_UARTEx_RxFifoFullCallback            0x080069e9   Thumb Code     2  stm32h7xx_hal_uart_ex.o(.text.HAL_UARTEx_RxFifoFullCallback)
    HAL_UARTEx_SetRxFifoThreshold            0x080069f1   Thumb Code   144  stm32h7xx_hal_uart_ex.o(.text.HAL_UARTEx_SetRxFifoThreshold)
    HAL_UARTEx_SetTxFifoThreshold            0x08006a81   Thumb Code   144  stm32h7xx_hal_uart_ex.o(.text.HAL_UARTEx_SetTxFifoThreshold)
    HAL_UARTEx_TxFifoEmptyCallback           0x08006b11   Thumb Code     2  stm32h7xx_hal_uart_ex.o(.text.HAL_UARTEx_TxFifoEmptyCallback)
    HAL_UARTEx_WakeupCallback                0x08006b19   Thumb Code     2  stm32h7xx_hal_uart_ex.o(.text.HAL_UARTEx_WakeupCallback)
    HAL_UART_ErrorCallback                   0x08006b21   Thumb Code     2  stm32h7xx_hal_uart.o(.text.HAL_UART_ErrorCallback)
    HAL_UART_IRQHandler                      0x08006b29   Thumb Code  1670  stm32h7xx_hal_uart.o(.text.HAL_UART_IRQHandler)
    HAL_UART_Init                            0x080071b1   Thumb Code   104  stm32h7xx_hal_uart.o(.text.HAL_UART_Init)
    HAL_UART_MspInit                         0x08007219   Thumb Code   150  usart.o(.text.HAL_UART_MspInit)
    HAL_UART_RxCpltCallback                  0x080072b1   Thumb Code     2  stm32h7xx_hal_uart.o(.text.HAL_UART_RxCpltCallback)
    HAL_UART_Transmit                        0x080072b9   Thumb Code   384  stm32h7xx_hal_uart.o(.text.HAL_UART_Transmit)
    HAL_UART_TxCpltCallback                  0x08007439   Thumb Code     2  stm32h7xx_hal_uart.o(.text.HAL_UART_TxCpltCallback)
    HMI_send_string                          0x08007441   Thumb Code    16  hmi.o(.text.HMI_send_string)
    HMI_send_wave                            0x08007461   Thumb Code    16  hmi.o(.text.HMI_send_wave)
    HardFault_Handler                        0x08007481   Thumb Code     2  stm32h7xx_it.o(.text.HardFault_Handler)
    MX_ADC1_Init                             0x08007489   Thumb Code   178  adc.o(.text.MX_ADC1_Init)
    MX_DMA_Init                              0x08007541   Thumb Code    52  dma.o(.text.MX_DMA_Init)
    MX_GPIO_Init                             0x08007579   Thumb Code   320  gpio.o(.text.MX_GPIO_Init)
    MX_TIM2_Init                             0x080076b9   Thumb Code   182  tim.o(.text.MX_TIM2_Init)
    MX_TIM3_Init                             0x08007771   Thumb Code   114  tim.o(.text.MX_TIM3_Init)
    MX_USART3_UART_Init                      0x080077e9   Thumb Code   124  usart.o(.text.MX_USART3_UART_Init)
    MemManage_Handler                        0x08007869   Thumb Code     2  stm32h7xx_it.o(.text.MemManage_Handler)
    NMI_Handler                              0x08007871   Thumb Code     2  stm32h7xx_it.o(.text.NMI_Handler)
    PendSV_Handler                           0x08007879   Thumb Code     2  stm32h7xx_it.o(.text.PendSV_Handler)
    Rec_wavetype                             0x08007ad1   Thumb Code   512  fftana.o(.text.Rec_wavetype)
    SVC_Handler                              0x08007cd1   Thumb Code     2  stm32h7xx_it.o(.text.SVC_Handler)
    SysTick_Handler                          0x08007cd9   Thumb Code     4  stm32h7xx_it.o(.text.SysTick_Handler)
    SystemClock_Config                       0x08007ce1   Thumb Code   224  main.o(.text.SystemClock_Config)
    SystemInit                               0x08007dc1   Thumb Code   238  system_stm32h7xx.o(.text.SystemInit)
    TIM_Base_SetConfig                       0x08007eb1   Thumb Code   346  stm32h7xx_hal_tim.o(.text.TIM_Base_SetConfig)
    UART3_Printf                             0x080081c9   Thumb Code    92  uart_pr.o(.text.UART3_Printf)
    UART_AdvFeatureConfig                    0x08008229   Thumb Code   224  stm32h7xx_hal_uart.o(.text.UART_AdvFeatureConfig)
    UART_CheckIdleState                      0x08008309   Thumb Code   374  stm32h7xx_hal_uart.o(.text.UART_CheckIdleState)
    UART_SetConfig                           0x08008e69   Thumb Code  1196  stm32h7xx_hal_uart.o(.text.UART_SetConfig)
    UART_Start_Receive_IT                    0x08009321   Thumb Code   628  stm32h7xx_hal_uart.o(.text.UART_Start_Receive_IT)
    UART_WaitOnFlagUntilTimeout              0x08009599   Thumb Code   856  stm32h7xx_hal_uart.o(.text.UART_WaitOnFlagUntilTimeout)
    USART3_IRQHandler                        0x080098f1   Thumb Code    12  stm32h7xx_it.o(.text.USART3_IRQHandler)
    UsageFault_Handler                       0x08009901   Thumb Code     2  stm32h7xx_it.o(.text.UsageFault_Handler)
    arm_bitreversal_32_extra                 0x08009909   Thumb Code   362  arm_bitreversal2_extra.o(.text.arm_bitreversal_32_extra)
    arm_cfft_f32_extra                       0x08009a79   Thumb Code   534  arm_cfft_f32_extra.o(.text.arm_cfft_f32_extra)
    arm_cfft_radix8by2_f32_extra             0x08009c91   Thumb Code   400  arm_cfft_f32_extra.o(.text.arm_cfft_radix8by2_f32_extra)
    arm_cfft_radix8by4_f32_extra             0x08009e21   Thumb Code  1170  arm_cfft_f32_extra.o(.text.arm_cfft_radix8by4_f32_extra)
    arm_radix8_butterfly_f32                 0x0800a2b9   Thumb Code  1272  transformfunctions.o(.text.arm_radix8_butterfly_f32)
    delay_us                                 0x0800a7b1   Thumb Code    98  delay.o(.text.delay_us)
    fft_process                              0x0800a819   Thumb Code  1508  fftana.o(.text.fft_process)
    get_max_3                                0x0800ae01   Thumb Code  1840  fftana.o(.text.get_max_3)
    main                                     0x0800b531   Thumb Code   956  main.o(.text.main)
    process_data                             0x0800b8f1   Thumb Code   780  fftana.o(.text.process_data)
    regurlize_mag                            0x0800bc01   Thumb Code   440  fftana.o(.text.regurlize_mag)
    __0sprintf                               0x0800bdb9   Thumb Code    34  printfa.o(i.__0sprintf)
    __1sprintf                               0x0800bdb9   Thumb Code     0  printfa.o(i.__0sprintf)
    __2sprintf                               0x0800bdb9   Thumb Code     0  printfa.o(i.__0sprintf)
    __c89sprintf                             0x0800bdb9   Thumb Code     0  printfa.o(i.__0sprintf)
    sprintf                                  0x0800bdb9   Thumb Code     0  printfa.o(i.__0sprintf)
    __0vsnprintf                             0x0800bde1   Thumb Code    46  printfa.o(i.__0vsnprintf)
    __1vsnprintf                             0x0800bde1   Thumb Code     0  printfa.o(i.__0vsnprintf)
    __2vsnprintf                             0x0800bde1   Thumb Code     0  printfa.o(i.__0vsnprintf)
    __c89vsnprintf                           0x0800bde1   Thumb Code     0  printfa.o(i.__0vsnprintf)
    vsnprintf                                0x0800bde1   Thumb Code     0  printfa.o(i.__0vsnprintf)
    __ARM_fpclassify                         0x0800be15   Thumb Code    48  fpclassify.o(i.__ARM_fpclassify)
    __hardfp_atan                            0x0800be49   Thumb Code   402  atan.o(i.__hardfp_atan)
    __hardfp_atan2                           0x0800c021   Thumb Code   392  atan2.o(i.__hardfp_atan2)
    __hardfp_sqrtf                           0x0800c1e9   Thumb Code    58  sqrtf.o(i.__hardfp_sqrtf)
    __kernel_poly                            0x0800c223   Thumb Code   112  poly.o(i.__kernel_poly)
    __mathlib_dbl_infnan                     0x0800c293   Thumb Code     6  dunder.o(i.__mathlib_dbl_infnan)
    __mathlib_dbl_infnan2                    0x0800c299   Thumb Code     6  dunder.o(i.__mathlib_dbl_infnan2)
    __mathlib_dbl_underflow                  0x0800c2a1   Thumb Code    10  dunder.o(i.__mathlib_dbl_underflow)
    __scatterload_copy                       0x0800c2b9   Thumb Code    14  handlers.o(i.__scatterload_copy)
    __scatterload_null                       0x0800c2c7   Thumb Code     2  handlers.o(i.__scatterload_null)
    __scatterload_zeroinit                   0x0800c2c9   Thumb Code    14  handlers.o(i.__scatterload_zeroinit)
    __set_errno                              0x0800c2d9   Thumb Code     6  errno.o(i.__set_errno)
    atan                                     0x0800cbb7   Thumb Code    16  atan.o(i.atan)
    fabs                                     0x0800cbc7   Thumb Code    24  fabs.o(i.fabs)
    free                                     0x0800cbe1   Thumb Code    76  malloc.o(i.free)
    malloc                                   0x0800cc31   Thumb Code    92  malloc.o(i.malloc)
    __mathlib_zero                           0x0800cd38   Data           8  qnan.o(.constdata)
    D1CorePrescTable                         0x0800cd4c   Data          16  system_stm32h7xx.o(.rodata.D1CorePrescTable)
    UARTPrescTable                           0x0800cd5c   Data          24  stm32h7xx_hal_uart.o(.rodata.UARTPrescTable)
    armBitRevIndexTableExtra4096             0x0800cd74   Data       16128  arm_common_tables_extra.o(.rodata.armBitRevIndexTableExtra4096)
    arm_cfft_sR_f32_len4096_extra            0x08010c74   Data          16  arm_const_structs_extra.o(.rodata.arm_cfft_sR_f32_len4096_extra)
    twiddleCoefExtra_4096                    0x08010cdc   Data       32768  arm_common_tables_extra.o(.rodata.twiddleCoefExtra_4096)
    Region$$Table$$Base                      0x08018cdc   Number         0  anon$$obj.o(Region$$Table)
    Region$$Table$$Limit                     0x08018cfc   Number         0  anon$$obj.o(Region$$Table)
    __microlib_freelist                      0x24000000   Data           4  mvars.o(.data)
    __microlib_freelist_initialised          0x24000004   Data           4  mvars.o(.data)
    uwTickFreq                               0x2400000c   Data           1  stm32h7xx_hal.o(.data..L_MergedGlobals)
    uwTickPrio                               0x24000010   Data           4  stm32h7xx_hal.o(.data..L_MergedGlobals)
    SystemCoreClock                          0x24000014   Data           4  system_stm32h7xx.o(.data..L_MergedGlobals)
    SystemD2Clock                            0x24000018   Data           4  system_stm32h7xx.o(.data..L_MergedGlobals)
    adc1_buffer                              0x2400001c   Data        8192  main.o(.sram4_data)
    adc2_buffer                              0x2400201c   Data        8192  main.o(.sram4_data)
    top3                                     0x24006028   Data           4  main.o(.bss..L_MergedGlobals)
    Freq_info                                0x2400602c   Data           6  main.o(.bss..L_MergedGlobals)
    Freq_count                               0x24006038   Data           8  main.o(.bss..L_MergedGlobals)
    Freq_last                                0x24006040   Data           8  main.o(.bss..L_MergedGlobals)
    Wave_Info                                0x24006048   Data          12  main.o(.bss..L_MergedGlobals)
    FFT_IN                                   0x24006054   Data       16384  main.o(.bss.FFT_IN)
    FFT_OUT                                  0x2400a054   Data       40960  main.o(.bss.FFT_OUT)
    aRxBuffer                                0x24014054   Data         500  main.o(.bss.aRxBuffer)
    freq_s                                   0x24014248   Data           4  main.o(.bss.freq_s)
    hadc1                                    0x2401424c   Data         100  adc.o(.bss.hadc1)
    hdma_adc1                                0x240142b0   Data         120  adc.o(.bss.hdma_adc1)
    htim2                                    0x24014328   Data          76  tim.o(.bss.htim2)
    htim3                                    0x24014374   Data          76  tim.o(.bss.htim3)
    huart3                                   0x240143c0   Data         148  usart.o(.bss.huart3)
    uwTick                                   0x24014454   Data           4  stm32h7xx_hal.o(.bss.uwTick)
    __heap_base                              0x24014458   Data           0  startup_stm32h743xx.o(HEAP)
    __heap_limit                             0x24014658   Data           0  startup_stm32h743xx.o(HEAP)
    __initial_sp                             0x24014a58   Data           0  startup_stm32h743xx.o(STACK)



==============================================================================

Memory Map of the image

  Image Entry point : 0x08000299

  Load Region LR_IROM1 (Base: 0x08000000, Size: 0x0001ed28, Max: 0x00200000, ABSOLUTE, COMPRESSED[0x00018dd0])

    Execution Region ER_IROM1 (Exec base: 0x08000000, Load base: 0x08000000, Size: 0x00018cfc, Max: 0x00200000, ABSOLUTE)

    Exec Addr    Load Addr    Size         Type   Attr      Idx    E Section Name        Object

    0x08000000   0x08000000   0x00000298   Data   RO            3    RESET               startup_stm32h743xx.o
    0x08000298   0x08000298   0x00000000   Code   RO         3718  * .ARM.Collect$$$$00000000  mc_w.l(entry.o)
    0x08000298   0x08000298   0x00000004   Code   RO         4073    .ARM.Collect$$$$00000001  mc_w.l(entry2.o)
    0x0800029c   0x0800029c   0x00000004   Code   RO         4076    .ARM.Collect$$$$00000004  mc_w.l(entry5.o)
    0x080002a0   0x080002a0   0x00000000   Code   RO         4078    .ARM.Collect$$$$00000008  mc_w.l(entry7b.o)
    0x080002a0   0x080002a0   0x00000000   Code   RO         4080    .ARM.Collect$$$$0000000A  mc_w.l(entry8b.o)
    0x080002a0   0x080002a0   0x00000008   Code   RO         4081    .ARM.Collect$$$$0000000B  mc_w.l(entry9a.o)
    0x080002a8   0x080002a8   0x00000000   Code   RO         4083    .ARM.Collect$$$$0000000D  mc_w.l(entry10a.o)
    0x080002a8   0x080002a8   0x00000000   Code   RO         4085    .ARM.Collect$$$$0000000F  mc_w.l(entry11a.o)
    0x080002a8   0x080002a8   0x00000004   Code   RO         4074    .ARM.Collect$$$$00002712  mc_w.l(entry2.o)
    0x080002ac   0x080002ac   0x0000002c   Code   RO            4    .text               startup_stm32h743xx.o
    0x080002d8   0x080002d8   0x00000062   Code   RO         3721    .text               mc_w.l(uldiv.o)
    0x0800033a   0x0800033a   0x00000024   Code   RO         3727    .text               mc_w.l(memseta.o)
    0x0800035e   0x0800035e   0x0000001c   Code   RO         4020    .text               mf_w.l(ffltul.o)
    0x0800037a   0x0800037a   0x0000002c   Code   RO         4101    .text               mc_w.l(uidiv.o)
    0x080003a6   0x080003a6   0x0000001e   Code   RO         4103    .text               mc_w.l(llshl.o)
    0x080003c4   0x080003c4   0x00000020   Code   RO         4105    .text               mc_w.l(llushr.o)
    0x080003e4   0x080003e4   0x00000000   Code   RO         4116    .text               mc_w.l(iusefp.o)
    0x080003e4   0x080003e4   0x0000006e   Code   RO         4117    .text               mf_w.l(fepilogue.o)
    0x08000452   0x08000452   0x0000014e   Code   RO         4119    .text               mf_w.l(dadd.o)
    0x080005a0   0x080005a0   0x000000e4   Code   RO         4121    .text               mf_w.l(dmul.o)
    0x08000684   0x08000684   0x000000de   Code   RO         4123    .text               mf_w.l(ddiv.o)
    0x08000762   0x08000762   0x00000030   Code   RO         4125    .text               mf_w.l(dfixul.o)
    0x08000792   0x08000792   0x00000002   PAD
    0x08000794   0x08000794   0x00000030   Code   RO         4127    .text               mf_w.l(cdrcmple.o)
    0x080007c4   0x080007c4   0x00000024   Code   RO         4131    .text               mc_w.l(init.o)
    0x080007e8   0x080007e8   0x00000024   Code   RO         4134    .text               mc_w.l(llsshr.o)
    0x0800080c   0x0800080c   0x000000ba   Code   RO         4137    .text               mf_w.l(depilogue.o)
    0x080008c6   0x080008c6   0x0000003a   Code   RO         4147    .text               mc_w.l(__dczerorl.o)
    0x08000900   0x08000900   0x0000012c   Code   RO          156    .text.ADC_ConfigureBoostMode  stm32h7xx_hal_adc.o
    0x08000a2c   0x08000a2c   0x00000004   PAD
    0x08000a30   0x08000a30   0x000000f4   Code   RO          160    .text.ADC_ConversionStop  stm32h7xx_hal_adc.o
    0x08000b24   0x08000b24   0x00000004   PAD
    0x08000b28   0x08000b28   0x0000005e   Code   RO          182    .text.ADC_DMAConvCplt  stm32h7xx_hal_adc.o
    0x08000b86   0x08000b86   0x00000002   PAD
    0x08000b88   0x08000b88   0x00000016   Code   RO          186    .text.ADC_DMAError  stm32h7xx_hal_adc.o
    0x08000b9e   0x08000b9e   0x00000002   PAD
    0x08000ba0   0x08000ba0   0x00000006   Code   RO          184    .text.ADC_DMAHalfConvCplt  stm32h7xx_hal_adc.o
    0x08000ba6   0x08000ba6   0x00000002   PAD
    0x08000ba8   0x08000ba8   0x000000ba   Code   RO          168    .text.ADC_Enable    stm32h7xx_hal_adc.o
    0x08000c62   0x08000c62   0x00000006   PAD
    0x08000c68   0x08000c68   0x00000002   Code   RO          121    .text.BusFault_Handler  stm32h7xx_it.o
    0x08000c6a   0x08000c6a   0x00000006   PAD
    0x08000c70   0x08000c70   0x0000000c   Code   RO          133    .text.DMA1_Stream0_IRQHandler  stm32h7xx_it.o
    0x08000c7c   0x08000c7c   0x00000004   PAD
    0x08000c80   0x08000c80   0x0000012c   Code   RO          507    .text.DMA_CalcBaseAndBitshift  stm32h7xx_hal_dma.o
    0x08000dac   0x08000dac   0x00000004   PAD
    0x08000db0   0x08000db0   0x00000306   Code   RO          513    .text.DMA_SetConfig  stm32h7xx_hal_dma.o
    0x080010b6   0x080010b6   0x00000002   PAD
    0x080010b8   0x080010b8   0x00000002   Code   RO          127    .text.DebugMon_Handler  stm32h7xx_it.o
    0x080010ba   0x080010ba   0x00000006   PAD
    0x080010c0   0x080010c0   0x0000000a   Code   RO           29    .text.Error_Handler  main.o
    0x080010ca   0x080010ca   0x00000006   PAD
    0x080010d0   0x080010d0   0x0000002c   Code   RO         1618    .text.ExitRun0Mode  system_stm32h7xx.o
    0x080010fc   0x080010fc   0x00000004   PAD
    0x08001100   0x08001100   0x00000108   Code   RO           11    .text.FFT_Task      main.o
    0x08001208   0x08001208   0x0000022c   Code   RO         1807    .text.Find_Vpp      fftana.o
    0x08001434   0x08001434   0x00000004   PAD
    0x08001438   0x08001438   0x00000188   Code   RO         1644    .text.Freq_mode_choose  get_freq.o
    0x080015c0   0x080015c0   0x00000030   Code   RO         1642    .text.Get_Wave_Infor  get_freq.o
    0x080015f0   0x080015f0   0x000000b8   Code   RO          268    .text.HAL_ADCEx_MultiModeConfigChannel  stm32h7xx_hal_adc_ex.o
    0x080016a8   0x080016a8   0x000004dc   Code   RO          202    .text.HAL_ADC_ConfigChannel  stm32h7xx_hal_adc.o
    0x08001b84   0x08001b84   0x00000004   PAD
    0x08001b88   0x08001b88   0x00000002   Code   RO          194    .text.HAL_ADC_ConvCpltCallback  stm32h7xx_hal_adc.o
    0x08001b8a   0x08001b8a   0x00000006   PAD
    0x08001b90   0x08001b90   0x00000002   Code   RO          200    .text.HAL_ADC_ConvHalfCpltCallback  stm32h7xx_hal_adc.o
    0x08001b92   0x08001b92   0x00000006   PAD
    0x08001b98   0x08001b98   0x00000002   Code   RO          198    .text.HAL_ADC_ErrorCallback  stm32h7xx_hal_adc.o
    0x08001b9a   0x08001b9a   0x00000006   PAD
    0x08001ba0   0x08001ba0   0x00000272   Code   RO          152    .text.HAL_ADC_Init  stm32h7xx_hal_adc.o
    0x08001e12   0x08001e12   0x00000006   PAD
    0x08001e18   0x08001e18   0x000000e2   Code   RO           59    .text.HAL_ADC_MspInit  adc.o
    0x08001efa   0x08001efa   0x00000006   PAD
    0x08001f00   0x08001f00   0x0000011e   Code   RO          180    .text.HAL_ADC_Start_DMA  stm32h7xx_hal_adc.o
    0x0800201e   0x0800201e   0x00000002   PAD
    0x08002020   0x08002020   0x00000150   Code   RO          188    .text.HAL_ADC_Stop_DMA  stm32h7xx_hal_adc.o
    0x08002170   0x08002170   0x0000052e   Code   RO          517    .text.HAL_DMA_Abort  stm32h7xx_hal_dma.o
    0x0800269e   0x0800269e   0x00000002   PAD
    0x080026a0   0x080026a0   0x000002ba   Code   RO          519    .text.HAL_DMA_Abort_IT  stm32h7xx_hal_dma.o
    0x0800295a   0x0800295a   0x00000006   PAD
    0x08002960   0x08002960   0x00000830   Code   RO          523    .text.HAL_DMA_IRQHandler  stm32h7xx_hal_dma.o
    0x08003190   0x08003190   0x0000068a   Code   RO          505    .text.HAL_DMA_Init  stm32h7xx_hal_dma.o
    0x0800381a   0x0800381a   0x00000006   PAD
    0x08003820   0x08003820   0x000003a2   Code   RO          515    .text.HAL_DMA_Start_IT  stm32h7xx_hal_dma.o
    0x08003bc2   0x08003bc2   0x00000006   PAD
    0x08003bc8   0x08003bc8   0x00000028   Code   RO          815    .text.HAL_Delay     stm32h7xx_hal.o
    0x08003bf0   0x08003bf0   0x000001e6   Code   RO          451    .text.HAL_GPIO_Init  stm32h7xx_hal_gpio.o
    0x08003dd6   0x08003dd6   0x00000002   PAD
    0x08003dd8   0x08003dd8   0x0000000a   Code   RO          457    .text.HAL_GPIO_WritePin  stm32h7xx_hal_gpio.o
    0x08003de2   0x08003de2   0x00000006   PAD
    0x08003de8   0x08003de8   0x0000000e   Code   RO          823    .text.HAL_GetREVID  stm32h7xx_hal.o
    0x08003df6   0x08003df6   0x00000002   PAD
    0x08003df8   0x08003df8   0x0000000c   Code   RO          807    .text.HAL_GetTick   stm32h7xx_hal.o
    0x08003e04   0x08003e04   0x00000004   PAD
    0x08003e08   0x08003e08   0x0000001a   Code   RO          805    .text.HAL_IncTick   stm32h7xx_hal.o
    0x08003e22   0x08003e22   0x00000006   PAD
    0x08003e28   0x08003e28   0x00000064   Code   RO          795    .text.HAL_Init      stm32h7xx_hal.o
    0x08003e8c   0x08003e8c   0x00000004   PAD
    0x08003e90   0x08003e90   0x0000004c   Code   RO          797    .text.HAL_InitTick  stm32h7xx_hal.o
    0x08003edc   0x08003edc   0x00000004   PAD
    0x08003ee0   0x08003ee0   0x0000005e   Code   RO          765    .text.HAL_MPU_ConfigRegion  stm32h7xx_hal_cortex.o
    0x08003f3e   0x08003f3e   0x00000002   PAD
    0x08003f40   0x08003f40   0x0000001a   Code   RO          757    .text.HAL_MPU_Disable  stm32h7xx_hal_cortex.o
    0x08003f5a   0x08003f5a   0x00000006   PAD
    0x08003f60   0x08003f60   0x00000020   Code   RO          759    .text.HAL_MPU_Enable  stm32h7xx_hal_cortex.o
    0x08003f80   0x08003f80   0x00000020   Code   RO          144    .text.HAL_MspInit   stm32h7xx_hal_msp.o
    0x08003fa0   0x08003fa0   0x00000020   Code   RO          775    .text.HAL_NVIC_ClearPendingIRQ  stm32h7xx_hal_cortex.o
    0x08003fc0   0x08003fc0   0x00000028   Code   RO          749    .text.HAL_NVIC_DisableIRQ  stm32h7xx_hal_cortex.o
    0x08003fe8   0x08003fe8   0x00000020   Code   RO          747    .text.HAL_NVIC_EnableIRQ  stm32h7xx_hal_cortex.o
    0x08004008   0x08004008   0x0000005c   Code   RO          745    .text.HAL_NVIC_SetPriority  stm32h7xx_hal_cortex.o
    0x08004064   0x08004064   0x00000004   PAD
    0x08004068   0x08004068   0x00000020   Code   RO          743    .text.HAL_NVIC_SetPriorityGrouping  stm32h7xx_hal_cortex.o
    0x08004088   0x08004088   0x0000004c   Code   RO          655    .text.HAL_PWREx_ConfigSupply  stm32h7xx_hal_pwr_ex.o
    0x080040d4   0x080040d4   0x00000004   PAD
    0x080040d8   0x080040d8   0x00000026   Code   RO          338    .text.HAL_RCCEx_GetD3PCLK1Freq  stm32h7xx_hal_rcc_ex.o
    0x080040fe   0x080040fe   0x00000002   PAD
    0x08004100   0x08004100   0x00000130   Code   RO          332    .text.HAL_RCCEx_GetPLL1ClockFreq  stm32h7xx_hal_rcc_ex.o
    0x08004230   0x08004230   0x0000012c   Code   RO          334    .text.HAL_RCCEx_GetPLL2ClockFreq  stm32h7xx_hal_rcc_ex.o
    0x0800435c   0x0800435c   0x00000004   PAD
    0x08004360   0x08004360   0x0000012c   Code   RO          336    .text.HAL_RCCEx_GetPLL3ClockFreq  stm32h7xx_hal_rcc_ex.o
    0x0800448c   0x0800448c   0x00000004   PAD
    0x08004490   0x08004490   0x00000452   Code   RO          330    .text.HAL_RCCEx_GetPeriphCLKFreq  stm32h7xx_hal_rcc_ex.o
    0x080048e2   0x080048e2   0x00000006   PAD
    0x080048e8   0x080048e8   0x00000b3c   Code   RO          322    .text.HAL_RCCEx_PeriphCLKConfig  stm32h7xx_hal_rcc_ex.o
    0x08005424   0x08005424   0x00000004   PAD
    0x08005428   0x08005428   0x00000268   Code   RO          290    .text.HAL_RCC_ClockConfig  stm32h7xx_hal_rcc.o
    0x08005690   0x08005690   0x0000004c   Code   RO          300    .text.HAL_RCC_GetHCLKFreq  stm32h7xx_hal_rcc.o
    0x080056dc   0x080056dc   0x00000004   PAD
    0x080056e0   0x080056e0   0x00000060   Code   RO          302    .text.HAL_RCC_GetPCLK1Freq  stm32h7xx_hal_rcc.o
    0x08005740   0x08005740   0x00000060   Code   RO          304    .text.HAL_RCC_GetPCLK2Freq  stm32h7xx_hal_rcc.o
    0x080057a0   0x080057a0   0x00000114   Code   RO          292    .text.HAL_RCC_GetSysClockFreq  stm32h7xx_hal_rcc.o
    0x080058b4   0x080058b4   0x00000004   PAD
    0x080058b8   0x080058b8   0x00000560   Code   RO          288    .text.HAL_RCC_OscConfig  stm32h7xx_hal_rcc.o
    0x08005e18   0x08005e18   0x0000002e   Code   RO          755    .text.HAL_SYSTICK_Config  stm32h7xx_hal_cortex.o
    0x08005e46   0x08005e46   0x00000002   PAD
    0x08005e48   0x08005e48   0x000000ca   Code   RO         1396    .text.HAL_TIMEx_MasterConfigSynchronization  stm32h7xx_hal_tim_ex.o
    0x08005f12   0x08005f12   0x00000006   PAD
    0x08005f18   0x08005f18   0x00000060   Code   RO         1101    .text.HAL_TIM_Base_Init  stm32h7xx_hal_tim.o
    0x08005f78   0x08005f78   0x0000008a   Code   RO           86    .text.HAL_TIM_Base_MspInit  tim.o
    0x08006002   0x08006002   0x00000006   PAD
    0x08006008   0x08006008   0x000000ac   Code   RO         1111    .text.HAL_TIM_Base_Start  stm32h7xx_hal_tim.o
    0x080060b4   0x080060b4   0x00000004   PAD
    0x080060b8   0x080060b8   0x000000b4   Code   RO         1115    .text.HAL_TIM_Base_Start_IT  stm32h7xx_hal_tim.o
    0x0800616c   0x0800616c   0x00000004   PAD
    0x08006170   0x08006170   0x00000034   Code   RO         1113    .text.HAL_TIM_Base_Stop  stm32h7xx_hal_tim.o
    0x080061a4   0x080061a4   0x00000004   PAD
    0x080061a8   0x080061a8   0x000001fc   Code   RO         1281    .text.HAL_TIM_ConfigClockSource  stm32h7xx_hal_tim.o
    0x080063a4   0x080063a4   0x00000004   PAD
    0x080063a8   0x080063a8   0x000001ca   Code   RO         1251    .text.HAL_TIM_IC_ConfigChannel  stm32h7xx_hal_tim.o
    0x08006572   0x08006572   0x00000006   PAD
    0x08006578   0x08006578   0x00000060   Code   RO         1175    .text.HAL_TIM_IC_Init  stm32h7xx_hal_tim.o
    0x080065d8   0x080065d8   0x00000002   Code   RO         1177    .text.HAL_TIM_IC_MspInit  stm32h7xx_hal_tim.o
    0x080065da   0x080065da   0x00000006   PAD
    0x080065e0   0x080065e0   0x000001ce   Code   RO         1183    .text.HAL_TIM_IC_Start  stm32h7xx_hal_tim.o
    0x080067ae   0x080067ae   0x00000002   PAD
    0x080067b0   0x080067b0   0x000000c0   Code   RO         1185    .text.HAL_TIM_IC_Stop  stm32h7xx_hal_tim.o
    0x08006870   0x08006870   0x00000034   Code   RO         1291    .text.HAL_TIM_ReadCapturedValue  stm32h7xx_hal_tim.o
    0x080068a4   0x080068a4   0x00000004   PAD
    0x080068a8   0x080068a8   0x00000058   Code   RO         1285    .text.HAL_TIM_SlaveConfigSynchro  stm32h7xx_hal_tim.o
    0x08006900   0x08006900   0x00000036   Code   RO         1591    .text.HAL_UARTEx_DisableFifoMode  stm32h7xx_hal_uart_ex.o
    0x08006936   0x08006936   0x00000002   PAD
    0x08006938   0x08006938   0x000000a6   Code   RO         1599    .text.HAL_UARTEx_ReceiveToIdle_IT  stm32h7xx_hal_uart_ex.o
    0x080069de   0x080069de   0x00000002   PAD
    0x080069e0   0x080069e0   0x00000002   Code   RO         1518    .text.HAL_UARTEx_RxEventCallback  stm32h7xx_hal_uart.o
    0x080069e2   0x080069e2   0x00000006   PAD
    0x080069e8   0x080069e8   0x00000002   Code   RO         1577    .text.HAL_UARTEx_RxFifoFullCallback  stm32h7xx_hal_uart_ex.o
    0x080069ea   0x080069ea   0x00000006   PAD
    0x080069f0   0x080069f0   0x00000090   Code   RO         1595    .text.HAL_UARTEx_SetRxFifoThreshold  stm32h7xx_hal_uart_ex.o
    0x08006a80   0x08006a80   0x00000090   Code   RO         1593    .text.HAL_UARTEx_SetTxFifoThreshold  stm32h7xx_hal_uart_ex.o
    0x08006b10   0x08006b10   0x00000002   Code   RO         1579    .text.HAL_UARTEx_TxFifoEmptyCallback  stm32h7xx_hal_uart_ex.o
    0x08006b12   0x08006b12   0x00000006   PAD
    0x08006b18   0x08006b18   0x00000002   Code   RO         1575    .text.HAL_UARTEx_WakeupCallback  stm32h7xx_hal_uart_ex.o
    0x08006b1a   0x08006b1a   0x00000006   PAD
    0x08006b20   0x08006b20   0x00000002   Code   RO         1516    .text.HAL_UART_ErrorCallback  stm32h7xx_hal_uart.o
    0x08006b22   0x08006b22   0x00000006   PAD
    0x08006b28   0x08006b28   0x00000686   Code   RO         1512    .text.HAL_UART_IRQHandler  stm32h7xx_hal_uart.o
    0x080071ae   0x080071ae   0x00000002   PAD
    0x080071b0   0x080071b0   0x00000068   Code   RO         1428    .text.HAL_UART_Init  stm32h7xx_hal_uart.o
    0x08007218   0x08007218   0x00000096   Code   RO          102    .text.HAL_UART_MspInit  usart.o
    0x080072ae   0x080072ae   0x00000002   PAD
    0x080072b0   0x080072b0   0x00000002   Code   RO         1524    .text.HAL_UART_RxCpltCallback  stm32h7xx_hal_uart.o
    0x080072b2   0x080072b2   0x00000006   PAD
    0x080072b8   0x080072b8   0x00000180   Code   RO         1448    .text.HAL_UART_Transmit  stm32h7xx_hal_uart.o
    0x08007438   0x08007438   0x00000002   Code   RO         1520    .text.HAL_UART_TxCpltCallback  stm32h7xx_hal_uart.o
    0x0800743a   0x0800743a   0x00000006   PAD
    0x08007440   0x08007440   0x0000001c   Code   RO         1654    .text.HMI_send_string  hmi.o
    0x0800745c   0x0800745c   0x00000004   PAD
    0x08007460   0x08007460   0x00000020   Code   RO         1660    .text.HMI_send_wave  hmi.o
    0x08007480   0x08007480   0x00000002   Code   RO          117    .text.HardFault_Handler  stm32h7xx_it.o
    0x08007482   0x08007482   0x00000006   PAD
    0x08007488   0x08007488   0x000000b2   Code   RO           57    .text.MX_ADC1_Init  adc.o
    0x0800753a   0x0800753a   0x00000006   PAD
    0x08007540   0x08007540   0x00000034   Code   RO           73    .text.MX_DMA_Init   dma.o
    0x08007574   0x08007574   0x00000004   PAD
    0x08007578   0x08007578   0x00000140   Code   RO           48    .text.MX_GPIO_Init  gpio.o
    0x080076b8   0x080076b8   0x000000b6   Code   RO           82    .text.MX_TIM2_Init  tim.o
    0x0800776e   0x0800776e   0x00000002   PAD
    0x08007770   0x08007770   0x00000072   Code   RO           84    .text.MX_TIM3_Init  tim.o
    0x080077e2   0x080077e2   0x00000006   PAD
    0x080077e8   0x080077e8   0x0000007c   Code   RO          100    .text.MX_USART3_UART_Init  usart.o
    0x08007864   0x08007864   0x00000004   PAD
    0x08007868   0x08007868   0x00000002   Code   RO          119    .text.MemManage_Handler  stm32h7xx_it.o
    0x0800786a   0x0800786a   0x00000006   PAD
    0x08007870   0x08007870   0x00000002   Code   RO          115    .text.NMI_Handler   stm32h7xx_it.o
    0x08007872   0x08007872   0x00000006   PAD
    0x08007878   0x08007878   0x00000002   Code   RO          129    .text.PendSV_Handler  stm32h7xx_it.o
    0x0800787a   0x0800787a   0x00000006   PAD
    0x08007880   0x08007880   0x00000122   Code   RO          324    .text.RCCEx_PLL2_Config  stm32h7xx_hal_rcc_ex.o
    0x080079a2   0x080079a2   0x00000006   PAD
    0x080079a8   0x080079a8   0x00000122   Code   RO          326    .text.RCCEx_PLL3_Config  stm32h7xx_hal_rcc_ex.o
    0x08007aca   0x08007aca   0x00000006   PAD
    0x08007ad0   0x08007ad0   0x00000200   Code   RO         1801    .text.Rec_wavetype  fftana.o
    0x08007cd0   0x08007cd0   0x00000002   Code   RO          125    .text.SVC_Handler   stm32h7xx_it.o
    0x08007cd2   0x08007cd2   0x00000006   PAD
    0x08007cd8   0x08007cd8   0x00000004   Code   RO          131    .text.SysTick_Handler  stm32h7xx_it.o
    0x08007cdc   0x08007cdc   0x00000004   PAD
    0x08007ce0   0x08007ce0   0x000000e0   Code   RO           27    .text.SystemClock_Config  main.o
    0x08007dc0   0x08007dc0   0x000000ee   Code   RO         1614    .text.SystemInit    system_stm32h7xx.o
    0x08007eae   0x08007eae   0x00000002   PAD
    0x08007eb0   0x08007eb0   0x0000015a   Code   RO         1105    .text.TIM_Base_SetConfig  stm32h7xx_hal_tim.o
    0x0800800a   0x0800800a   0x00000006   PAD
    0x08008010   0x08008010   0x000001b2   Code   RO         1287    .text.TIM_SlaveTimer_SetConfig  stm32h7xx_hal_tim.o
    0x080081c2   0x080081c2   0x00000006   PAD
    0x080081c8   0x080081c8   0x0000005c   Code   RO         1675    .text.UART3_Printf  uart_pr.o
    0x08008224   0x08008224   0x00000004   PAD
    0x08008228   0x08008228   0x000000e0   Code   RO         1432    .text.UART_AdvFeatureConfig  stm32h7xx_hal_uart.o
    0x08008308   0x08008308   0x00000176   Code   RO         1436    .text.UART_CheckIdleState  stm32h7xx_hal_uart.o
    0x0800847e   0x0800847e   0x00000002   PAD
    0x08008480   0x08008480   0x0000000c   Code   RO         1514    .text.UART_DMAAbortOnError  stm32h7xx_hal_uart.o
    0x0800848c   0x0800848c   0x00000004   PAD
    0x08008490   0x08008490   0x000001c4   Code   RO         1554    .text.UART_RxISR_16BIT  stm32h7xx_hal_uart.o
    0x08008654   0x08008654   0x00000004   PAD
    0x08008658   0x08008658   0x00000324   Code   RO         1550    .text.UART_RxISR_16BIT_FIFOEN  stm32h7xx_hal_uart.o
    0x0800897c   0x0800897c   0x00000004   PAD
    0x08008980   0x08008980   0x000001c0   Code   RO         1556    .text.UART_RxISR_8BIT  stm32h7xx_hal_uart.o
    0x08008b40   0x08008b40   0x00000328   Code   RO         1552    .text.UART_RxISR_8BIT_FIFOEN  stm32h7xx_hal_uart.o
    0x08008e68   0x08008e68   0x000004b4   Code   RO         1434    .text.UART_SetConfig  stm32h7xx_hal_uart.o
    0x0800931c   0x0800931c   0x00000004   PAD
    0x08009320   0x08009320   0x00000274   Code   RO         1466    .text.UART_Start_Receive_IT  stm32h7xx_hal_uart.o
    0x08009594   0x08009594   0x00000004   PAD
    0x08009598   0x08009598   0x00000358   Code   RO         1450    .text.UART_WaitOnFlagUntilTimeout  stm32h7xx_hal_uart.o
    0x080098f0   0x080098f0   0x0000000c   Code   RO          135    .text.USART3_IRQHandler  stm32h7xx_it.o
    0x080098fc   0x080098fc   0x00000004   PAD
    0x08009900   0x08009900   0x00000002   Code   RO          123    .text.UsageFault_Handler  stm32h7xx_it.o
    0x08009902   0x08009902   0x00000006   PAD
    0x08009908   0x08009908   0x0000016a   Code   RO         1828    .text.arm_bitreversal_32_extra  arm_bitreversal2_extra.o
    0x08009a72   0x08009a72   0x00000006   PAD
    0x08009a78   0x08009a78   0x00000216   Code   RO         1841    .text.arm_cfft_f32_extra  arm_cfft_f32_extra.o
    0x08009c8e   0x08009c8e   0x00000002   PAD
    0x08009c90   0x08009c90   0x00000190   Code   RO         1837    .text.arm_cfft_radix8by2_f32_extra  arm_cfft_f32_extra.o
    0x08009e20   0x08009e20   0x00000492   Code   RO         1839    .text.arm_cfft_radix8by4_f32_extra  arm_cfft_f32_extra.o
    0x0800a2b2   0x0800a2b2   0x00000006   PAD
    0x0800a2b8   0x0800a2b8   0x000004f8   Code   RO         3402    .text.arm_radix8_butterfly_f32  transformfunctions.o
    0x0800a7b0   0x0800a7b0   0x00000062   Code   RO         1630    .text.delay_us      delay.o
    0x0800a812   0x0800a812   0x00000006   PAD
    0x0800a818   0x0800a818   0x000005e4   Code   RO         1787    .text.fft_process   fftana.o
    0x0800adfc   0x0800adfc   0x00000004   PAD
    0x0800ae00   0x0800ae00   0x00000730   Code   RO         1793    .text.get_max_3     fftana.o
    0x0800b530   0x0800b530   0x000003bc   Code   RO           25    .text.main          main.o
    0x0800b8ec   0x0800b8ec   0x00000004   PAD
    0x0800b8f0   0x0800b8f0   0x0000030c   Code   RO         1781    .text.process_data  fftana.o
    0x0800bbfc   0x0800bbfc   0x00000004   PAD
    0x0800bc00   0x0800bc00   0x000001b8   Code   RO         1791    .text.regurlize_mag  fftana.o
    0x0800bdb8   0x0800bdb8   0x00000028   Code   RO         3966    i.__0sprintf        mc_w.l(printfa.o)
    0x0800bde0   0x0800bde0   0x00000034   Code   RO         3969    i.__0vsnprintf      mc_w.l(printfa.o)
    0x0800be14   0x0800be14   0x00000030   Code   RO         4049    i.__ARM_fpclassify  m_wv.l(fpclassify.o)
    0x0800be44   0x0800be44   0x00000004   PAD
    0x0800be48   0x0800be48   0x000001d4   Code   RO         4022    i.__hardfp_atan     m_wv.l(atan.o)
    0x0800c01c   0x0800c01c   0x00000004   PAD
    0x0800c020   0x0800c020   0x000001c8   Code   RO         3647    i.__hardfp_atan2    m_wv.l(atan2.o)
    0x0800c1e8   0x0800c1e8   0x0000003a   Code   RO         3706    i.__hardfp_sqrtf    m_wv.l(sqrtf.o)
    0x0800c222   0x0800c222   0x00000070   Code   RO         4067    i.__kernel_poly     m_wv.l(poly.o)
    0x0800c292   0x0800c292   0x00000006   Code   RO         4030    i.__mathlib_dbl_infnan  m_wv.l(dunder.o)
    0x0800c298   0x0800c298   0x00000006   Code   RO         4031    i.__mathlib_dbl_infnan2  m_wv.l(dunder.o)
    0x0800c29e   0x0800c29e   0x00000002   PAD
    0x0800c2a0   0x0800c2a0   0x00000018   Code   RO         4035    i.__mathlib_dbl_underflow  m_wv.l(dunder.o)
    0x0800c2b8   0x0800c2b8   0x0000000e   Code   RO         4141    i.__scatterload_copy  mc_w.l(handlers.o)
    0x0800c2c6   0x0800c2c6   0x00000002   Code   RO         4142    i.__scatterload_null  mc_w.l(handlers.o)
    0x0800c2c8   0x0800c2c8   0x0000000e   Code   RO         4143    i.__scatterload_zeroinit  mc_w.l(handlers.o)
    0x0800c2d6   0x0800c2d6   0x00000002   PAD
    0x0800c2d8   0x0800c2d8   0x0000000c   Code   RO         4111    i.__set_errno       mc_w.l(errno.o)
    0x0800c2e4   0x0800c2e4   0x00000184   Code   RO         3971    i._fp_digits        mc_w.l(printfa.o)
    0x0800c468   0x0800c468   0x000006dc   Code   RO         3972    i._printf_core      mc_w.l(printfa.o)
    0x0800cb44   0x0800cb44   0x00000024   Code   RO         3973    i._printf_post_padding  mc_w.l(printfa.o)
    0x0800cb68   0x0800cb68   0x0000002e   Code   RO         3974    i._printf_pre_padding  mc_w.l(printfa.o)
    0x0800cb96   0x0800cb96   0x00000016   Code   RO         3975    i._snputc           mc_w.l(printfa.o)
    0x0800cbac   0x0800cbac   0x0000000a   Code   RO         3976    i._sputc            mc_w.l(printfa.o)
    0x0800cbb6   0x0800cbb6   0x00000010   Code   RO         4024    i.atan              m_wv.l(atan.o)
    0x0800cbc6   0x0800cbc6   0x00000018   Code   RO         4045    i.fabs              m_wv.l(fabs.o)
    0x0800cbde   0x0800cbde   0x00000002   PAD
    0x0800cbe0   0x0800cbe0   0x00000050   Code   RO         3992    i.free              mc_w.l(malloc.o)
    0x0800cc30   0x0800cc30   0x0000006c   Code   RO         3993    i.malloc            mc_w.l(malloc.o)
    0x0800cc9c   0x0800cc9c   0x00000004   PAD
    0x0800cca0   0x0800cca0   0x00000098   Data   RO         4025    .constdata          m_wv.l(atan.o)
    0x0800cd38   0x0800cd38   0x00000008   Data   RO         4069    .constdata          m_wv.l(qnan.o)
    0x0800cd40   0x0800cd40   0x00000006   Data   RO         1563    .rodata..Lswitch.table.UART_SetConfig.5  stm32h7xx_hal_uart.o
    0x0800cd46   0x0800cd46   0x00000006   Data   RO         1564    .rodata..Lswitch.table.UART_SetConfig.7  stm32h7xx_hal_uart.o
    0x0800cd4c   0x0800cd4c   0x00000010   Data   RO         1620    .rodata.D1CorePrescTable  system_stm32h7xx.o
    0x0800cd5c   0x0800cd5c   0x00000018   Data   RO         1562    .rodata.UARTPrescTable  stm32h7xx_hal_uart.o
    0x0800cd74   0x0800cd74   0x00003f00   Data   RO         1869    .rodata.armBitRevIndexTableExtra4096  arm_common_tables_extra.o
    0x08010c74   0x08010c74   0x00000010   Data   RO         1906    .rodata.arm_cfft_sR_f32_len4096_extra  arm_const_structs_extra.o
    0x08010c84   0x08010c84   0x00000010   Data   RO         1605    .rodata.cst8        stm32h7xx_hal_uart_ex.o
    0x08010c94   0x08010c94   0x00000045   Data   RO           34    .rodata.str1.1      main.o
    0x08010cd9   0x08010cd9   0x00000003   PAD
    0x08010cdc   0x08010cdc   0x00008000   Data   RO         1880    .rodata.twiddleCoefExtra_4096  arm_common_tables_extra.o
    0x08018cdc   0x08018cdc   0x00000020   Data   RO         4140    Region$$Table       anon$$obj.o


    Execution Region RW_IRAM1 (Exec base: 0x20000000, Load base: 0x08018cfc, Size: 0x00000000, Max: 0x00020000, ABSOLUTE)

    **** No section assigned to this execution region ****


    Execution Region RW_IRAM2 (Exec base: 0x24000000, Load base: 0x08018d00, Size: 0x00014a58, Max: 0x00080000, ABSOLUTE, COMPRESSED[0x000000d0])

    Exec Addr    Load Addr    Size         Type   Attr      Idx    E Section Name        Object

    0x24000000   COMPRESSED   0x00000004   Data   RW         4107    .data               mc_w.l(mvars.o)
    0x24000004   COMPRESSED   0x00000004   Data   RW         4108    .data               mc_w.l(mvars.o)
    0x24000008   COMPRESSED   0x00000004   Data   RW         4112    .data               mc_w.l(errno.o)
    0x2400000c   COMPRESSED   0x00000008   Data   RW          892    .data..L_MergedGlobals  stm32h7xx_hal.o
    0x24000014   COMPRESSED   0x00000008   Data   RW         1621    .data..L_MergedGlobals  system_stm32h7xx.o
    0x2400001c   COMPRESSED   0x00004000   Data   RW           31    .sram4_data         main.o
    0x2400401c   COMPRESSED   0x00002006   Data   RW         1809    .sram_d1            fftana.o
    0x24006022   COMPRESSED   0x00000006   PAD
    0x24006028        -       0x0000002c   Zero   RW           39    .bss..L_MergedGlobals  main.o
    0x24006054        -       0x00004000   Zero   RW           32    .bss.FFT_IN         main.o
    0x2400a054        -       0x0000a000   Zero   RW           33    .bss.FFT_OUT        main.o
    0x24014054        -       0x000001f4   Zero   RW           35    .bss.aRxBuffer      main.o
    0x24014248        -       0x00000004   Zero   RW           37    .bss.freq_s         main.o
    0x2401424c        -       0x00000064   Zero   RW           63    .bss.hadc1          adc.o
    0x240142b0        -       0x00000078   Zero   RW           64    .bss.hdma_adc1      adc.o
    0x24014328        -       0x0000004c   Zero   RW           90    .bss.htim2          tim.o
    0x24014374        -       0x0000004c   Zero   RW           91    .bss.htim3          tim.o
    0x240143c0        -       0x00000094   Zero   RW          106    .bss.huart3         usart.o
    0x24014454        -       0x00000004   Zero   RW          891    .bss.uwTick         stm32h7xx_hal.o
    0x24014458        -       0x00000200   Zero   RW            2    HEAP                startup_stm32h743xx.o
    0x24014658        -       0x00000400   Zero   RW            1    STACK               startup_stm32h743xx.o


==============================================================================

Image component sizes


      Code (inc. data)   RO Data    RW Data    ZI Data      Debug   Object Name

       404          0          0          0        220       9048   adc.o
       362          0          0          0          0       1517   arm_bitreversal2_extra.o
      2104          0          0          0          0       9064   arm_cfft_f32_extra.o
         0          0      48896          0          0       2410   arm_common_tables_extra.o
         0          0         16          0          0       1318   arm_const_structs_extra.o
        98          0          0          0          0       1899   delay.o
        52          0          0          0          0       5465   dma.o
      5636         68          0       8198          0      21555   fftana.o
       440          4          0          0          0       8201   get_freq.o
       320          0          0          0          0       3093   gpio.o
        60         28          0          0          0       2033   hmi.o
      1454         92         69      16384      57892      11422   main.o
        44         12        664          0       1536        844   startup_stm32h743xx.o
       268          0          0          8          4      14967   stm32h7xx_hal.o
      3350         14          0          0          0      27814   stm32h7xx_hal_adc.o
       184          0          0          0          0      30183   stm32h7xx_hal_adc_ex.o
       426          0          0          0          0      12540   stm32h7xx_hal_cortex.o
      7798         54          0          0          0      18267   stm32h7xx_hal_dma.o
       496          0          0          0          0       7121   stm32h7xx_hal_gpio.o
        32          0          0          0          0       2218   stm32h7xx_hal_msp.o
        76          0          0          0          0      10646   stm32h7xx_hal_pwr_ex.o
      2536         16          0          0          0      11687   stm32h7xx_hal_rcc.o
      5504        230          0          0          0      20219   stm32h7xx_hal_rcc_ex.o
      3138         20          0          0          0      64699   stm32h7xx_hal_tim.o
       202          0          0          0          0      25367   stm32h7xx_hal_tim_ex.o
      7976        332         36          0          0      43717   stm32h7xx_hal_uart.o
       514          0         16          0          0      11530   stm32h7xx_hal_uart_ex.o
        44          0          0          0          0       4898   stm32h7xx_it.o
       282          0         16          8          0       6246   system_stm32h7xx.o
       434          0          0          0        152       7756   tim.o
      1272          8          0          0          0     191164   transformfunctions.o
        92          0          0          0          0       1596   uart_pr.o
       274          0          0          0        148      11339   usart.o

    ----------------------------------------------------------------------
     46308        918      49748      24600      59956     601843   Object Totals
         0          0         32          0          0          0   (incl. Generated)
       436         40          3          2          4          0   (incl. Padding)

    ----------------------------------------------------------------------

      Code (inc. data)   RO Data    RW Data    ZI Data      Debug   Library Member Name

       484         66        152          0          0        348   atan.o
       456         64          0          0          0        180   atan2.o
        36         14          0          0          0        348   dunder.o
        24          0          0          0          0        124   fabs.o
        48          0          0          0          0        124   fpclassify.o
       112          0          0          0          0        116   poly.o
         0          0          8          0          0          0   qnan.o
        58          0          0          0          0        136   sqrtf.o
        58          0          0          0          0          0   __dczerorl.o
         0          0          0          0          0          0   entry.o
         0          0          0          0          0          0   entry10a.o
         0          0          0          0          0          0   entry11a.o
         8          4          0          0          0          0   entry2.o
         4          0          0          0          0          0   entry5.o
         0          0          0          0          0          0   entry7b.o
         0          0          0          0          0          0   entry8b.o
         8          4          0          0          0          0   entry9a.o
        12          6          0          4          0         68   errno.o
        30          0          0          0          0          0   handlers.o
        36          8          0          0          0         68   init.o
         0          0          0          0          0          0   iusefp.o
        30          0          0          0          0         68   llshl.o
        36          0          0          0          0         68   llsshr.o
        32          0          0          0          0         68   llushr.o
       188         20          0          0          0        160   malloc.o
        36          0          0          0          0        108   memseta.o
         0          0          0          8          0          0   mvars.o
      2350         92          0          0          0        668   printfa.o
        44          0          0          0          0         80   uidiv.o
        98          0          0          0          0         92   uldiv.o
        48          0          0          0          0         68   cdrcmple.o
       334          0          0          0          0        148   dadd.o
       222          0          0          0          0        100   ddiv.o
       186          0          0          0          0        176   depilogue.o
        48          0          0          0          0         68   dfixul.o
       228          0          0          0          0         96   dmul.o
       110          0          0          0          0        168   fepilogue.o
        28          0          0          0          0         84   ffltul.o

    ----------------------------------------------------------------------
      5412        286        160         12          0       3732   Library Totals
        20          8          0          0          0          0   (incl. Padding)

    ----------------------------------------------------------------------

      Code (inc. data)   RO Data    RW Data    ZI Data      Debug   Library Name

      1218        144        160          0          0       1376   m_wv.l
      2970        134          0         12          0       1448   mc_w.l
      1204          0          0          0          0        908   mf_w.l

    ----------------------------------------------------------------------
      5412        286        160         12          0       3732   Library Totals

    ----------------------------------------------------------------------

==============================================================================


      Code (inc. data)   RO Data    RW Data    ZI Data      Debug   

     51720       1204      49908      24612      59956     603131   Grand Totals
     51720       1204      49908        208      59956     603131   ELF Image Totals (compressed)
     51720       1204      49908        208          0          0   ROM Totals

==============================================================================

    Total RO  Size (Code + RO Data)               101628 (  99.25kB)
    Total RW  Size (RW Data + ZI Data)             84568 (  82.59kB)
    Total ROM Size (Code + RO Data + RW Data)     101836 (  99.45kB)

==============================================================================

