Component: ARM Compiler 6.7 Tool: armlink [5c9ef700]

==============================================================================

Section Cross References

    startup_stm32h743xx.o(RESET) refers to startup_stm32h743xx.o(STACK) for __initial_sp
    startup_stm32h743xx.o(RESET) refers to startup_stm32h743xx.o(.text) for Reset_Handler
    startup_stm32h743xx.o(RESET) refers to stm32h7xx_it.o(.text.NMI_Handler) for NMI_Handler
    startup_stm32h743xx.o(RESET) refers to stm32h7xx_it.o(.text.HardFault_Handler) for HardFault_Handler
    startup_stm32h743xx.o(RESET) refers to stm32h7xx_it.o(.text.MemManage_Handler) for MemManage_Handler
    startup_stm32h743xx.o(RESET) refers to stm32h7xx_it.o(.text.BusFault_Handler) for BusFault_Handler
    startup_stm32h743xx.o(RESET) refers to stm32h7xx_it.o(.text.UsageFault_Handler) for UsageFault_Handler
    startup_stm32h743xx.o(RESET) refers to stm32h7xx_it.o(.text.SVC_Handler) for SVC_Handler
    startup_stm32h743xx.o(RESET) refers to stm32h7xx_it.o(.text.DebugMon_Handler) for DebugMon_Handler
    startup_stm32h743xx.o(RESET) refers to stm32h7xx_it.o(.text.PendSV_Handler) for PendSV_Handler
    startup_stm32h743xx.o(RESET) refers to stm32h7xx_it.o(.text.SysTick_Handler) for SysTick_Handler
    startup_stm32h743xx.o(RESET) refers to stm32h7xx_it.o(.text.DMA1_Stream0_IRQHandler) for DMA1_Stream0_IRQHandler
    startup_stm32h743xx.o(RESET) refers to stm32h7xx_it.o(.text.USART3_IRQHandler) for USART3_IRQHandler
    startup_stm32h743xx.o(.text) refers to system_stm32h7xx.o(.text.ExitRun0Mode) for ExitRun0Mode
    startup_stm32h743xx.o(.text) refers to system_stm32h7xx.o(.text.SystemInit) for SystemInit
    startup_stm32h743xx.o(.text) refers to entry.o(.ARM.Collect$$$$00000000) for __main
    main.o(.text.App_process) refers to main.o(.bss.adc_dma_finish) for adc_dma_finish
    main.o(.text.App_process) refers to main.o(.AXI_SRAM) for adc1_buffer
    main.o(.text.App_process) refers to tasks.o(.text.Stop_ADC_DMA) for Stop_ADC_DMA
    main.o(.text.App_process) refers to main.o(.bss.Wave_Info) for Wave_Info
    main.o(.text.App_process) refers to get_freq.o(.text.FreqMeasure_Process) for FreqMeasure_Process
    main.o(.text.App_process) refers to tasks.o(.text.Start_ADC_DMA) for Start_ADC_DMA
    main.o(.ARM.exidx.text.App_process) refers to main.o(.text.App_process) for [Anonymous Symbol]
    main.o(.text.main) refers to main.o(.text.MPU_Config) for MPU_Config
    main.o(.text.main) refers to stm32h7xx_hal.o(.text.HAL_Init) for HAL_Init
    main.o(.text.main) refers to main.o(.text.SystemClock_Config) for SystemClock_Config
    main.o(.text.main) refers to gpio.o(.text.MX_GPIO_Init) for MX_GPIO_Init
    main.o(.text.main) refers to dma.o(.text.MX_DMA_Init) for MX_DMA_Init
    main.o(.text.main) refers to adc.o(.text.MX_ADC1_Init) for MX_ADC1_Init
    main.o(.text.main) refers to tim.o(.text.MX_TIM3_Init) for MX_TIM3_Init
    main.o(.text.main) refers to tim.o(.text.MX_TIM2_Init) for MX_TIM2_Init
    main.o(.text.main) refers to usart.o(.text.MX_USART3_UART_Init) for MX_USART3_UART_Init
    main.o(.text.main) refers to tim.o(.text.MX_TIM5_Init) for MX_TIM5_Init
    main.o(.text.main) refers to tim.o(.text.MX_TIM14_Init) for MX_TIM14_Init
    main.o(.text.main) refers to usart.o(.bss.huart3) for huart3
    main.o(.text.main) refers to main.o(.bss.aRxBuffer) for aRxBuffer
    main.o(.text.main) refers to stm32h7xx_hal_uart_ex.o(.text.HAL_UARTEx_ReceiveToIdle_IT) for HAL_UARTEx_ReceiveToIdle_IT
    main.o(.text.main) refers to get_freq.o(.text.FreqMeasure_Init) for FreqMeasure_Init
    main.o(.text.main) refers to tasks.o(.text.Start_ADC_DMA) for Start_ADC_DMA
    main.o(.text.main) refers to main.o(.text.App_process) for App_process
    main.o(.ARM.exidx.text.main) refers to main.o(.text.main) for [Anonymous Symbol]
    main.o(.text.MPU_Config) refers to stm32h7xx_hal_cortex.o(.text.HAL_MPU_Disable) for HAL_MPU_Disable
    main.o(.text.MPU_Config) refers to stm32h7xx_hal_cortex.o(.text.HAL_MPU_ConfigRegion) for HAL_MPU_ConfigRegion
    main.o(.text.MPU_Config) refers to stm32h7xx_hal_cortex.o(.text.HAL_MPU_Enable) for HAL_MPU_Enable
    main.o(.ARM.exidx.text.MPU_Config) refers to main.o(.text.MPU_Config) for [Anonymous Symbol]
    main.o(.text.SystemClock_Config) refers to memseta.o(.text) for __aeabi_memclr4
    main.o(.text.SystemClock_Config) refers to stm32h7xx_hal_pwr_ex.o(.text.HAL_PWREx_ConfigSupply) for HAL_PWREx_ConfigSupply
    main.o(.text.SystemClock_Config) refers to stm32h7xx_hal_rcc.o(.text.HAL_RCC_OscConfig) for HAL_RCC_OscConfig
    main.o(.text.SystemClock_Config) refers to stm32h7xx_hal_rcc.o(.text.HAL_RCC_ClockConfig) for HAL_RCC_ClockConfig
    main.o(.text.SystemClock_Config) refers to main.o(.text.Error_Handler) for Error_Handler
    main.o(.ARM.exidx.text.SystemClock_Config) refers to main.o(.text.SystemClock_Config) for [Anonymous Symbol]
    main.o(.text.Error_Handler) refers to hmi.o(.text.HMI_send_string) for HMI_send_string
[...]
    LL_ADC_SetOffsetSignedSaturation         0x080072d9   Thumb Code    16  stm32h7xx_hal_adc.o(.text.LL_ADC_SetOffsetSignedSaturation)
    [Anonymous Symbol]                       0x080072e8   Section        0  main.o(.text.MPU_Config)
    MPU_Config                               0x080072e9   Thumb Code    62  main.o(.text.MPU_Config)
    [Anonymous Symbol]                       0x08007328   Section        0  adc.o(.text.MX_ADC1_Init)
    [Anonymous Symbol]                       0x080073f0   Section        0  dma.o(.text.MX_DMA_Init)
    [Anonymous Symbol]                       0x08007428   Section        0  gpio.o(.text.MX_GPIO_Init)
    [Anonymous Symbol]                       0x08007578   Section        0  tim.o(.text.MX_TIM14_Init)
    [Anonymous Symbol]                       0x080075b0   Section        0  tim.o(.text.MX_TIM2_Init)
    [Anonymous Symbol]                       0x08007688   Section        0  tim.o(.text.MX_TIM3_Init)
    [Anonymous Symbol]                       0x08007710   Section        0  tim.o(.text.MX_TIM5_Init)
    [Anonymous Symbol]                       0x08007798   Section        0  usart.o(.text.MX_USART3_UART_Init)
    [Anonymous Symbol]                       0x08007820   Section        0  stm32h7xx_it.o(.text.MemManage_Handler)
    [Anonymous Symbol]                       0x08007828   Section        0  stm32h7xx_it.o(.text.NMI_Handler)
    [Anonymous Symbol]                       0x08007830   Section        0  stm32h7xx_hal_cortex.o(.text.NVIC_EncodePriority)
    NVIC_EncodePriority                      0x08007831   Thumb Code    54  stm32h7xx_hal_cortex.o(.text.NVIC_EncodePriority)
    [Anonymous Symbol]                       0x08007868   Section        0  stm32h7xx_it.o(.text.PendSV_Handler)
    [Anonymous Symbol]                       0x08007870   Section        0  stm32h7xx_hal_rcc_ex.o(.text.RCCEx_PLL2_Config)
    RCCEx_PLL2_Config                        0x08007871   Thumb Code   284  stm32h7xx_hal_rcc_ex.o(.text.RCCEx_PLL2_Config)
    [Anonymous Symbol]                       0x08007990   Section        0  stm32h7xx_hal_rcc_ex.o(.text.RCCEx_PLL3_Config)
    RCCEx_PLL3_Config                        0x08007991   Thumb Code   284  stm32h7xx_hal_rcc_ex.o(.text.RCCEx_PLL3_Config)
    [Anonymous Symbol]                       0x08007ab0   Section        0  stm32h7xx_it.o(.text.SVC_Handler)
    [Anonymous Symbol]                       0x08007ab8   Section        0  tasks.o(.text.Start_ADC_DMA)
    [Anonymous Symbol]                       0x08007ae8   Section        0  tasks.o(.text.Stop_ADC_DMA)
    [Anonymous Symbol]                       0x08007b08   Section        0  stm32h7xx_hal_cortex.o(.text.SysTick_Config)
    SysTick_Config                           0x08007b09   Thumb Code    52  stm32h7xx_hal_cortex.o(.text.SysTick_Config)
    [Anonymous Symbol]                       0x08007b40   Section        0  stm32h7xx_it.o(.text.SysTick_Handler)
    [Anonymous Symbol]                       0x08007b48   Section        0  main.o(.text.SystemClock_Config)
    [Anonymous Symbol]                       0x08007c08   Section        0  system_stm32h7xx.o(.text.SystemInit)
    [Anonymous Symbol]                       0x08007d00   Section        0  stm32h7xx_hal_tim.o(.text.TIM_Base_SetConfig)
    [Anonymous Symbol]                       0x08007e48   Section        0  stm32h7xx_hal_tim.o(.text.TIM_CCxChannelCmd)
    [Anonymous Symbol]                       0x08007e68   Section        0  stm32h7xx_hal_tim.o(.text.TIM_ETR_SetConfig)
    [Anonymous Symbol]                       0x08007e80   Section        0  stm32h7xx_hal_tim.o(.text.TIM_ITRx_SetConfig)
    TIM_ITRx_SetConfig                       0x08007e81   Thumb Code    22  stm32h7xx_hal_tim.o(.text.TIM_ITRx_SetConfig)
    [Anonymous Symbol]                       0x08007e98   Section        0  stm32h7xx_hal_tim.o(.text.TIM_SlaveTimer_SetConfig)
    TIM_SlaveTimer_SetConfig                 0x08007e99   Thumb Code   324  stm32h7xx_hal_tim.o(.text.TIM_SlaveTimer_SetConfig)
    [Anonymous Symbol]                       0x08007fe0   Section        0  stm32h7xx_hal_tim.o(.text.TIM_TI1_ConfigInputStage)
    TIM_TI1_ConfigInputStage                 0x08007fe1   Thumb Code    34  stm32h7xx_hal_tim.o(.text.TIM_TI1_ConfigInputStage)
    [Anonymous Symbol]                       0x08008008   Section        0  stm32h7xx_hal_tim.o(.text.TIM_TI1_SetConfig)
    [Anonymous Symbol]                       0x080080b0   Section        0  stm32h7xx_hal_tim.o(.text.TIM_TI2_ConfigInputStage)
    TIM_TI2_ConfigInputStage                 0x080080b1   Thumb Code    36  stm32h7xx_hal_tim.o(.text.TIM_TI2_ConfigInputStage)
    [Anonymous Symbol]                       0x080080d8   Section        0  stm32h7xx_hal_tim.o(.text.TIM_TI2_SetConfig)
    TIM_TI2_SetConfig                        0x080080d9   Thumb Code    60  stm32h7xx_hal_tim.o(.text.TIM_TI2_SetConfig)
    [Anonymous Symbol]                       0x08008118   Section        0  stm32h7xx_hal_tim.o(.text.TIM_TI3_SetConfig)
    TIM_TI3_SetConfig                        0x08008119   Thumb Code    50  stm32h7xx_hal_tim.o(.text.TIM_TI3_SetConfig)
    [Anonymous Symbol]                       0x08008150   Section        0  stm32h7xx_hal_tim.o(.text.TIM_TI4_SetConfig)
    TIM_TI4_SetConfig                        0x08008151   Thumb Code    62  stm32h7xx_hal_tim.o(.text.TIM_TI4_SetConfig)
    [Anonymous Symbol]                       0x08008190   Section        0  hmi.o(.text.UART3_Printf)
    [Anonymous Symbol]                       0x080081e8   Section        0  stm32h7xx_hal_uart_ex.o(.text.UARTEx_SetNbDataToProcess)
    UARTEx_SetNbDataToProcess                0x080081e9   Thumb Code    96  stm32h7xx_hal_uart_ex.o(.text.UARTEx_SetNbDataToProcess)
    UARTEx_SetNbDataToProcess.denominator    0x08008238   Number         0  stm32h7xx_hal_uart_ex.o(.text.UARTEx_SetNbDataToProcess)
    UARTEx_SetNbDataToProcess.numerator      0x08008240   Number         0  stm32h7xx_hal_uart_ex.o(.text.UARTEx_SetNbDataToProcess)
    [Anonymous Symbol]                       0x08008248   Section        0  stm32h7xx_hal_uart.o(.text.UART_AdvFeatureConfig)
    [Anonymous Symbol]                       0x08008318   Section        0  stm32h7xx_hal_uart.o(.text.UART_CheckIdleState)
    [Anonymous Symbol]                       0x080083e0   Section        0  stm32h7xx_hal_uart.o(.text.UART_DMAAbortOnError)
    UART_DMAAbortOnError                     0x080083e1   Thumb Code    12  stm32h7xx_hal_uart.o(.text.UART_DMAAbortOnError)
    [Anonymous Symbol]                       0x080083f0   Section        0  stm32h7xx_hal_uart.o(.text.UART_EndRxTransfer)
    UART_EndRxTransfer                       0x080083f1   Thumb Code    90  stm32h7xx_hal_uart.o(.text.UART_EndRxTransfer)
    [Anonymous Symbol]                       0x08008450   Section        0  stm32h7xx_hal_uart.o(.text.UART_EndTransmit_IT)
    UART_EndTransmit_IT                      0x08008451   Thumb Code    34  stm32h7xx_hal_uart.o(.text.UART_EndTransmit_IT)
    [Anonymous Symbol]                       0x08008478   Section        0  stm32h7xx_hal_uart.o(.text.UART_RxISR_16BIT)
    UART_RxISR_16BIT                         0x08008479   Thumb Code   212  stm32h7xx_hal_uart.o(.text.UART_RxISR_16BIT)
    [Anonymous Symbol]                       0x08008550   Section        0  stm32h7xx_hal_uart.o(.text.UART_RxISR_16BIT_FIFOEN)
    UART_RxISR_16BIT_FIFOEN                  0x08008551   Thumb Code   462  stm32h7xx_hal_uart.o(.text.UART_RxISR_16BIT_FIFOEN)
    [Anonymous Symbol]                       0x08008720   Section        0  stm32h7xx_hal_uart.o(.text.UART_RxISR_8BIT)
    UART_RxISR_8BIT                          0x08008721   Thumb Code   212  stm32h7xx_hal_uart.o(.text.UART_RxISR_8BIT)
    [Anonymous Symbol]                       0x080087f8   Section        0  stm32h7xx_hal_uart.o(.text.UART_RxISR_8BIT_FIFOEN)
    UART_RxISR_8BIT_FIFOEN                   0x080087f9   Thumb Code   466  stm32h7xx_hal_uart.o(.text.UART_RxISR_8BIT_FIFOEN)
    [Anonymous Symbol]                       0x080089d0   Section        0  stm32h7xx_hal_uart.o(.text.UART_SetConfig)
    [Anonymous Symbol]                       0x08009010   Section        0  stm32h7xx_hal_uart.o(.text.UART_Start_Receive_IT)
    [Anonymous Symbol]                       0x08009140   Section        0  stm32h7xx_hal_uart.o(.text.UART_WaitOnFlagUntilTimeout)
    [Anonymous Symbol]                       0x080091f8   Section        0  stm32h7xx_it.o(.text.USART3_IRQHandler)
    [Anonymous Symbol]                       0x08009208   Section        0  stm32h7xx_it.o(.text.UsageFault_Handler)
    [Anonymous Symbol]                       0x08009210   Section        0  stm32h7xx_hal_cortex.o(.text.__NVIC_ClearPendingIRQ)
    __NVIC_ClearPendingIRQ                   0x08009211   Thumb Code    36  stm32h7xx_hal_cortex.o(.text.__NVIC_ClearPendingIRQ)
    [Anonymous Symbol]                       0x08009238   Section        0  stm32h7xx_hal_cortex.o(.text.__NVIC_DisableIRQ)
    __NVIC_DisableIRQ                        0x08009239   Thumb Code    44  stm32h7xx_hal_cortex.o(.text.__NVIC_DisableIRQ)
    [Anonymous Symbol]                       0x08009268   Section        0  stm32h7xx_hal_cortex.o(.text.__NVIC_EnableIRQ)
    __NVIC_EnableIRQ                         0x08009269   Thumb Code    36  stm32h7xx_hal_cortex.o(.text.__NVIC_EnableIRQ)
    [Anonymous Symbol]                       0x08009290   Section        0  stm32h7xx_hal_cortex.o(.text.__NVIC_GetPriorityGrouping)
    __NVIC_GetPriorityGrouping               0x08009291   Thumb Code    16  stm32h7xx_hal_cortex.o(.text.__NVIC_GetPriorityGrouping)
    [Anonymous Symbol]                       0x080092a0   Section        0  stm32h7xx_hal_cortex.o(.text.__NVIC_SetPriority)
    __NVIC_SetPriority                       0x080092a1   Thumb Code    34  stm32h7xx_hal_cortex.o(.text.__NVIC_SetPriority)
    [Anonymous Symbol]                       0x080092c8   Section        0  stm32h7xx_hal_cortex.o(.text.__NVIC_SetPriorityGrouping)
    __NVIC_SetPriorityGrouping               0x080092c9   Thumb Code    32  stm32h7xx_hal_cortex.o(.text.__NVIC_SetPriorityGrouping)
    [Anonymous Symbol]                       0x080092e8   Section        0  main.o(.text.main)
    i.__0vsnprintf                           0x080093d4   Section        0  printfa.o(i.__0vsnprintf)
    i.__scatterload_copy                     0x08009400   Section       14  handlers.o(i.__scatterload_copy)
    i.__scatterload_null                     0x0800940e   Section        2  handlers.o(i.__scatterload_null)
    i.__scatterload_zeroinit                 0x08009410   Section       14  handlers.o(i.__scatterload_zeroinit)
    i._fp_digits                             0x08009420   Section        0  printfa.o(i._fp_digits)
    _fp_digits                               0x08009421   Thumb Code   366  printfa.o(i._fp_digits)
    i._printf_core                           0x080095a4   Section        0  printfa.o(i._printf_core)
    _printf_core                             0x080095a5   Thumb Code  1744  printfa.o(i._printf_core)
    i._printf_post_padding                   0x08009c80   Section        0  printfa.o(i._printf_post_padding)
    _printf_post_padding                     0x08009c81   Thumb Code    36  printfa.o(i._printf_post_padding)
    i._printf_pre_padding                    0x08009ca4   Section        0  printfa.o(i._printf_pre_padding)
    _printf_pre_padding                      0x08009ca5   Thumb Code    46  printfa.o(i._printf_pre_padding)
    i._snputc                                0x08009cd2   Section        0  printfa.o(i._snputc)
    _snputc                                  0x08009cd3   Thumb Code    22  printfa.o(i._snputc)
    FreqCtrl.0                               0x20001010   Data           1  get_freq.o(.bss.FreqCtrl.0)
    FreqCtrl.1                               0x20001018   Data           8  get_freq.o(.bss.FreqCtrl.1)
    FreqCtrl.2                               0x20001020   Data           4  get_freq.o(.bss.FreqCtrl.2)
    FreqCtrl.3                               0x20001024   Data           1  get_freq.o(.bss.FreqCtrl.3)
    HAL_ADC_ConvCpltCallback.count           0x20001025   Data           1  main.o(.bss.HAL_ADC_ConvCpltCallback.count)
    STACK                                    0x200014d0   Section     1024  startup_stm32h743xx.o(STACK)

    Global Symbols

    Symbol Name                              Value     Ov Type        Size  Object(Section)

    BuildAttributes$$THM_ISAv4$E$P$D$K$B$S$7EM$VFPv5_D16$PE$PLD8$A:L22UL41UL21$X:L11$S22US41US21$IEEE1$IW$~IW$USESV6$~STKCKD$USESV7$~SHL$OTIME$ROPI$IEEEX$EBA8$MICROLIB$REQ8$PRES8$EABIv2 0x00000000   Number         0  anon$$obj.o ABSOLUTE
    _printf_a                                0x00000000   Number         0  stubs.o ABSOLUTE
    _printf_c                                0x00000000   Number         0  stubs.o ABSOLUTE
    _printf_charcount                        0x00000000   Number         0  stubs.o ABSOLUTE
    _printf_d                                0x00000000   Number         0  stubs.o ABSOLUTE
    _printf_e                                0x00000000   Number         0  stubs.o ABSOLUTE
    _printf_f                                0x00000000   Number         0  stubs.o ABSOLUTE
    _printf_flags                            0x00000000   Number         0  stubs.o ABSOLUTE
    _printf_fp_dec                           0x00000000   Number         0  stubs.o ABSOLUTE
    _printf_fp_hex                           0x00000000   Number         0  stubs.o ABSOLUTE
    _printf_g                                0x00000000   Number         0  stubs.o ABSOLUTE
    _printf_i                                0x00000000   Number         0  stubs.o ABSOLUTE
    _printf_int_dec                          0x00000000   Number         0  stubs.o ABSOLUTE
    _printf_l                                0x00000000   Number         0  stubs.o ABSOLUTE
    _printf_lc                               0x00000000   Number         0  stubs.o ABSOLUTE
    _printf_ll                               0x00000000   Number         0  stubs.o ABSOLUTE
    _printf_lld                              0x00000000   Number         0  stubs.o ABSOLUTE
    _printf_lli                              0x00000000   Number         0  stubs.o ABSOLUTE
    _printf_llo                              0x00000000   Number         0  stubs.o ABSOLUTE
    _printf_llu                              0x00000000   Number         0  stubs.o ABSOLUTE
    _printf_llx                              0x00000000   Number         0  stubs.o ABSOLUTE
    _printf_longlong_dec                     0x00000000   Number         0  stubs.o ABSOLUTE
    _printf_longlong_hex                     0x00000000   Number         0  stubs.o ABSOLUTE
    _printf_longlong_oct                     0x00000000   Number         0  stubs.o ABSOLUTE
    _printf_ls                               0x00000000   Number         0  stubs.o ABSOLUTE
    _printf_mbtowc                           0x00000000   Number         0  stubs.o ABSOLUTE
    _printf_n                                0x00000000   Number         0  stubs.o ABSOLUTE
    _printf_o                                0x00000000   Number         0  stubs.o ABSOLUTE
    _printf_p                                0x00000000   Number         0  stubs.o ABSOLUTE
    _printf_percent                          0x00000000   Number         0  stubs.o ABSOLUTE
    _printf_pre_padding                      0x00000000   Number         0  stubs.o ABSOLUTE
    _printf_return_value                     0x00000000   Number         0  stubs.o ABSOLUTE
    _printf_s                                0x00000000   Number         0  stubs.o ABSOLUTE
    _printf_sizespec                         0x00000000   Number         0  stubs.o ABSOLUTE
    _printf_str                              0x00000000   Number         0  stubs.o ABSOLUTE
    _printf_truncate_signed                  0x00000000   Number         0  stubs.o ABSOLUTE
    _printf_truncate_unsigned                0x00000000   Number         0  stubs.o ABSOLUTE
    _printf_u                                0x00000000   Number         0  stubs.o ABSOLUTE
    _printf_wc                               0x00000000   Number         0  stubs.o ABSOLUTE
    _printf_wctomb                           0x00000000   Number         0  stubs.o ABSOLUTE
    _printf_widthprec                        0x00000000   Number         0  stubs.o ABSOLUTE
    _printf_x                                0x00000000   Number         0  stubs.o ABSOLUTE
    __cpp_initialize__aeabi_                  - Undefined Weak Reference
    __cxa_finalize                            - Undefined Weak Reference
    _clock_init                               - Undefined Weak Reference
    _microlib_exit                            - Undefined Weak Reference
    __Vectors_Size                           0x00000298   Number         0  startup_stm32h743xx.o ABSOLUTE
    __Vectors                                0x08000000   Data           4  startup_stm32h743xx.o(RESET)
    __Vectors_End                            0x08000298   Data           0  startup_stm32h743xx.o(RESET)
    __main                                   0x08000299   Thumb Code     0  entry.o(.ARM.Collect$$$$00000000)
    _main_stk                                0x08000299   Thumb Code     0  entry2.o(.ARM.Collect$$$$00000001)
    _main_scatterload                        0x0800029d   Thumb Code     0  entry5.o(.ARM.Collect$$$$00000004)
    __main_after_scatterload                 0x080002a1   Thumb Code     0  entry5.o(.ARM.Collect$$$$00000004)
    _main_clock                              0x080002a1   Thumb Code     0  entry7b.o(.ARM.Collect$$$$00000008)
    _main_cpp_init                           0x080002a1   Thumb Code     0  entry8b.o(.ARM.Collect$$$$0000000A)
    _main_init                               0x080002a1   Thumb Code     0  entry9a.o(.ARM.Collect$$$$0000000B)
    __rt_final_cpp                           0x080002a9   Thumb Code     0  entry10a.o(.ARM.Collect$$$$0000000D)
    __rt_final_exit                          0x080002a9   Thumb Code     0  entry11a.o(.ARM.Collect$$$$0000000F)
    Reset_Handler                            0x080002ad   Thumb Code    12  startup_stm32h743xx.o(.text)
    ADC3_IRQHandler                          0x080002cb   Thumb Code     0  startup_stm32h743xx.o(.text)
    ADC_IRQHandler                           0x080002cb   Thumb Code     0  startup_stm32h743xx.o(.text)
    BDMA_Channel0_IRQHandler                 0x080002cb   Thumb Code     0  startup_stm32h743xx.o(.text)
    BDMA_Channel1_IRQHandler                 0x080002cb   Thumb Code     0  startup_stm32h743xx.o(.text)
    BDMA_Channel2_IRQHandler                 0x080002cb   Thumb Code     0  startup_stm32h743xx.o(.text)
    BDMA_Channel3_IRQHandler                 0x080002cb   Thumb Code     0  startup_stm32h743xx.o(.text)
    BDMA_Channel4_IRQHandler                 0x080002cb   Thumb Code     0  startup_stm32h743xx.o(.text)
    BDMA_Channel5_IRQHandler                 0x080002cb   Thumb Code     0  startup_stm32h743xx.o(.text)
    BDMA_Channel6_IRQHandler                 0x080002cb   Thumb Code     0  startup_stm32h743xx.o(.text)
    BDMA_Channel7_IRQHandler                 0x080002cb   Thumb Code     0  startup_stm32h743xx.o(.text)
    CEC_IRQHandler                           0x080002cb   Thumb Code     0  startup_stm32h743xx.o(.text)
    COMP1_IRQHandler                         0x080002cb   Thumb Code     0  startup_stm32h743xx.o(.text)
    CRS_IRQHandler                           0x080002cb   Thumb Code     0  startup_stm32h743xx.o(.text)
    DCMI_IRQHandler                          0x080002cb   Thumb Code     0  startup_stm32h743xx.o(.text)
    DFSDM1_FLT0_IRQHandler                   0x080002cb   Thumb Code     0  startup_stm32h743xx.o(.text)
    DFSDM1_FLT1_IRQHandler                   0x080002cb   Thumb Code     0  startup_stm32h743xx.o(.text)
    DFSDM1_FLT2_IRQHandler                   0x080002cb   Thumb Code     0  startup_stm32h743xx.o(.text)
    DFSDM1_FLT3_IRQHandler                   0x080002cb   Thumb Code     0  startup_stm32h743xx.o(.text)
    DMA1_Stream1_IRQHandler                  0x080002cb   Thumb Code     0  startup_stm32h743xx.o(.text)
    DMA1_Stream2_IRQHandler                  0x080002cb   Thumb Code     0  startup_stm32h743xx.o(.text)
    DMA1_Stream3_IRQHandler                  0x080002cb   Thumb Code     0  startup_stm32h743xx.o(.text)
    DMA1_Stream4_IRQHandler                  0x080002cb   Thumb Code     0  startup_stm32h743xx.o(.text)
    DMA1_Stream5_IRQHandler                  0x080002cb   Thumb Code     0  startup_stm32h743xx.o(.text)
    DMA1_Stream6_IRQHandler                  0x080002cb   Thumb Code     0  startup_stm32h743xx.o(.text)
    DMA1_Stream7_IRQHandler                  0x080002cb   Thumb Code     0  startup_stm32h743xx.o(.text)
    DMA2D_IRQHandler                         0x080002cb   Thumb Code     0  startup_stm32h743xx.o(.text)
    DMA2_Stream0_IRQHandler                  0x080002cb   Thumb Code     0  startup_stm32h743xx.o(.text)
    DMA2_Stream1_IRQHandler                  0x080002cb   Thumb Code     0  startup_stm32h743xx.o(.text)
    DMA2_Stream2_IRQHandler                  0x080002cb   Thumb Code     0  startup_stm32h743xx.o(.text)
    DMA2_Stream3_IRQHandler                  0x080002cb   Thumb Code     0  startup_stm32h743xx.o(.text)
    DMA2_Stream4_IRQHandler                  0x080002cb   Thumb Code     0  startup_stm32h743xx.o(.text)
    DMA2_Stream5_IRQHandler                  0x080002cb   Thumb Code     0  startup_stm32h743xx.o(.text)
    DMA2_Stream6_IRQHandler                  0x080002cb   Thumb Code     0  startup_stm32h743xx.o(.text)
    DMA2_Stream7_IRQHandler                  0x080002cb   Thumb Code     0  startup_stm32h743xx.o(.text)
    DMAMUX1_OVR_IRQHandler                   0x080002cb   Thumb Code     0  startup_stm32h743xx.o(.text)
    DMAMUX2_OVR_IRQHandler                   0x080002cb   Thumb Code     0  startup_stm32h743xx.o(.text)
    ECC_IRQHandler                           0x080002cb   Thumb Code     0  startup_stm32h743xx.o(.text)
    ETH_IRQHandler                           0x080002cb   Thumb Code     0  startup_stm32h743xx.o(.text)
    ETH_WKUP_IRQHandler                      0x080002cb   Thumb Code     0  startup_stm32h743xx.o(.text)
    EXTI0_IRQHandler                         0x080002cb   Thumb Code     0  startup_stm32h743xx.o(.text)
    EXTI15_10_IRQHandler                     0x080002cb   Thumb Code     0  startup_stm32h743xx.o(.text)
    EXTI1_IRQHandler                         0x080002cb   Thumb Code     0  startup_stm32h743xx.o(.text)
    EXTI2_IRQHandler                         0x080002cb   Thumb Code     0  startup_stm32h743xx.o(.text)
    EXTI3_IRQHandler                         0x080002cb   Thumb Code     0  startup_stm32h743xx.o(.text)
    EXTI4_IRQHandler                         0x080002cb   Thumb Code     0  startup_stm32h743xx.o(.text)
    EXTI9_5_IRQHandler                       0x080002cb   Thumb Code     0  startup_stm32h743xx.o(.text)
    FDCAN1_IT0_IRQHandler                    0x080002cb   Thumb Code     0  startup_stm32h743xx.o(.text)
    FDCAN1_IT1_IRQHandler                    0x080002cb   Thumb Code     0  startup_stm32h743xx.o(.text)
    FDCAN2_IT0_IRQHandler                    0x080002cb   Thumb Code     0  startup_stm32h743xx.o(.text)
    FDCAN2_IT1_IRQHandler                    0x080002cb   Thumb Code     0  startup_stm32h743xx.o(.text)
    FDCAN_CAL_IRQHandler                     0x080002cb   Thumb Code     0  startup_stm32h743xx.o(.text)
    FLASH_IRQHandler                         0x080002cb   Thumb Code     0  startup_stm32h743xx.o(.text)
    FMC_IRQHandler                           0x080002cb   Thumb Code     0  startup_stm32h743xx.o(.text)
    FPU_IRQHandler                           0x080002cb   Thumb Code     0  startup_stm32h743xx.o(.text)
    HRTIM1_FLT_IRQHandler                    0x080002cb   Thumb Code     0  startup_stm32h743xx.o(.text)
    HRTIM1_Master_IRQHandler                 0x080002cb   Thumb Code     0  startup_stm32h743xx.o(.text)
    HRTIM1_TIMA_IRQHandler                   0x080002cb   Thumb Code     0  startup_stm32h743xx.o(.text)
    HRTIM1_TIMB_IRQHandler                   0x080002cb   Thumb Code     0  startup_stm32h743xx.o(.text)
    HRTIM1_TIMC_IRQHandler                   0x080002cb   Thumb Code     0  startup_stm32h743xx.o(.text)
    HRTIM1_TIMD_IRQHandler                   0x080002cb   Thumb Code     0  startup_stm32h743xx.o(.text)
    HRTIM1_TIME_IRQHandler                   0x080002cb   Thumb Code     0  startup_stm32h743xx.o(.text)
    HSEM1_IRQHandler                         0x080002cb   Thumb Code     0  startup_stm32h743xx.o(.text)
    I2C1_ER_IRQHandler                       0x080002cb   Thumb Code     0  startup_stm32h743xx.o(.text)
    I2C1_EV_IRQHandler                       0x080002cb   Thumb Code     0  startup_stm32h743xx.o(.text)
    I2C2_ER_IRQHandler                       0x080002cb   Thumb Code     0  startup_stm32h743xx.o(.text)
    I2C2_EV_IRQHandler                       0x080002cb   Thumb Code     0  startup_stm32h743xx.o(.text)
    I2C3_ER_IRQHandler                       0x080002cb   Thumb Code     0  startup_stm32h743xx.o(.text)
    I2C3_EV_IRQHandler                       0x080002cb   Thumb Code     0  startup_stm32h743xx.o(.text)
    I2C4_ER_IRQHandler                       0x080002cb   Thumb Code     0  startup_stm32h743xx.o(.text)
    I2C4_EV_IRQHandler                       0x080002cb   Thumb Code     0  startup_stm32h743xx.o(.text)
    JPEG_IRQHandler                          0x080002cb   Thumb Code     0  startup_stm32h743xx.o(.text)
    LPTIM1_IRQHandler                        0x080002cb   Thumb Code     0  startup_stm32h743xx.o(.text)
    LPTIM2_IRQHandler                        0x080002cb   Thumb Code     0  startup_stm32h743xx.o(.text)
    LPTIM3_IRQHandler                        0x080002cb   Thumb Code     0  startup_stm32h743xx.o(.text)
    LPTIM4_IRQHandler                        0x080002cb   Thumb Code     0  startup_stm32h743xx.o(.text)
    LPTIM5_IRQHandler                        0x080002cb   Thumb Code     0  startup_stm32h743xx.o(.text)
    LPUART1_IRQHandler                       0x080002cb   Thumb Code     0  startup_stm32h743xx.o(.text)
    LTDC_ER_IRQHandler                       0x080002cb   Thumb Code     0  startup_stm32h743xx.o(.text)
    LTDC_IRQHandler                          0x080002cb   Thumb Code     0  startup_stm32h743xx.o(.text)
    MDIOS_IRQHandler                         0x080002cb   Thumb Code     0  startup_stm32h743xx.o(.text)
    MDIOS_WKUP_IRQHandler                    0x080002cb   Thumb Code     0  startup_stm32h743xx.o(.text)
    MDMA_IRQHandler                          0x080002cb   Thumb Code     0  startup_stm32h743xx.o(.text)
    OTG_FS_EP1_IN_IRQHandler                 0x080002cb   Thumb Code     0  startup_stm32h743xx.o(.text)
    OTG_FS_EP1_OUT_IRQHandler                0x080002cb   Thumb Code     0  startup_stm32h743xx.o(.text)
    OTG_FS_IRQHandler                        0x080002cb   Thumb Code     0  startup_stm32h743xx.o(.text)
    OTG_FS_WKUP_IRQHandler                   0x080002cb   Thumb Code     0  startup_stm32h743xx.o(.text)
    OTG_HS_EP1_IN_IRQHandler                 0x080002cb   Thumb Code     0  startup_stm32h743xx.o(.text)
    OTG_HS_EP1_OUT_IRQHandler                0x080002cb   Thumb Code     0  startup_stm32h743xx.o(.text)
    OTG_HS_IRQHandler                        0x080002cb   Thumb Code     0  startup_stm32h743xx.o(.text)
    OTG_HS_WKUP_IRQHandler                   0x080002cb   Thumb Code     0  startup_stm32h743xx.o(.text)
    PVD_AVD_IRQHandler                       0x080002cb   Thumb Code     0  startup_stm32h743xx.o(.text)
    QUADSPI_IRQHandler                       0x080002cb   Thumb Code     0  startup_stm32h743xx.o(.text)
    RCC_IRQHandler                           0x080002cb   Thumb Code     0  startup_stm32h743xx.o(.text)
    RNG_IRQHandler                           0x080002cb   Thumb Code     0  startup_stm32h743xx.o(.text)
    RTC_Alarm_IRQHandler                     0x080002cb   Thumb Code     0  startup_stm32h743xx.o(.text)
    RTC_WKUP_IRQHandler                      0x080002cb   Thumb Code     0  startup_stm32h743xx.o(.text)
    SAI1_IRQHandler                          0x080002cb   Thumb Code     0  startup_stm32h743xx.o(.text)
    SAI2_IRQHandler                          0x080002cb   Thumb Code     0  startup_stm32h743xx.o(.text)
    SAI3_IRQHandler                          0x080002cb   Thumb Code     0  startup_stm32h743xx.o(.text)
    SAI4_IRQHandler                          0x080002cb   Thumb Code     0  startup_stm32h743xx.o(.text)
    SDMMC1_IRQHandler                        0x080002cb   Thumb Code     0  startup_stm32h743xx.o(.text)
    SDMMC2_IRQHandler                        0x080002cb   Thumb Code     0  startup_stm32h743xx.o(.text)
    SPDIF_RX_IRQHandler                      0x080002cb   Thumb Code     0  startup_stm32h743xx.o(.text)
    SPI1_IRQHandler                          0x080002cb   Thumb Code     0  startup_stm32h743xx.o(.text)
    SPI2_IRQHandler                          0x080002cb   Thumb Code     0  startup_stm32h743xx.o(.text)
    SPI3_IRQHandler                          0x080002cb   Thumb Code     0  startup_stm32h743xx.o(.text)
    SPI4_IRQHandler                          0x080002cb   Thumb Code     0  startup_stm32h743xx.o(.text)
    SPI5_IRQHandler                          0x080002cb   Thumb Code     0  startup_stm32h743xx.o(.text)
    SPI6_IRQHandler                          0x080002cb   Thumb Code     0  startup_stm32h743xx.o(.text)
    SWPMI1_IRQHandler                        0x080002cb   Thumb Code     0  startup_stm32h743xx.o(.text)
    TAMP_STAMP_IRQHandler                    0x080002cb   Thumb Code     0  startup_stm32h743xx.o(.text)
    TIM15_IRQHandler                         0x080002cb   Thumb Code     0  startup_stm32h743xx.o(.text)
    TIM16_IRQHandler                         0x080002cb   Thumb Code     0  startup_stm32h743xx.o(.text)
    TIM17_IRQHandler                         0x080002cb   Thumb Code     0  startup_stm32h743xx.o(.text)
    TIM1_BRK_IRQHandler                      0x080002cb   Thumb Code     0  startup_stm32h743xx.o(.text)
    TIM1_CC_IRQHandler                       0x080002cb   Thumb Code     0  startup_stm32h743xx.o(.text)
    TIM1_TRG_COM_IRQHandler                  0x080002cb   Thumb Code     0  startup_stm32h743xx.o(.text)
    TIM1_UP_IRQHandler                       0x080002cb   Thumb Code     0  startup_stm32h743xx.o(.text)
    TIM2_IRQHandler                          0x080002cb   Thumb Code     0  startup_stm32h743xx.o(.text)
    TIM3_IRQHandler                          0x080002cb   Thumb Code     0  startup_stm32h743xx.o(.text)
    TIM4_IRQHandler                          0x080002cb   Thumb Code     0  startup_stm32h743xx.o(.text)
    TIM5_IRQHandler                          0x080002cb   Thumb Code     0  startup_stm32h743xx.o(.text)
    TIM6_DAC_IRQHandler                      0x080002cb   Thumb Code     0  startup_stm32h743xx.o(.text)
    TIM7_IRQHandler                          0x080002cb   Thumb Code     0  startup_stm32h743xx.o(.text)
    TIM8_BRK_TIM12_IRQHandler                0x080002cb   Thumb Code     0  startup_stm32h743xx.o(.text)
    TIM8_CC_IRQHandler                       0x080002cb   Thumb Code     0  startup_stm32h743xx.o(.text)
    TIM8_TRG_COM_TIM14_IRQHandler            0x080002cb   Thumb Code     0  startup_stm32h743xx.o(.text)
    TIM8_UP_TIM13_IRQHandler                 0x080002cb   Thumb Code     0  startup_stm32h743xx.o(.text)
    UART4_IRQHandler                         0x080002cb   Thumb Code     0  startup_stm32h743xx.o(.text)
    UART5_IRQHandler                         0x080002cb   Thumb Code     0  startup_stm32h743xx.o(.text)
    UART7_IRQHandler                         0x080002cb   Thumb Code     0  startup_stm32h743xx.o(.text)
    UART8_IRQHandler                         0x080002cb   Thumb Code     0  startup_stm32h743xx.o(.text)
    USART1_IRQHandler                        0x080002cb   Thumb Code     0  startup_stm32h743xx.o(.text)
    USART2_IRQHandler                        0x080002cb   Thumb Code     0  startup_stm32h743xx.o(.text)
    USART6_IRQHandler                        0x080002cb   Thumb Code     0  startup_stm32h743xx.o(.text)
    WAKEUP_PIN_IRQHandler                    0x080002cb   Thumb Code     0  startup_stm32h743xx.o(.text)
    WWDG_IRQHandler                          0x080002cb   Thumb Code     0  startup_stm32h743xx.o(.text)
    __aeabi_uldivmod                         0x080002d9   Thumb Code    98  uldiv.o(.text)
    __aeabi_memset                           0x0800033b   Thumb Code    14  memseta.o(.text)
    __aeabi_memset4                          0x0800033b   Thumb Code     0  memseta.o(.text)
    __aeabi_memset8                          0x0800033b   Thumb Code     0  memseta.o(.text)
    __aeabi_memclr                           0x08000349   Thumb Code     4  memseta.o(.text)
    __aeabi_memclr4                          0x08000349   Thumb Code     0  memseta.o(.text)
    __aeabi_memclr8                          0x08000349   Thumb Code     0  memseta.o(.text)
    _memset$wrapper                          0x0800034d   Thumb Code    18  memseta.o(.text)
    __aeabi_ul2f                             0x0800035f   Thumb Code    28  ffltul.o(.text)
    __aeabi_uidiv                            0x0800037b   Thumb Code     0  uidiv.o(.text)
    __aeabi_uidivmod                         0x0800037b   Thumb Code    44  uidiv.o(.text)
    __aeabi_llsl                             0x080003a7   Thumb Code    30  llshl.o(.text)
    _ll_shift_l                              0x080003a7   Thumb Code     0  llshl.o(.text)
    __aeabi_llsr                             0x080003c5   Thumb Code    32  llushr.o(.text)
    _ll_ushift_r                             0x080003c5   Thumb Code     0  llushr.o(.text)
    __I$use$fp                               0x080003e5   Thumb Code     0  iusefp.o(.text)
    _float_round                             0x080003e5   Thumb Code    18  fepilogue.o(.text)
    _float_epilogue                          0x080003f7   Thumb Code    92  fepilogue.o(.text)
    __aeabi_dadd                             0x08000453   Thumb Code   322  dadd.o(.text)
    __aeabi_dsub                             0x08000595   Thumb Code     6  dadd.o(.text)
    __aeabi_drsub                            0x0800059b   Thumb Code     6  dadd.o(.text)
    __aeabi_dmul                             0x080005a1   Thumb Code   228  dmul.o(.text)
    __aeabi_ddiv                             0x08000685   Thumb Code   222  ddiv.o(.text)
    __aeabi_d2ulz                            0x08000763   Thumb Code    48  dfixul.o(.text)
    __aeabi_cdrcmple                         0x08000795   Thumb Code    48  cdrcmple.o(.text)
    __scatterload                            0x080007c5   Thumb Code    28  init.o(.text)
    __scatterload_rt2                        0x080007c5   Thumb Code     0  init.o(.text)
    __aeabi_lasr                             0x080007e9   Thumb Code    36  llsshr.o(.text)
    _ll_sshift_r                             0x080007e9   Thumb Code     0  llsshr.o(.text)
    _double_round                            0x0800080d   Thumb Code    30  depilogue.o(.text)
    _double_epilogue                         0x0800082b   Thumb Code   156  depilogue.o(.text)
    __decompress                             0x080008c7   Thumb Code     0  __dczerorl.o(.text)
    __decompress0                            0x080008c7   Thumb Code    58  __dczerorl.o(.text)
    ADC_ConfigureBoostMode                   0x08000901   Thumb Code   276  stm32h7xx_hal_adc.o(.text.ADC_ConfigureBoostMode)
    ADC_ConversionStop                       0x08000a19   Thumb Code   226  stm32h7xx_hal_adc.o(.text.ADC_ConversionStop)
    ADC_DMAConvCplt                          0x08000b01   Thumb Code   138  stm32h7xx_hal_adc.o(.text.ADC_DMAConvCplt)
    ADC_DMAError                             0x08000b91   Thumb Code    22  stm32h7xx_hal_adc.o(.text.ADC_DMAError)
    ADC_DMAHalfConvCplt                      0x08000ba9   Thumb Code     6  stm32h7xx_hal_adc.o(.text.ADC_DMAHalfConvCplt)
    ADC_Disable                              0x08000bb1   Thumb Code   150  stm32h7xx_hal_adc.o(.text.ADC_Disable)
    ADC_Enable                               0x08000c49   Thumb Code   212  stm32h7xx_hal_adc.o(.text.ADC_Enable)
    App_process                              0x08000d21   Thumb Code    96  main.o(.text.App_process)
    BusFault_Handler                         0x08000d81   Thumb Code     2  stm32h7xx_it.o(.text.BusFault_Handler)
    DMA1_Stream0_IRQHandler                  0x08000d89   Thumb Code    12  stm32h7xx_it.o(.text.DMA1_Stream0_IRQHandler)
    DebugMon_Handler                         0x080013b1   Thumb Code     2  stm32h7xx_it.o(.text.DebugMon_Handler)
    Error_Handler                            0x080013b9   Thumb Code    40  main.o(.text.Error_Handler)
    ExitRun0Mode                             0x080013e1   Thumb Code    28  system_stm32h7xx.o(.text.ExitRun0Mode)
    FreqMeasure_Init                         0x08001401   Thumb Code    18  get_freq.o(.text.FreqMeasure_Init)
    FreqMeasure_Process                      0x08001419   Thumb Code   212  get_freq.o(.text.FreqMeasure_Process)
    HAL_ADCEx_MultiModeConfigChannel         0x08001649   Thumb Code   270  stm32h7xx_hal_adc_ex.o(.text.HAL_ADCEx_MultiModeConfigChannel)
    HAL_ADC_ConfigChannel                    0x08001759   Thumb Code  1082  stm32h7xx_hal_adc.o(.text.HAL_ADC_ConfigChannel)
    HAL_ADC_ConvCpltCallback                 0x08001b99   Thumb Code    58  main.o(.text.HAL_ADC_ConvCpltCallback)
    HAL_ADC_ConvHalfCpltCallback             0x08001bd9   Thumb Code     2  stm32h7xx_hal_adc.o(.text.HAL_ADC_ConvHalfCpltCallback)
    HAL_ADC_ErrorCallback                    0x08001be1   Thumb Code     2  stm32h7xx_hal_adc.o(.text.HAL_ADC_ErrorCallback)
    HAL_ADC_Init                             0x08001be9   Thumb Code   550  stm32h7xx_hal_adc.o(.text.HAL_ADC_Init)
    HAL_ADC_MspInit                          0x08001e11   Thumb Code   240  adc.o(.text.HAL_ADC_MspInit)
    HAL_ADC_Start_DMA                        0x08001f01   Thumb Code   292  stm32h7xx_hal_adc.o(.text.HAL_ADC_Start_DMA)
    HAL_ADC_Stop_DMA                         0x08002029   Thumb Code   124  stm32h7xx_hal_adc.o(.text.HAL_ADC_Stop_DMA)
    HAL_DMA_Abort                            0x080020a9   Thumb Code  1440  stm32h7xx_hal_dma.o(.text.HAL_DMA_Abort)
    HAL_DMA_Abort_IT                         0x08002649   Thumb Code  1108  stm32h7xx_hal_dma.o(.text.HAL_DMA_Abort_IT)
    HAL_DMA_IRQHandler                       0x08002aa1   Thumb Code  3070  stm32h7xx_hal_dma.o(.text.HAL_DMA_IRQHandler)
    HAL_DMA_Init                             0x080036a1   Thumb Code  1376  stm32h7xx_hal_dma.o(.text.HAL_DMA_Init)
    HAL_DMA_Start_IT                         0x08003c01   Thumb Code  1146  stm32h7xx_hal_dma.o(.text.HAL_DMA_Start_IT)
    HAL_GPIO_Init                            0x08004081   Thumb Code   446  stm32h7xx_hal_gpio.o(.text.HAL_GPIO_Init)
    HAL_GPIO_WritePin                        0x08004241   Thumb Code    10  stm32h7xx_hal_gpio.o(.text.HAL_GPIO_WritePin)
    HAL_GetREVID                             0x08004251   Thumb Code    14  stm32h7xx_hal.o(.text.HAL_GetREVID)
    HAL_GetTick                              0x08004261   Thumb Code    12  stm32h7xx_hal.o(.text.HAL_GetTick)
    HAL_IncTick                              0x08004271   Thumb Code    26  stm32h7xx_hal.o(.text.HAL_IncTick)
    HAL_Init                                 0x08004291   Thumb Code   102  stm32h7xx_hal.o(.text.HAL_Init)
    HAL_InitTick                             0x080042f9   Thumb Code    88  stm32h7xx_hal.o(.text.HAL_InitTick)
    HAL_MPU_ConfigRegion                     0x08004351   Thumb Code    90  stm32h7xx_hal_cortex.o(.text.HAL_MPU_ConfigRegion)
    HAL_MPU_Disable                          0x080043b1   Thumb Code    26  stm32h7xx_hal_cortex.o(.text.HAL_MPU_Disable)
    HAL_MPU_Enable                           0x080043d1   Thumb Code    32  stm32h7xx_hal_cortex.o(.text.HAL_MPU_Enable)
    HAL_MspInit                              0x080043f1   Thumb Code    32  stm32h7xx_hal_msp.o(.text.HAL_MspInit)
    HAL_NVIC_ClearPendingIRQ                 0x08004411   Thumb Code     4  stm32h7xx_hal_cortex.o(.text.HAL_NVIC_ClearPendingIRQ)
    HAL_NVIC_DisableIRQ                      0x08004419   Thumb Code     4  stm32h7xx_hal_cortex.o(.text.HAL_NVIC_DisableIRQ)
    HAL_NVIC_EnableIRQ                       0x08004421   Thumb Code     4  stm32h7xx_hal_cortex.o(.text.HAL_NVIC_EnableIRQ)
    HAL_NVIC_SetPriority                     0x08004429   Thumb Code    32  stm32h7xx_hal_cortex.o(.text.HAL_NVIC_SetPriority)
    HAL_NVIC_SetPriorityGrouping             0x08004449   Thumb Code     4  stm32h7xx_hal_cortex.o(.text.HAL_NVIC_SetPriorityGrouping)
    HAL_PWREx_ConfigSupply                   0x08004451   Thumb Code    82  stm32h7xx_hal_pwr_ex.o(.text.HAL_PWREx_ConfigSupply)
    HAL_RCCEx_GetD3PCLK1Freq                 0x080044a9   Thumb Code    38  stm32h7xx_hal_rcc_ex.o(.text.HAL_RCCEx_GetD3PCLK1Freq)
    HAL_RCCEx_GetPLL1ClockFreq               0x080044d1   Thumb Code   392  stm32h7xx_hal_rcc_ex.o(.text.HAL_RCCEx_GetPLL1ClockFreq)
    HAL_RCCEx_GetPLL2ClockFreq               0x08004659   Thumb Code   376  stm32h7xx_hal_rcc_ex.o(.text.HAL_RCCEx_GetPLL2ClockFreq)
    HAL_RCCEx_GetPLL3ClockFreq               0x080047d1   Thumb Code   376  stm32h7xx_hal_rcc_ex.o(.text.HAL_RCCEx_GetPLL3ClockFreq)
    HAL_RCCEx_GetPeriphCLKFreq               0x08004949   Thumb Code  1134  stm32h7xx_hal_rcc_ex.o(.text.HAL_RCCEx_GetPeriphCLKFreq)
    HAL_RCCEx_PeriphCLKConfig                0x08004db9   Thumb Code  2484  stm32h7xx_hal_rcc_ex.o(.text.HAL_RCCEx_PeriphCLKConfig)
    HAL_RCC_ClockConfig                      0x08005771   Thumb Code   626  stm32h7xx_hal_rcc.o(.text.HAL_RCC_ClockConfig)
    HAL_RCC_GetHCLKFreq                      0x080059e9   Thumb Code    76  stm32h7xx_hal_rcc.o(.text.HAL_RCC_GetHCLKFreq)
    HAL_RCC_GetPCLK1Freq                     0x08005a39   Thumb Code    38  stm32h7xx_hal_rcc.o(.text.HAL_RCC_GetPCLK1Freq)
    HAL_RCC_GetPCLK2Freq                     0x08005a61   Thumb Code    38  stm32h7xx_hal_rcc.o(.text.HAL_RCC_GetPCLK2Freq)
    HAL_RCC_GetSysClockFreq                  0x08005a89   Thumb Code   364  stm32h7xx_hal_rcc.o(.text.HAL_RCC_GetSysClockFreq)
    HAL_RCC_OscConfig                        0x08005bf9   Thumb Code  1382  stm32h7xx_hal_rcc.o(.text.HAL_RCC_OscConfig)
    HAL_SYSTICK_Config                       0x08006161   Thumb Code     4  stm32h7xx_hal_cortex.o(.text.HAL_SYSTICK_Config)
    HAL_TIMEx_MasterConfigSynchronization    0x08006169   Thumb Code   210  stm32h7xx_hal_tim_ex.o(.text.HAL_TIMEx_MasterConfigSynchronization)
    HAL_TIM_Base_Init                        0x08006241   Thumb Code    98  stm32h7xx_hal_tim.o(.text.HAL_TIM_Base_Init)
    HAL_TIM_Base_MspInit                     0x080062a9   Thumb Code   188  tim.o(.text.HAL_TIM_Base_MspInit)
    HAL_TIM_Base_Start                       0x08006369   Thumb Code   178  stm32h7xx_hal_tim.o(.text.HAL_TIM_Base_Start)
    HAL_TIM_Base_Stop                        0x08006421   Thumb Code    40  stm32h7xx_hal_tim.o(.text.HAL_TIM_Base_Stop)
    HAL_TIM_ConfigClockSource                0x08006449   Thumb Code   282  stm32h7xx_hal_tim.o(.text.HAL_TIM_ConfigClockSource)
    HAL_TIM_IC_ConfigChannel                 0x08006569   Thumb Code   180  stm32h7xx_hal_tim.o(.text.HAL_TIM_IC_ConfigChannel)
    HAL_TIM_IC_Init                          0x08006621   Thumb Code    98  stm32h7xx_hal_tim.o(.text.HAL_TIM_IC_Init)
    HAL_TIM_IC_MspInit                       0x08006689   Thumb Code     2  stm32h7xx_hal_tim.o(.text.HAL_TIM_IC_MspInit)
    HAL_TIM_IC_Start                         0x08006691   Thumb Code   328  stm32h7xx_hal_tim.o(.text.HAL_TIM_IC_Start)
    HAL_TIM_IC_Stop                          0x080067d9   Thumb Code   154  stm32h7xx_hal_tim.o(.text.HAL_TIM_IC_Stop)
    HAL_TIM_ReadCapturedValue                0x08006879   Thumb Code    52  stm32h7xx_hal_tim.o(.text.HAL_TIM_ReadCapturedValue)
    HAL_TIM_SlaveConfigSynchro               0x080068b1   Thumb Code    74  stm32h7xx_hal_tim.o(.text.HAL_TIM_SlaveConfigSynchro)
    HAL_UARTEx_DisableFifoMode               0x08006901   Thumb Code    64  stm32h7xx_hal_uart_ex.o(.text.HAL_UARTEx_DisableFifoMode)
    HAL_UARTEx_ReceiveToIdle_IT              0x08006941   Thumb Code    82  stm32h7xx_hal_uart_ex.o(.text.HAL_UARTEx_ReceiveToIdle_IT)
    HAL_UARTEx_RxEventCallback               0x08006999   Thumb Code     2  stm32h7xx_hal_uart.o(.text.HAL_UARTEx_RxEventCallback)
    HAL_UARTEx_RxFifoFullCallback            0x080069a1   Thumb Code     2  stm32h7xx_hal_uart_ex.o(.text.HAL_UARTEx_RxFifoFullCallback)
    HAL_UARTEx_SetRxFifoThreshold            0x080069a9   Thumb Code    90  stm32h7xx_hal_uart_ex.o(.text.HAL_UARTEx_SetRxFifoThreshold)
    HAL_UARTEx_SetTxFifoThreshold            0x08006a09   Thumb Code    90  stm32h7xx_hal_uart_ex.o(.text.HAL_UARTEx_SetTxFifoThreshold)
    HAL_UARTEx_TxFifoEmptyCallback           0x08006a69   Thumb Code     2  stm32h7xx_hal_uart_ex.o(.text.HAL_UARTEx_TxFifoEmptyCallback)
    HAL_UARTEx_WakeupCallback                0x08006a71   Thumb Code     2  stm32h7xx_hal_uart_ex.o(.text.HAL_UARTEx_WakeupCallback)
    HAL_UART_ErrorCallback                   0x08006a79   Thumb Code     2  stm32h7xx_hal_uart.o(.text.HAL_UART_ErrorCallback)
    HAL_UART_IRQHandler                      0x08006a81   Thumb Code  1078  stm32h7xx_hal_uart.o(.text.HAL_UART_IRQHandler)
    HAL_UART_Init                            0x08006eb9   Thumb Code   106  stm32h7xx_hal_uart.o(.text.HAL_UART_Init)
    HAL_UART_MspInit                         0x08006f29   Thumb Code   174  usart.o(.text.HAL_UART_MspInit)
    HAL_UART_RxCpltCallback                  0x08006fd9   Thumb Code     2  stm32h7xx_hal_uart.o(.text.HAL_UART_RxCpltCallback)
    HAL_UART_Transmit                        0x08006fe1   Thumb Code   200  stm32h7xx_hal_uart.o(.text.HAL_UART_Transmit)
    HAL_UART_TxCpltCallback                  0x080070a9   Thumb Code     2  stm32h7xx_hal_uart.o(.text.HAL_UART_TxCpltCallback)
    HMI_send_string                          0x080070b1   Thumb Code    24  hmi.o(.text.HMI_send_string)
    HardFault_Handler                        0x080070c9   Thumb Code     2  stm32h7xx_it.o(.text.HardFault_Handler)
    MX_ADC1_Init                             0x08007329   Thumb Code   198  adc.o(.text.MX_ADC1_Init)
    MX_DMA_Init                              0x080073f1   Thumb Code    52  dma.o(.text.MX_DMA_Init)
    MX_GPIO_Init                             0x08007429   Thumb Code   334  gpio.o(.text.MX_GPIO_Init)
    MX_TIM14_Init                            0x08007579   Thumb Code    54  tim.o(.text.MX_TIM14_Init)
    MX_TIM2_Init                             0x080075b1   Thumb Code   212  tim.o(.text.MX_TIM2_Init)
    MX_TIM3_Init                             0x08007689   Thumb Code   130  tim.o(.text.MX_TIM3_Init)
    MX_TIM5_Init                             0x08007711   Thumb Code   132  tim.o(.text.MX_TIM5_Init)
    MX_USART3_UART_Init                      0x08007799   Thumb Code   134  usart.o(.text.MX_USART3_UART_Init)
    MemManage_Handler                        0x08007821   Thumb Code     2  stm32h7xx_it.o(.text.MemManage_Handler)
    NMI_Handler                              0x08007829   Thumb Code     2  stm32h7xx_it.o(.text.NMI_Handler)
    PendSV_Handler                           0x08007869   Thumb Code     2  stm32h7xx_it.o(.text.PendSV_Handler)
    SVC_Handler                              0x08007ab1   Thumb Code     2  stm32h7xx_it.o(.text.SVC_Handler)
    Start_ADC_DMA                            0x08007ab9   Thumb Code    42  tasks.o(.text.Start_ADC_DMA)
    Stop_ADC_DMA                             0x08007ae9   Thumb Code    30  tasks.o(.text.Stop_ADC_DMA)
    SysTick_Handler                          0x08007b41   Thumb Code     4  stm32h7xx_it.o(.text.SysTick_Handler)
    SystemClock_Config                       0x08007b49   Thumb Code   188  main.o(.text.SystemClock_Config)
    SystemInit                               0x08007c09   Thumb Code   246  system_stm32h7xx.o(.text.SystemInit)
    TIM_Base_SetConfig                       0x08007d01   Thumb Code   328  stm32h7xx_hal_tim.o(.text.TIM_Base_SetConfig)
    TIM_CCxChannelCmd                        0x08007e49   Thumb Code    30  stm32h7xx_hal_tim.o(.text.TIM_CCxChannelCmd)
    TIM_ETR_SetConfig                        0x08007e69   Thumb Code    18  stm32h7xx_hal_tim.o(.text.TIM_ETR_SetConfig)
    TIM_TI1_SetConfig                        0x08008009   Thumb Code   168  stm32h7xx_hal_tim.o(.text.TIM_TI1_SetConfig)
    UART3_Printf                             0x08008191   Thumb Code    88  hmi.o(.text.UART3_Printf)
    UART_AdvFeatureConfig                    0x08008249   Thumb Code   204  stm32h7xx_hal_uart.o(.text.UART_AdvFeatureConfig)
    UART_CheckIdleState                      0x08008319   Thumb Code   194  stm32h7xx_hal_uart.o(.text.UART_CheckIdleState)
    UART_SetConfig                           0x080089d1   Thumb Code  1596  stm32h7xx_hal_uart.o(.text.UART_SetConfig)
    UART_Start_Receive_IT                    0x08009011   Thumb Code   304  stm32h7xx_hal_uart.o(.text.UART_Start_Receive_IT)
    UART_WaitOnFlagUntilTimeout              0x08009141   Thumb Code   180  stm32h7xx_hal_uart.o(.text.UART_WaitOnFlagUntilTimeout)
    USART3_IRQHandler                        0x080091f9   Thumb Code    12  stm32h7xx_it.o(.text.USART3_IRQHandler)
    UsageFault_Handler                       0x08009209   Thumb Code     2  stm32h7xx_it.o(.text.UsageFault_Handler)
    main                                     0x080092e9   Thumb Code   234  main.o(.text.main)
    __0vsnprintf                             0x080093d5   Thumb Code    40  printfa.o(i.__0vsnprintf)
    __1vsnprintf                             0x080093d5   Thumb Code     0  printfa.o(i.__0vsnprintf)
    __2vsnprintf                             0x080093d5   Thumb Code     0  printfa.o(i.__0vsnprintf)
    __c89vsnprintf                           0x080093d5   Thumb Code     0  printfa.o(i.__0vsnprintf)
    vsnprintf                                0x080093d5   Thumb Code     0  printfa.o(i.__0vsnprintf)
    __scatterload_copy                       0x08009401   Thumb Code    14  handlers.o(i.__scatterload_copy)
    __scatterload_null                       0x0800940f   Thumb Code     2  handlers.o(i.__scatterload_null)
    __scatterload_zeroinit                   0x08009411   Thumb Code    14  handlers.o(i.__scatterload_zeroinit)
    D1CorePrescTable                         0x08009ce8   Data          16  system_stm32h7xx.o(.rodata.D1CorePrescTable)
    UARTPrescTable                           0x08009cf8   Data          24  stm32h7xx_hal_uart.o(.rodata.UARTPrescTable)
    Region$$Table$$Base                      0x08009d10   Number         0  anon$$obj.o(Region$$Table)
    Region$$Table$$Limit                     0x08009d30   Number         0  anon$$obj.o(Region$$Table)
    adc1_buffer                              0x20000000   Data        4096  main.o(.AXI_SRAM)
    SystemCoreClock                          0x20001000   Data           4  system_stm32h7xx.o(.data.SystemCoreClock)
    SystemD2Clock                            0x20001004   Data           4  system_stm32h7xx.o(.data.SystemD2Clock)
    uwTickFreq                               0x20001008   Data           1  stm32h7xx_hal.o(.data.uwTickFreq)
    uwTickPrio                               0x2000100c   Data           4  stm32h7xx_hal.o(.data.uwTickPrio)
    Wave_Info                                0x20001028   Data          12  main.o(.bss.Wave_Info)
    aRxBuffer                                0x20001034   Data         500  main.o(.bss.aRxBuffer)
    adc_dma_finish                           0x20001228   Data           1  main.o(.bss.adc_dma_finish)
    hadc1                                    0x2000122c   Data         100  adc.o(.bss.hadc1)
    hdma_adc1                                0x20001290   Data         120  adc.o(.bss.hdma_adc1)
    htim14                                   0x20001308   Data          76  tim.o(.bss.htim14)
    htim2                                    0x20001354   Data          76  tim.o(.bss.htim2)
    htim3                                    0x200013a0   Data          76  tim.o(.bss.htim3)
    htim5                                    0x200013ec   Data          76  tim.o(.bss.htim5)
    huart3                                   0x20001438   Data         148  usart.o(.bss.huart3)
    uwTick                                   0x200014cc   Data           4  stm32h7xx_hal.o(.bss.uwTick)
    __initial_sp                             0x200018d0   Data           0  startup_stm32h743xx.o(STACK)



==============================================================================

Memory Map of the image

  Image Entry point : 0x08000299

  Load Region LR_IROM1 (Base: 0x08000000, Size: 0x0000ad40, Max: 0x00200000, ABSOLUTE, COMPRESSED[0x00009d60])

    Execution Region ER_IROM1 (Exec base: 0x08000000, Load base: 0x08000000, Size: 0x00009d30, Max: 0x00200000, ABSOLUTE)

    Exec Addr    Load Addr    Size         Type   Attr      Idx    E Section Name        Object

    0x08000000   0x08000000   0x00000298   Data   RO            3    RESET               startup_stm32h743xx.o
    0x08000298   0x08000298   0x00000000   Code   RO         2449  * .ARM.Collect$$$$00000000  mc_w.l(entry.o)
    0x08000298   0x08000298   0x00000004   Code   RO         2802    .ARM.Collect$$$$00000001  mc_w.l(entry2.o)
    0x0800029c   0x0800029c   0x00000004   Code   RO         2805    .ARM.Collect$$$$00000004  mc_w.l(entry5.o)
    0x080002a0   0x080002a0   0x00000000   Code   RO         2807    .ARM.Collect$$$$00000008  mc_w.l(entry7b.o)
    0x080002a0   0x080002a0   0x00000000   Code   RO         2809    .ARM.Collect$$$$0000000A  mc_w.l(entry8b.o)
    0x080002a0   0x080002a0   0x00000008   Code   RO         2810    .ARM.Collect$$$$0000000B  mc_w.l(entry9a.o)
    0x080002a8   0x080002a8   0x00000000   Code   RO         2812    .ARM.Collect$$$$0000000D  mc_w.l(entry10a.o)
    0x080002a8   0x080002a8   0x00000000   Code   RO         2814    .ARM.Collect$$$$0000000F  mc_w.l(entry11a.o)
    0x080002a8   0x080002a8   0x00000004   Code   RO         2803    .ARM.Collect$$$$00002712  mc_w.l(entry2.o)
    0x080002ac   0x080002ac   0x0000002c   Code   RO            4    .text               startup_stm32h743xx.o
    0x080002d8   0x080002d8   0x00000062   Code   RO         2452    .text               mc_w.l(uldiv.o)
    0x0800033a   0x0800033a   0x00000024   Code   RO         2454    .text               mc_w.l(memseta.o)
    0x0800035e   0x0800035e   0x0000001c   Code   RO         2749    .text               mf_w.l(ffltul.o)
    0x0800037a   0x0800037a   0x0000002c   Code   RO         2821    .text               mc_w.l(uidiv.o)
    0x080003a6   0x080003a6   0x0000001e   Code   RO         2823    .text               mc_w.l(llshl.o)
    0x080003c4   0x080003c4   0x00000020   Code   RO         2825    .text               mc_w.l(llushr.o)
    0x080003e4   0x080003e4   0x00000000   Code   RO         2840    .text               mc_w.l(iusefp.o)
    0x080003e4   0x080003e4   0x0000006e   Code   RO         2841    .text               mf_w.l(fepilogue.o)
    0x08000452   0x08000452   0x0000014e   Code   RO         2843    .text               mf_w.l(dadd.o)
    0x080005a0   0x080005a0   0x000000e4   Code   RO         2845    .text               mf_w.l(dmul.o)
    0x08000684   0x08000684   0x000000de   Code   RO         2847    .text               mf_w.l(ddiv.o)
    0x08000762   0x08000762   0x00000030   Code   RO         2849    .text               mf_w.l(dfixul.o)
    0x08000792   0x08000792   0x00000002   PAD
    0x08000794   0x08000794   0x00000030   Code   RO         2851    .text               mf_w.l(cdrcmple.o)
    0x080007c4   0x080007c4   0x00000024   Code   RO         2857    .text               mc_w.l(init.o)
    0x080007e8   0x080007e8   0x00000024   Code   RO         2860    .text               mc_w.l(llsshr.o)
    0x0800080c   0x0800080c   0x000000ba   Code   RO         2863    .text               mf_w.l(depilogue.o)
    0x080008c6   0x080008c6   0x0000003a   Code   RO         2873    .text               mc_w.l(__dczerorl.o)
    0x08000900   0x08000900   0x00000114   Code   RO          203    .text.ADC_ConfigureBoostMode  stm32h7xx_hal_adc.o
    0x08000a14   0x08000a14   0x00000004   PAD
    0x08000a18   0x08000a18   0x000000e2   Code   RO          207    .text.ADC_ConversionStop  stm32h7xx_hal_adc.o
    0x08000afa   0x08000afa   0x00000006   PAD
    0x08000b00   0x08000b00   0x0000008a   Code   RO          237    .text.ADC_DMAConvCplt  stm32h7xx_hal_adc.o
    0x08000b8a   0x08000b8a   0x00000006   PAD
    0x08000b90   0x08000b90   0x00000016   Code   RO          241    .text.ADC_DMAError  stm32h7xx_hal_adc.o
    0x08000ba6   0x08000ba6   0x00000002   PAD
    0x08000ba8   0x08000ba8   0x00000006   Code   RO          239    .text.ADC_DMAHalfConvCplt  stm32h7xx_hal_adc.o
    0x08000bae   0x08000bae   0x00000002   PAD
    0x08000bb0   0x08000bb0   0x00000096   Code   RO          209    .text.ADC_Disable   stm32h7xx_hal_adc.o
    0x08000c46   0x08000c46   0x00000002   PAD
    0x08000c48   0x08000c48   0x000000d4   Code   RO          217    .text.ADC_Enable    stm32h7xx_hal_adc.o
    0x08000d1c   0x08000d1c   0x00000004   PAD
    0x08000d20   0x08000d20   0x00000060   Code   RO           11    .text.App_process   main.o
    0x08000d80   0x08000d80   0x00000002   Code   RO          144    .text.BusFault_Handler  stm32h7xx_it.o
    0x08000d82   0x08000d82   0x00000006   PAD
    0x08000d88   0x08000d88   0x0000000c   Code   RO          156    .text.DMA1_Stream0_IRQHandler  stm32h7xx_it.o
    0x08000d94   0x08000d94   0x00000004   PAD
    0x08000d98   0x08000d98   0x0000011c   Code   RO          730    .text.DMA_CalcBaseAndBitshift  stm32h7xx_hal_dma.o
    0x08000eb4   0x08000eb4   0x00000004   PAD
    0x08000eb8   0x08000eb8   0x000000e2   Code   RO          732    .text.DMA_CalcDMAMUXChannelBaseAndMask  stm32h7xx_hal_dma.o
    0x08000f9a   0x08000f9a   0x00000006   PAD
    0x08000fa0   0x08000fa0   0x000000c0   Code   RO          734    .text.DMA_CalcDMAMUXRequestGenBaseAndMask  stm32h7xx_hal_dma.o
    0x08001060   0x08001060   0x00000052   Code   RO          728    .text.DMA_CheckFifoParam  stm32h7xx_hal_dma.o
    0x080010b2   0x080010b2   0x00000006   PAD
    0x080010b8   0x080010b8   0x000002f4   Code   RO          740    .text.DMA_SetConfig  stm32h7xx_hal_dma.o
    0x080013ac   0x080013ac   0x00000004   PAD
    0x080013b0   0x080013b0   0x00000002   Code   RO          150    .text.DebugMon_Handler  stm32h7xx_it.o
    0x080013b2   0x080013b2   0x00000006   PAD
    0x080013b8   0x080013b8   0x00000028   Code   RO           19    .text.Error_Handler  main.o
    0x080013e0   0x080013e0   0x0000001c   Code   RO         1964    .text.ExitRun0Mode  system_stm32h7xx.o
    0x080013fc   0x080013fc   0x00000004   PAD
    0x08001400   0x08001400   0x00000012   Code   RO         2144    .text.FreqMeasure_Init  get_freq.o
    0x08001412   0x08001412   0x00000006   PAD
    0x08001418   0x08001418   0x000000d4   Code   RO         2150    .text.FreqMeasure_Process  get_freq.o
    0x080014ec   0x080014ec   0x00000004   PAD
    0x080014f0   0x080014f0   0x0000011a   Code   RO         2146    .text.Freq_Hardware_Switch  get_freq.o
    0x0800160a   0x0800160a   0x00000006   PAD
    0x08001610   0x08001610   0x00000038   Code   RO         2152    .text.Get_Capture_Freq  get_freq.o
    0x08001648   0x08001648   0x0000010e   Code   RO          426    .text.HAL_ADCEx_MultiModeConfigChannel  stm32h7xx_hal_adc_ex.o
    0x08001756   0x08001756   0x00000002   PAD
    0x08001758   0x08001758   0x0000043a   Code   RO          261    .text.HAL_ADC_ConfigChannel  stm32h7xx_hal_adc.o
    0x08001b92   0x08001b92   0x00000006   PAD
    0x08001b98   0x08001b98   0x0000003a   Code   RO           23    .text.HAL_ADC_ConvCpltCallback  main.o
    0x08001bd2   0x08001bd2   0x00000006   PAD
    0x08001bd8   0x08001bd8   0x00000002   Code   RO          259    .text.HAL_ADC_ConvHalfCpltCallback  stm32h7xx_hal_adc.o
    0x08001bda   0x08001bda   0x00000006   PAD
    0x08001be0   0x08001be0   0x00000002   Code   RO          257    .text.HAL_ADC_ErrorCallback  stm32h7xx_hal_adc.o
    0x08001be2   0x08001be2   0x00000006   PAD
    0x08001be8   0x08001be8   0x00000226   Code   RO          183    .text.HAL_ADC_Init  stm32h7xx_hal_adc.o
    0x08001e0e   0x08001e0e   0x00000002   PAD
    0x08001e10   0x08001e10   0x000000f0   Code   RO           63    .text.HAL_ADC_MspInit  adc.o
    0x08001f00   0x08001f00   0x00000124   Code   RO          235    .text.HAL_ADC_Start_DMA  stm32h7xx_hal_adc.o
    0x08002024   0x08002024   0x00000004   PAD
    0x08002028   0x08002028   0x0000007c   Code   RO          245    .text.HAL_ADC_Stop_DMA  stm32h7xx_hal_adc.o
    0x080020a4   0x080020a4   0x00000004   PAD
    0x080020a8   0x080020a8   0x000005a0   Code   RO          744    .text.HAL_DMA_Abort  stm32h7xx_hal_dma.o
    0x08002648   0x08002648   0x00000454   Code   RO          746    .text.HAL_DMA_Abort_IT  stm32h7xx_hal_dma.o
    0x08002a9c   0x08002a9c   0x00000004   PAD
    0x08002aa0   0x08002aa0   0x00000bfe   Code   RO          750    .text.HAL_DMA_IRQHandler  stm32h7xx_hal_dma.o
    0x0800369e   0x0800369e   0x00000002   PAD
    0x080036a0   0x080036a0   0x00000560   Code   RO          726    .text.HAL_DMA_Init  stm32h7xx_hal_dma.o
    0x08003c00   0x08003c00   0x0000047a   Code   RO          742    .text.HAL_DMA_Start_IT  stm32h7xx_hal_dma.o
    0x0800407a   0x0800407a   0x00000006   PAD
    0x08004080   0x08004080   0x000001be   Code   RO          666    .text.HAL_GPIO_Init  stm32h7xx_hal_gpio.o
    0x0800423e   0x0800423e   0x00000002   PAD
    0x08004240   0x08004240   0x0000000a   Code   RO          672    .text.HAL_GPIO_WritePin  stm32h7xx_hal_gpio.o
    0x0800424a   0x0800424a   0x00000006   PAD
    0x08004250   0x08004250   0x0000000e   Code   RO         1098    .text.HAL_GetREVID  stm32h7xx_hal.o
    0x0800425e   0x0800425e   0x00000002   PAD
    0x08004260   0x08004260   0x0000000c   Code   RO         1082    .text.HAL_GetTick   stm32h7xx_hal.o
    0x0800426c   0x0800426c   0x00000004   PAD
    0x08004270   0x08004270   0x0000001a   Code   RO         1080    .text.HAL_IncTick   stm32h7xx_hal.o
    0x0800428a   0x0800428a   0x00000006   PAD
    0x08004290   0x08004290   0x00000066   Code   RO         1070    .text.HAL_Init      stm32h7xx_hal.o
    0x080042f6   0x080042f6   0x00000002   PAD
    0x080042f8   0x080042f8   0x00000058   Code   RO         1072    .text.HAL_InitTick  stm32h7xx_hal.o
    0x08004350   0x08004350   0x0000005a   Code   RO         1025    .text.HAL_MPU_ConfigRegion  stm32h7xx_hal_cortex.o
    0x080043aa   0x080043aa   0x00000006   PAD
    0x080043b0   0x080043b0   0x0000001a   Code   RO         1017    .text.HAL_MPU_Disable  stm32h7xx_hal_cortex.o
    0x080043ca   0x080043ca   0x00000006   PAD
    0x080043d0   0x080043d0   0x00000020   Code   RO         1019    .text.HAL_MPU_Enable  stm32h7xx_hal_cortex.o
    0x080043f0   0x080043f0   0x00000020   Code   RO          170    .text.HAL_MspInit   stm32h7xx_hal_msp.o
    0x08004410   0x08004410   0x00000004   Code   RO         1043    .text.HAL_NVIC_ClearPendingIRQ  stm32h7xx_hal_cortex.o
    0x08004414   0x08004414   0x00000004   PAD
    0x08004418   0x08004418   0x00000004   Code   RO         1005    .text.HAL_NVIC_DisableIRQ  stm32h7xx_hal_cortex.o
    0x0800441c   0x0800441c   0x00000004   PAD
    0x08004420   0x08004420   0x00000004   Code   RO         1001    .text.HAL_NVIC_EnableIRQ  stm32h7xx_hal_cortex.o
    0x08004424   0x08004424   0x00000004   PAD
    0x08004428   0x08004428   0x00000020   Code   RO          993    .text.HAL_NVIC_SetPriority  stm32h7xx_hal_cortex.o
    0x08004448   0x08004448   0x00000004   Code   RO          989    .text.HAL_NVIC_SetPriorityGrouping  stm32h7xx_hal_cortex.o
    0x0800444c   0x0800444c   0x00000004   PAD
    0x08004450   0x08004450   0x00000052   Code   RO          898    .text.HAL_PWREx_ConfigSupply  stm32h7xx_hal_pwr_ex.o
    0x080044a2   0x080044a2   0x00000006   PAD
    0x080044a8   0x080044a8   0x00000026   Code   RO          508    .text.HAL_RCCEx_GetD3PCLK1Freq  stm32h7xx_hal_rcc_ex.o
    0x080044ce   0x080044ce   0x00000002   PAD
    0x080044d0   0x080044d0   0x00000188   Code   RO          502    .text.HAL_RCCEx_GetPLL1ClockFreq  stm32h7xx_hal_rcc_ex.o
    0x08004658   0x08004658   0x00000178   Code   RO          504    .text.HAL_RCCEx_GetPLL2ClockFreq  stm32h7xx_hal_rcc_ex.o
    0x080047d0   0x080047d0   0x00000178   Code   RO          506    .text.HAL_RCCEx_GetPLL3ClockFreq  stm32h7xx_hal_rcc_ex.o
    0x08004948   0x08004948   0x0000046e   Code   RO          500    .text.HAL_RCCEx_GetPeriphCLKFreq  stm32h7xx_hal_rcc_ex.o
    0x08004db6   0x08004db6   0x00000002   PAD
    0x08004db8   0x08004db8   0x000009b4   Code   RO          492    .text.HAL_RCCEx_PeriphCLKConfig  stm32h7xx_hal_rcc_ex.o
    0x0800576c   0x0800576c   0x00000004   PAD
    0x08005770   0x08005770   0x00000272   Code   RO          457    .text.HAL_RCC_ClockConfig  stm32h7xx_hal_rcc.o
    0x080059e2   0x080059e2   0x00000006   PAD
    0x080059e8   0x080059e8   0x0000004c   Code   RO          467    .text.HAL_RCC_GetHCLKFreq  stm32h7xx_hal_rcc.o
    0x08005a34   0x08005a34   0x00000004   PAD
    0x08005a38   0x08005a38   0x00000026   Code   RO          469    .text.HAL_RCC_GetPCLK1Freq  stm32h7xx_hal_rcc.o
    0x08005a5e   0x08005a5e   0x00000002   PAD
    0x08005a60   0x08005a60   0x00000026   Code   RO          471    .text.HAL_RCC_GetPCLK2Freq  stm32h7xx_hal_rcc.o
    0x08005a86   0x08005a86   0x00000002   PAD
    0x08005a88   0x08005a88   0x0000016c   Code   RO          459    .text.HAL_RCC_GetSysClockFreq  stm32h7xx_hal_rcc.o
    0x08005bf4   0x08005bf4   0x00000004   PAD
    0x08005bf8   0x08005bf8   0x00000566   Code   RO          455    .text.HAL_RCC_OscConfig  stm32h7xx_hal_rcc.o
    0x0800615e   0x0800615e   0x00000002   PAD
    0x08006160   0x08006160   0x00000004   Code   RO         1013    .text.HAL_SYSTICK_Config  stm32h7xx_hal_cortex.o
    0x08006164   0x08006164   0x00000004   PAD
    0x08006168   0x08006168   0x000000d2   Code   RO         1726    .text.HAL_TIMEx_MasterConfigSynchronization  stm32h7xx_hal_tim_ex.o
    0x0800623a   0x0800623a   0x00000006   PAD
    0x08006240   0x08006240   0x00000062   Code   RO         1405    .text.HAL_TIM_Base_Init  stm32h7xx_hal_tim.o
    0x080062a2   0x080062a2   0x00000006   PAD
    0x080062a8   0x080062a8   0x000000bc   Code   RO          101    .text.HAL_TIM_Base_MspInit  tim.o
    0x08006364   0x08006364   0x00000004   PAD
    0x08006368   0x08006368   0x000000b2   Code   RO         1415    .text.HAL_TIM_Base_Start  stm32h7xx_hal_tim.o
    0x0800641a   0x0800641a   0x00000006   PAD
    0x08006420   0x08006420   0x00000028   Code   RO         1417    .text.HAL_TIM_Base_Stop  stm32h7xx_hal_tim.o
    0x08006448   0x08006448   0x0000011a   Code   RO         1601    .text.HAL_TIM_ConfigClockSource  stm32h7xx_hal_tim.o
    0x08006562   0x08006562   0x00000006   PAD
    0x08006568   0x08006568   0x000000b4   Code   RO         1565    .text.HAL_TIM_IC_ConfigChannel  stm32h7xx_hal_tim.o
    0x0800661c   0x0800661c   0x00000004   PAD
    0x08006620   0x08006620   0x00000062   Code   RO         1479    .text.HAL_TIM_IC_Init  stm32h7xx_hal_tim.o
    0x08006682   0x08006682   0x00000006   PAD
    0x08006688   0x08006688   0x00000002   Code   RO         1481    .text.HAL_TIM_IC_MspInit  stm32h7xx_hal_tim.o
    0x0800668a   0x0800668a   0x00000006   PAD
    0x08006690   0x08006690   0x00000148   Code   RO         1487    .text.HAL_TIM_IC_Start  stm32h7xx_hal_tim.o
    0x080067d8   0x080067d8   0x0000009a   Code   RO         1489    .text.HAL_TIM_IC_Stop  stm32h7xx_hal_tim.o
    0x08006872   0x08006872   0x00000006   PAD
    0x08006878   0x08006878   0x00000034   Code   RO         1617    .text.HAL_TIM_ReadCapturedValue  stm32h7xx_hal_tim.o
    0x080068ac   0x080068ac   0x00000004   PAD
    0x080068b0   0x080068b0   0x0000004a   Code   RO         1611    .text.HAL_TIM_SlaveConfigSynchro  stm32h7xx_hal_tim.o
    0x080068fa   0x080068fa   0x00000006   PAD
    0x08006900   0x08006900   0x00000040   Code   RO         1935    .text.HAL_UARTEx_DisableFifoMode  stm32h7xx_hal_uart_ex.o
    0x08006940   0x08006940   0x00000052   Code   RO         1943    .text.HAL_UARTEx_ReceiveToIdle_IT  stm32h7xx_hal_uart_ex.o
    0x08006992   0x08006992   0x00000006   PAD
    0x08006998   0x08006998   0x00000002   Code   RO         1855    .text.HAL_UARTEx_RxEventCallback  stm32h7xx_hal_uart.o
    0x0800699a   0x0800699a   0x00000006   PAD
    0x080069a0   0x080069a0   0x00000002   Code   RO         1917    .text.HAL_UARTEx_RxFifoFullCallback  stm32h7xx_hal_uart_ex.o
    0x080069a2   0x080069a2   0x00000006   PAD
    0x080069a8   0x080069a8   0x0000005a   Code   RO         1939    .text.HAL_UARTEx_SetRxFifoThreshold  stm32h7xx_hal_uart_ex.o
    0x08006a02   0x08006a02   0x00000006   PAD
    0x08006a08   0x08006a08   0x0000005a   Code   RO         1937    .text.HAL_UARTEx_SetTxFifoThreshold  stm32h7xx_hal_uart_ex.o
    0x08006a62   0x08006a62   0x00000006   PAD
    0x08006a68   0x08006a68   0x00000002   Code   RO         1919    .text.HAL_UARTEx_TxFifoEmptyCallback  stm32h7xx_hal_uart_ex.o
    0x08006a6a   0x08006a6a   0x00000006   PAD
    0x08006a70   0x08006a70   0x00000002   Code   RO         1915    .text.HAL_UARTEx_WakeupCallback  stm32h7xx_hal_uart_ex.o
    0x08006a72   0x08006a72   0x00000006   PAD
    0x08006a78   0x08006a78   0x00000002   Code   RO         1853    .text.HAL_UART_ErrorCallback  stm32h7xx_hal_uart.o
    0x08006a7a   0x08006a7a   0x00000006   PAD
    0x08006a80   0x08006a80   0x00000436   Code   RO         1849    .text.HAL_UART_IRQHandler  stm32h7xx_hal_uart.o
    0x08006eb6   0x08006eb6   0x00000002   PAD
    0x08006eb8   0x08006eb8   0x0000006a   Code   RO         1761    .text.HAL_UART_Init  stm32h7xx_hal_uart.o
    0x08006f22   0x08006f22   0x00000006   PAD
    0x08006f28   0x08006f28   0x000000ae   Code   RO          122    .text.HAL_UART_MspInit  usart.o
    0x08006fd6   0x08006fd6   0x00000002   PAD
    0x08006fd8   0x08006fd8   0x00000002   Code   RO         1863    .text.HAL_UART_RxCpltCallback  stm32h7xx_hal_uart.o
    0x08006fda   0x08006fda   0x00000006   PAD
    0x08006fe0   0x08006fe0   0x000000c8   Code   RO         1781    .text.HAL_UART_Transmit  stm32h7xx_hal_uart.o
    0x080070a8   0x080070a8   0x00000002   Code   RO         1859    .text.HAL_UART_TxCpltCallback  stm32h7xx_hal_uart.o
    0x080070aa   0x080070aa   0x00000006   PAD
    0x080070b0   0x080070b0   0x00000018   Code   RO         2169    .text.HMI_send_string  hmi.o
    0x080070c8   0x080070c8   0x00000002   Code   RO          140    .text.HardFault_Handler  stm32h7xx_it.o
    0x080070ca   0x080070ca   0x00000006   PAD
    0x080070d0   0x080070d0   0x00000014   Code   RO          315    .text.LL_ADC_Disable  stm32h7xx_hal_adc.o
    0x080070e4   0x080070e4   0x00000004   PAD
    0x080070e8   0x080070e8   0x00000010   Code   RO          189    .text.LL_ADC_DisableDeepPowerDown  stm32h7xx_hal_adc.o
    0x080070f8   0x080070f8   0x00000014   Code   RO          313    .text.LL_ADC_Enable  stm32h7xx_hal_adc.o
    0x0800710c   0x0800710c   0x00000004   PAD
    0x08007110   0x08007110   0x00000014   Code   RO          193    .text.LL_ADC_EnableInternalRegulator  stm32h7xx_hal_adc.o
    0x08007124   0x08007124   0x00000004   PAD
    0x08007128   0x08007128   0x00000008   Code   RO          277    .text.LL_ADC_GetCommonPathInternalCh  stm32h7xx_hal_adc.o
    0x08007130   0x08007130   0x00000008   Code   RO          215    .text.LL_ADC_GetMultimode  stm32h7xx_hal_adc.o
    0x08007138   0x08007138   0x00000008   Code   RO          201    .text.LL_ADC_INJ_IsConversionOngoing  stm32h7xx_hal_adc.o
    0x08007140   0x08007140   0x00000014   Code   RO          311    .text.LL_ADC_INJ_StopConversion  stm32h7xx_hal_adc.o
    0x08007154   0x08007154   0x00000004   PAD
    0x08007158   0x08007158   0x00000008   Code   RO          187    .text.LL_ADC_IsDeepPowerDownEnabled  stm32h7xx_hal_adc.o
    0x08007160   0x08007160   0x00000008   Code   RO          307    .text.LL_ADC_IsDisableOngoing  stm32h7xx_hal_adc.o
    0x08007168   0x08007168   0x00000008   Code   RO          197    .text.LL_ADC_IsEnabled  stm32h7xx_hal_adc.o
    0x08007170   0x08007170   0x00000008   Code   RO          340    .text.LL_ADC_IsEnabled  stm32h7xx_hal_adc_ex.o
    0x08007178   0x08007178   0x00000008   Code   RO          191    .text.LL_ADC_IsInternalRegulatorEnabled  stm32h7xx_hal_adc.o
    0x08007180   0x08007180   0x00000008   Code   RO          195    .text.LL_ADC_REG_IsConversionOngoing  stm32h7xx_hal_adc.o
    0x08007188   0x08007188   0x00000008   Code   RO          342    .text.LL_ADC_REG_IsConversionOngoing  stm32h7xx_hal_adc_ex.o
    0x08007190   0x08007190   0x0000000e   Code   RO          227    .text.LL_ADC_REG_IsTriggerSourceSWStart  stm32h7xx_hal_adc.o
    0x0800719e   0x0800719e   0x00000002   PAD
    0x080071a0   0x080071a0   0x0000000c   Code   RO          243    .text.LL_ADC_REG_SetDataTransferMode  stm32h7xx_hal_adc.o
    0x080071ac   0x080071ac   0x00000004   PAD
    0x080071b0   0x080071b0   0x00000024   Code   RO          263    .text.LL_ADC_REG_SetSequencerRanks  stm32h7xx_hal_adc.o
    0x080071d4   0x080071d4   0x00000004   PAD
    0x080071d8   0x080071d8   0x00000014   Code   RO          219    .text.LL_ADC_REG_StartConversion  stm32h7xx_hal_adc.o
    0x080071ec   0x080071ec   0x00000004   PAD
    0x080071f0   0x080071f0   0x00000014   Code   RO          309    .text.LL_ADC_REG_StopConversion  stm32h7xx_hal_adc.o
    0x08007204   0x08007204   0x00000004   PAD
    0x08007208   0x08007208   0x00000028   Code   RO          275    .text.LL_ADC_SetChannelPreselection  stm32h7xx_hal_adc.o
    0x08007230   0x08007230   0x00000020   Code   RO          265    .text.LL_ADC_SetChannelSamplingTime  stm32h7xx_hal_adc.o
    0x08007250   0x08007250   0x00000034   Code   RO          273    .text.LL_ADC_SetChannelSingleDiff  stm32h7xx_hal_adc.o
    0x08007284   0x08007284   0x00000004   PAD
    0x08007288   0x08007288   0x0000000c   Code   RO          199    .text.LL_ADC_SetCommonClock  stm32h7xx_hal_adc.o
    0x08007294   0x08007294   0x00000004   PAD
    0x08007298   0x08007298   0x0000000c   Code   RO          279    .text.LL_ADC_SetCommonPathInternalCh  stm32h7xx_hal_adc.o
    0x080072a4   0x080072a4   0x00000004   PAD
    0x080072a8   0x080072a8   0x00000014   Code   RO          271    .text.LL_ADC_SetDataRightShift  stm32h7xx_hal_adc.o
    0x080072bc   0x080072bc   0x00000004   PAD
    0x080072c0   0x080072c0   0x00000016   Code   RO          267    .text.LL_ADC_SetOffset  stm32h7xx_hal_adc.o
    0x080072d6   0x080072d6   0x00000002   PAD
    0x080072d8   0x080072d8   0x00000010   Code   RO          269    .text.LL_ADC_SetOffsetSignedSaturation  stm32h7xx_hal_adc.o
    0x080072e8   0x080072e8   0x0000003e   Code   RO           15    .text.MPU_Config    main.o
    0x08007326   0x08007326   0x00000002   PAD
    0x08007328   0x08007328   0x000000c6   Code   RO           61    .text.MX_ADC1_Init  adc.o
    0x080073ee   0x080073ee   0x00000002   PAD
    0x080073f0   0x080073f0   0x00000034   Code   RO           80    .text.MX_DMA_Init   dma.o
    0x08007424   0x08007424   0x00000004   PAD
    0x08007428   0x08007428   0x0000014e   Code   RO           48    .text.MX_GPIO_Init  gpio.o
    0x08007576   0x08007576   0x00000002   PAD
    0x08007578   0x08007578   0x00000036   Code   RO           99    .text.MX_TIM14_Init  tim.o
    0x080075ae   0x080075ae   0x00000002   PAD
    0x080075b0   0x080075b0   0x000000d4   Code   RO           93    .text.MX_TIM2_Init  tim.o
    0x08007684   0x08007684   0x00000004   PAD
    0x08007688   0x08007688   0x00000082   Code   RO           95    .text.MX_TIM3_Init  tim.o
    0x0800770a   0x0800770a   0x00000006   PAD
    0x08007710   0x08007710   0x00000084   Code   RO           97    .text.MX_TIM5_Init  tim.o
    0x08007794   0x08007794   0x00000004   PAD
    0x08007798   0x08007798   0x00000086   Code   RO          120    .text.MX_USART3_UART_Init  usart.o
    0x0800781e   0x0800781e   0x00000002   PAD
    0x08007820   0x08007820   0x00000002   Code   RO          142    .text.MemManage_Handler  stm32h7xx_it.o
    0x08007822   0x08007822   0x00000006   PAD
    0x08007828   0x08007828   0x00000002   Code   RO          138    .text.NMI_Handler   stm32h7xx_it.o
    0x0800782a   0x0800782a   0x00000006   PAD
    0x08007830   0x08007830   0x00000036   Code   RO          999    .text.NVIC_EncodePriority  stm32h7xx_hal_cortex.o
    0x08007866   0x08007866   0x00000002   PAD
    0x08007868   0x08007868   0x00000002   Code   RO          152    .text.PendSV_Handler  stm32h7xx_it.o
    0x0800786a   0x0800786a   0x00000006   PAD
    0x08007870   0x08007870   0x0000011c   Code   RO          494    .text.RCCEx_PLL2_Config  stm32h7xx_hal_rcc_ex.o
    0x0800798c   0x0800798c   0x00000004   PAD
    0x08007990   0x08007990   0x0000011c   Code   RO          496    .text.RCCEx_PLL3_Config  stm32h7xx_hal_rcc_ex.o
    0x08007aac   0x08007aac   0x00000004   PAD
    0x08007ab0   0x08007ab0   0x00000002   Code   RO          148    .text.SVC_Handler   stm32h7xx_it.o
    0x08007ab2   0x08007ab2   0x00000006   PAD
    0x08007ab8   0x08007ab8   0x0000002a   Code   RO         1982    .text.Start_ADC_DMA  tasks.o
    0x08007ae2   0x08007ae2   0x00000006   PAD
    0x08007ae8   0x08007ae8   0x0000001e   Code   RO         1984    .text.Stop_ADC_DMA  tasks.o
    0x08007b06   0x08007b06   0x00000002   PAD
    0x08007b08   0x08007b08   0x00000034   Code   RO         1015    .text.SysTick_Config  stm32h7xx_hal_cortex.o
    0x08007b3c   0x08007b3c   0x00000004   PAD
    0x08007b40   0x08007b40   0x00000004   Code   RO          154    .text.SysTick_Handler  stm32h7xx_it.o
    0x08007b44   0x08007b44   0x00000004   PAD
    0x08007b48   0x08007b48   0x000000bc   Code   RO           17    .text.SystemClock_Config  main.o
    0x08007c04   0x08007c04   0x00000004   PAD
    0x08007c08   0x08007c08   0x000000f6   Code   RO         1960    .text.SystemInit    system_stm32h7xx.o
    0x08007cfe   0x08007cfe   0x00000002   PAD
    0x08007d00   0x08007d00   0x00000148   Code   RO         1409    .text.TIM_Base_SetConfig  stm32h7xx_hal_tim.o
    0x08007e48   0x08007e48   0x0000001e   Code   RO         1443    .text.TIM_CCxChannelCmd  stm32h7xx_hal_tim.o
    0x08007e66   0x08007e66   0x00000002   PAD
    0x08007e68   0x08007e68   0x00000012   Code   RO         1599    .text.TIM_ETR_SetConfig  stm32h7xx_hal_tim.o
    0x08007e7a   0x08007e7a   0x00000006   PAD
    0x08007e80   0x08007e80   0x00000016   Code   RO         1605    .text.TIM_ITRx_SetConfig  stm32h7xx_hal_tim.o
    0x08007e96   0x08007e96   0x00000002   PAD
    0x08007e98   0x08007e98   0x00000144   Code   RO         1613    .text.TIM_SlaveTimer_SetConfig  stm32h7xx_hal_tim.o
    0x08007fdc   0x08007fdc   0x00000004   PAD
    0x08007fe0   0x08007fe0   0x00000022   Code   RO         1603    .text.TIM_TI1_ConfigInputStage  stm32h7xx_hal_tim.o
    0x08008002   0x08008002   0x00000006   PAD
    0x08008008   0x08008008   0x000000a8   Code   RO         1567    .text.TIM_TI1_SetConfig  stm32h7xx_hal_tim.o
    0x080080b0   0x080080b0   0x00000024   Code   RO         1607    .text.TIM_TI2_ConfigInputStage  stm32h7xx_hal_tim.o
    0x080080d4   0x080080d4   0x00000004   PAD
    0x080080d8   0x080080d8   0x0000003c   Code   RO         1569    .text.TIM_TI2_SetConfig  stm32h7xx_hal_tim.o
    0x08008114   0x08008114   0x00000004   PAD
    0x08008118   0x08008118   0x00000032   Code   RO         1571    .text.TIM_TI3_SetConfig  stm32h7xx_hal_tim.o
    0x0800814a   0x0800814a   0x00000006   PAD
    0x08008150   0x08008150   0x0000003e   Code   RO         1573    .text.TIM_TI4_SetConfig  stm32h7xx_hal_tim.o
    0x0800818e   0x0800818e   0x00000002   PAD
    0x08008190   0x08008190   0x00000058   Code   RO         2171    .text.UART3_Printf  hmi.o
    0x080081e8   0x080081e8   0x00000060   Code   RO         1933    .text.UARTEx_SetNbDataToProcess  stm32h7xx_hal_uart_ex.o
    0x08008248   0x08008248   0x000000cc   Code   RO         1765    .text.UART_AdvFeatureConfig  stm32h7xx_hal_uart.o
    0x08008314   0x08008314   0x00000004   PAD
    0x08008318   0x08008318   0x000000c2   Code   RO         1769    .text.UART_CheckIdleState  stm32h7xx_hal_uart.o
    0x080083da   0x080083da   0x00000006   PAD
    0x080083e0   0x080083e0   0x0000000c   Code   RO         1851    .text.UART_DMAAbortOnError  stm32h7xx_hal_uart.o
    0x080083ec   0x080083ec   0x00000004   PAD
    0x080083f0   0x080083f0   0x0000005a   Code   RO         1821    .text.UART_EndRxTransfer  stm32h7xx_hal_uart.o
    0x0800844a   0x0800844a   0x00000006   PAD
    0x08008450   0x08008450   0x00000022   Code   RO         1857    .text.UART_EndTransmit_IT  stm32h7xx_hal_uart.o
    0x08008472   0x08008472   0x00000006   PAD
    0x08008478   0x08008478   0x000000d4   Code   RO         1893    .text.UART_RxISR_16BIT  stm32h7xx_hal_uart.o
    0x0800854c   0x0800854c   0x00000004   PAD
    0x08008550   0x08008550   0x000001ce   Code   RO         1889    .text.UART_RxISR_16BIT_FIFOEN  stm32h7xx_hal_uart.o
    0x0800871e   0x0800871e   0x00000002   PAD
    0x08008720   0x08008720   0x000000d4   Code   RO         1895    .text.UART_RxISR_8BIT  stm32h7xx_hal_uart.o
    0x080087f4   0x080087f4   0x00000004   PAD
    0x080087f8   0x080087f8   0x000001d2   Code   RO         1891    .text.UART_RxISR_8BIT_FIFOEN  stm32h7xx_hal_uart.o
    0x080089ca   0x080089ca   0x00000006   PAD
    0x080089d0   0x080089d0   0x0000063c   Code   RO         1767    .text.UART_SetConfig  stm32h7xx_hal_uart.o
    0x0800900c   0x0800900c   0x00000004   PAD
    0x08009010   0x08009010   0x00000130   Code   RO         1799    .text.UART_Start_Receive_IT  stm32h7xx_hal_uart.o
    0x08009140   0x08009140   0x000000b4   Code   RO         1783    .text.UART_WaitOnFlagUntilTimeout  stm32h7xx_hal_uart.o
    0x080091f4   0x080091f4   0x00000004   PAD
    0x080091f8   0x080091f8   0x0000000c   Code   RO          158    .text.USART3_IRQHandler  stm32h7xx_it.o
    0x08009204   0x08009204   0x00000004   PAD
    0x08009208   0x08009208   0x00000002   Code   RO          146    .text.UsageFault_Handler  stm32h7xx_it.o
    0x0800920a   0x0800920a   0x00000006   PAD
    0x08009210   0x08009210   0x00000024   Code   RO         1045    .text.__NVIC_ClearPendingIRQ  stm32h7xx_hal_cortex.o
    0x08009234   0x08009234   0x00000004   PAD
    0x08009238   0x08009238   0x0000002c   Code   RO         1007    .text.__NVIC_DisableIRQ  stm32h7xx_hal_cortex.o
    0x08009264   0x08009264   0x00000004   PAD
    0x08009268   0x08009268   0x00000024   Code   RO         1003    .text.__NVIC_EnableIRQ  stm32h7xx_hal_cortex.o
    0x0800928c   0x0800928c   0x00000004   PAD
    0x08009290   0x08009290   0x00000010   Code   RO          995    .text.__NVIC_GetPriorityGrouping  stm32h7xx_hal_cortex.o
    0x080092a0   0x080092a0   0x00000022   Code   RO          997    .text.__NVIC_SetPriority  stm32h7xx_hal_cortex.o
    0x080092c2   0x080092c2   0x00000006   PAD
    0x080092c8   0x080092c8   0x00000020   Code   RO          991    .text.__NVIC_SetPriorityGrouping  stm32h7xx_hal_cortex.o
    0x080092e8   0x080092e8   0x000000ea   Code   RO           13    .text.main          main.o
    0x080093d2   0x080093d2   0x00000002   PAD
    0x080093d4   0x080093d4   0x0000002c   Code   RO         2694    i.__0vsnprintf      mc_w.l(printfa.o)
    0x08009400   0x08009400   0x0000000e   Code   RO         2867    i.__scatterload_copy  mc_w.l(handlers.o)
    0x0800940e   0x0800940e   0x00000002   Code   RO         2868    i.__scatterload_null  mc_w.l(handlers.o)
    0x08009410   0x08009410   0x0000000e   Code   RO         2869    i.__scatterload_zeroinit  mc_w.l(handlers.o)
    0x0800941e   0x0800941e   0x00000002   PAD
    0x08009420   0x08009420   0x00000184   Code   RO         2696    i._fp_digits        mc_w.l(printfa.o)
    0x080095a4   0x080095a4   0x000006dc   Code   RO         2697    i._printf_core      mc_w.l(printfa.o)
    0x08009c80   0x08009c80   0x00000024   Code   RO         2698    i._printf_post_padding  mc_w.l(printfa.o)
    0x08009ca4   0x08009ca4   0x0000002e   Code   RO         2699    i._printf_pre_padding  mc_w.l(printfa.o)
    0x08009cd2   0x08009cd2   0x00000016   Code   RO         2700    i._snputc           mc_w.l(printfa.o)
    0x08009ce8   0x08009ce8   0x00000010   Data   RO         1968    .rodata.D1CorePrescTable  system_stm32h7xx.o
    0x08009cf8   0x08009cf8   0x00000018   Data   RO         1901    .rodata.UARTPrescTable  stm32h7xx_hal_uart.o
    0x08009d10   0x08009d10   0x00000020   Data   RO         2865    Region$$Table       anon$$obj.o


    Execution Region RW_IRAM1 (Exec base: 0x20000000, Load base: 0x08009d30, Size: 0x000018d0, Max: 0x00020000, ABSOLUTE, COMPRESSED[0x00000030])

    Exec Addr    Load Addr    Size         Type   Attr      Idx    E Section Name        Object

    0x20000000   COMPRESSED   0x00001000   Data   RW           28    .AXI_SRAM           main.o
    0x20001000   COMPRESSED   0x00000004   Data   RW         1966    .data.SystemCoreClock  system_stm32h7xx.o
    0x20001004   COMPRESSED   0x00000004   Data   RW         1967    .data.SystemD2Clock  system_stm32h7xx.o
    0x20001008   COMPRESSED   0x00000001   Data   RW         1167    .data.uwTickFreq    stm32h7xx_hal.o
    0x20001009   COMPRESSED   0x00000003   PAD
    0x2000100c   COMPRESSED   0x00000004   Data   RW         1166    .data.uwTickPrio    stm32h7xx_hal.o
    0x20001010        -       0x00000001   Zero   RW         2154    .bss.FreqCtrl.0     get_freq.o
    0x20001011   COMPRESSED   0x00000007   PAD
    0x20001018        -       0x00000008   Zero   RW         2155    .bss.FreqCtrl.1     get_freq.o
    0x20001020        -       0x00000004   Zero   RW         2156    .bss.FreqCtrl.2     get_freq.o
    0x20001024        -       0x00000001   Zero   RW         2157    .bss.FreqCtrl.3     get_freq.o
    0x20001025        -       0x00000001   Zero   RW           31    .bss.HAL_ADC_ConvCpltCallback.count  main.o
    0x20001026   COMPRESSED   0x00000002   PAD
    0x20001028        -       0x0000000c   Zero   RW           29    .bss.Wave_Info      main.o
    0x20001034        -       0x000001f4   Zero   RW           30    .bss.aRxBuffer      main.o
    0x20001228        -       0x00000001   Zero   RW           27    .bss.adc_dma_finish  main.o
    0x20001229   COMPRESSED   0x00000003   PAD
    0x2000122c        -       0x00000064   Zero   RW           67    .bss.hadc1          adc.o
    0x20001290        -       0x00000078   Zero   RW           68    .bss.hdma_adc1      adc.o
    0x20001308        -       0x0000004c   Zero   RW          108    .bss.htim14         tim.o
    0x20001354        -       0x0000004c   Zero   RW          105    .bss.htim2          tim.o
    0x200013a0        -       0x0000004c   Zero   RW          106    .bss.htim3          tim.o
    0x200013ec        -       0x0000004c   Zero   RW          107    .bss.htim5          tim.o
    0x20001438        -       0x00000094   Zero   RW          126    .bss.huart3         usart.o
    0x200014cc        -       0x00000004   Zero   RW         1168    .bss.uwTick         stm32h7xx_hal.o
    0x200014d0        -       0x00000400   Zero   RW            1    STACK               startup_stm32h743xx.o


    Execution Region RW_IRAM2 (Exec base: 0x24000000, Load base: 0x08009d60, Size: 0x00000000, Max: 0x00080000, ABSOLUTE)

    **** No section assigned to this execution region ****


    Execution Region RW_IRAM3 (Exec base: 0x30000000, Load base: 0x08009d60, Size: 0x00000000, Max: 0x00048000, ABSOLUTE)

    **** No section assigned to this execution region ****


    Execution Region RW_IRAM4 (Exec base: 0x38000000, Load base: 0x08009d60, Size: 0x00000000, Max: 0x00010000, ABSOLUTE)

    **** No section assigned to this execution region ****


==============================================================================

Image component sizes


      Code (inc. data)   RO Data    RW Data    ZI Data      Debug   Object Name

       438          0          0          0        220       9768   adc.o
        52          0          0          0          0       5366   dma.o
       568         12          0          0         14       8506   get_freq.o
       334          0          0          0          0       3315   gpio.o
       112         12          0          0          0       2997   hmi.o
       678         16          0       4096        514      13225   main.o
        44         12        664          0       1024        844   startup_stm32h743xx.o
       242          0          0          5          4      15814   stm32h7xx_hal.o
      3550         12          0          0          0      24192   stm32h7xx_hal_adc.o
       286          0          0          0          0      23916   stm32h7xx_hal_adc_ex.o
       504          0          0          0          0      12910   stm32h7xx_hal_cortex.o
      9680         54          0          0          0      12820   stm32h7xx_hal_dma.o
       456          0          0          0          0       7109   stm32h7xx_hal_gpio.o
        32          0          0          0          0       2321   stm32h7xx_hal_msp.o
        82          0          0          0          0      11428   stm32h7xx_hal_pwr_ex.o
      2524         16          0          0          0      11573   stm32h7xx_hal_rcc.o
      5368        212          0          0          0      17385   stm32h7xx_hal_rcc_ex.o
      2618         16          0          0          0      44156   stm32h7xx_hal_tim.o
       210          0          0          0          0      20578   stm32h7xx_hal_tim_ex.o
      5358        430         24          0          0      33326   stm32h7xx_hal_uart.o
       428         16          0          0          0      10531   stm32h7xx_hal_uart_ex.o
        44          0          0          0          0       1439   stm32h7xx_it.o
       274          0         16          8          0       6397   system_stm32h7xx.o
        72          0          0          0          0       2190   tasks.o
       716         10          0          0        304       9172   tim.o
       308          0          0          0        148      11950   usart.o

    ----------------------------------------------------------------------
     35584        830        736       4112       2240     323228   Object Totals
         0          0         32          0          0          0   (incl. Generated)
       606         12          0          3         12          0   (incl. Padding)

    ----------------------------------------------------------------------

      Code (inc. data)   RO Data    RW Data    ZI Data      Debug   Library Member Name

        58          0          0          0          0          0   __dczerorl.o
         0          0          0          0          0          0   entry.o
         0          0          0          0          0          0   entry10a.o
         0          0          0          0          0          0   entry11a.o
         8          4          0          0          0          0   entry2.o
         4          0          0          0          0          0   entry5.o
         0          0          0          0          0          0   entry7b.o
         0          0          0          0          0          0   entry8b.o
         8          4          0          0          0          0   entry9a.o
        30          0          0          0          0          0   handlers.o
        36          8          0          0          0         68   init.o
         0          0          0          0          0          0   iusefp.o
        30          0          0          0          0         68   llshl.o
        36          0          0          0          0         68   llsshr.o
        32          0          0          0          0         68   llushr.o
        36          0          0          0          0        108   memseta.o
      2292         84          0          0          0        516   printfa.o
        44          0          0          0          0         80   uidiv.o
        98          0          0          0          0         92   uldiv.o
        48          0          0          0          0         68   cdrcmple.o
       334          0          0          0          0        148   dadd.o
       222          0          0          0          0        100   ddiv.o
       186          0          0          0          0        176   depilogue.o
        48          0          0          0          0         68   dfixul.o
       228          0          0          0          0         96   dmul.o
       110          0          0          0          0        168   fepilogue.o
        28          0          0          0          0         84   ffltul.o

    ----------------------------------------------------------------------
      3920        100          0          0          0       1976   Library Totals
         4          0          0          0          0          0   (incl. Padding)

    ----------------------------------------------------------------------

      Code (inc. data)   RO Data    RW Data    ZI Data      Debug   Library Name

      2712        100          0          0          0       1068   mc_w.l
      1204          0          0          0          0        908   mf_w.l

    ----------------------------------------------------------------------
      3920        100          0          0          0       1976   Library Totals

    ----------------------------------------------------------------------

==============================================================================


      Code (inc. data)   RO Data    RW Data    ZI Data      Debug   

     39504        930        736       4112       2240     324116   Grand Totals
     39504        930        736         48       2240     324116   ELF Image Totals (compressed)
     39504        930        736         48          0          0   ROM Totals

==============================================================================

    Total RO  Size (Code + RO Data)                40240 (  39.30kB)
    Total RW  Size (RW Data + ZI Data)              6352 (   6.20kB)
    Total ROM Size (Code + RO Data + RW Data)      40288 (  39.34kB)

==============================================================================

