Component: ARM Compiler 6.7 Tool: armlink [5c9ef700]

==============================================================================

Section Cross References

    startup_stm32h743xx.o(RESET) refers to startup_stm32h743xx.o(STACK) for __initial_sp
    startup_stm32h743xx.o(RESET) refers to startup_stm32h743xx.o(.text) for Reset_Handler
    startup_stm32h743xx.o(RESET) refers to stm32h7xx_it.o(.text.NMI_Handler) for NMI_Handler
    startup_stm32h743xx.o(RESET) refers to stm32h7xx_it.o(.text.HardFault_Handler) for HardFault_Handler
    startup_stm32h743xx.o(RESET) refers to stm32h7xx_it.o(.text.MemManage_Handler) for MemManage_Handler
    startup_stm32h743xx.o(RESET) refers to stm32h7xx_it.o(.text.BusFault_Handler) for BusFault_Handler
    startup_stm32h743xx.o(RESET) refers to stm32h7xx_it.o(.text.UsageFault_Handler) for UsageFault_Handler
    startup_stm32h743xx.o(RESET) refers to stm32h7xx_it.o(.text.SVC_Handler) for SVC_Handler
    startup_stm32h743xx.o(RESET) refers to stm32h7xx_it.o(.text.DebugMon_Handler) for DebugMon_Handler
    startup_stm32h743xx.o(RESET) refers to stm32h7xx_it.o(.text.PendSV_Handler) for PendSV_Handler
    startup_stm32h743xx.o(RESET) refers to stm32h7xx_it.o(.text.SysTick_Handler) for SysTick_Handler
    startup_stm32h743xx.o(RESET) refers to stm32h7xx_it.o(.text.DMA1_Stream0_IRQHandler) for DMA1_Stream0_IRQHandler
    startup_stm32h743xx.o(RESET) refers to stm32h7xx_it.o(.text.USART3_IRQHandler) for USART3_IRQHandler
    startup_stm32h743xx.o(.text) refers to system_stm32h7xx.o(.text.ExitRun0Mode) for ExitRun0Mode
    startup_stm32h743xx.o(.text) refers to system_stm32h7xx.o(.text.SystemInit) for SystemInit
    startup_stm32h743xx.o(.text) refers to entry.o(.ARM.Collect$$$$00000000) for __main
    main.o(.text.main) refers to stm32h7xx_hal_cortex.o(.text.HAL_MPU_Disable) for HAL_MPU_Disable
    main.o(.text.main) refers to stm32h7xx_hal_cortex.o(.text.HAL_MPU_ConfigRegion) for HAL_MPU_ConfigRegion
    main.o(.text.main) refers to stm32h7xx_hal_cortex.o(.text.HAL_MPU_Enable) for HAL_MPU_Enable
    main.o(.text.main) refers to stm32h7xx_hal.o(.text.HAL_Init) for HAL_Init
    main.o(.text.main) refers to main.o(.text.SystemClock_Config) for SystemClock_Config
    main.o(.text.main) refers to gpio.o(.text.MX_GPIO_Init) for MX_GPIO_Init
    main.o(.text.main) refers to dma.o(.text.MX_DMA_Init) for MX_DMA_Init
    main.o(.text.main) refers to adc.o(.text.MX_ADC1_Init) for MX_ADC1_Init
    main.o(.text.main) refers to tim.o(.text.MX_TIM3_Init) for MX_TIM3_Init
    main.o(.text.main) refers to tim.o(.text.MX_TIM2_Init) for MX_TIM2_Init
    main.o(.text.main) refers to usart.o(.text.MX_USART3_UART_Init) for MX_USART3_UART_Init
    main.o(.text.main) refers to tim.o(.text.MX_TIM5_Init) for MX_TIM5_Init
    main.o(.text.main) refers to tim.o(.text.MX_TIM14_Init) for MX_TIM14_Init
    main.o(.text.main) refers to usart.o(.bss.huart3) for huart3
    main.o(.text.main) refers to main.o(.bss.aRxBuffer) for aRxBuffer
    main.o(.text.main) refers to stm32h7xx_hal_uart_ex.o(.text.HAL_UARTEx_ReceiveToIdle_IT) for HAL_UARTEx_ReceiveToIdle_IT
    main.o(.text.main) refers to get_freq.o(.text.FreqMeasure_Init) for FreqMeasure_Init
    main.o(.text.main) refers to tasks.o(.text.System_Tasks_Init) for System_Tasks_Init
    main.o(.text.main) refers to tasks.o(.text.App_process) for App_process
    main.o(.ARM.exidx.text.main) refers to main.o(.text.main) for [Anonymous Symbol]
    main.o(.text.SystemClock_Config) refers to memseta.o(.text) for __aeabi_memclr4
    main.o(.text.SystemClock_Config) refers to stm32h7xx_hal_pwr_ex.o(.text.HAL_PWREx_ConfigSupply) for HAL_PWREx_ConfigSupply
    main.o(.text.SystemClock_Config) refers to stm32h7xx_hal_rcc.o(.text.HAL_RCC_OscConfig) for HAL_RCC_OscConfig
    main.o(.text.SystemClock_Config) refers to stm32h7xx_hal_rcc.o(.text.HAL_RCC_ClockConfig) for HAL_RCC_ClockConfig
    main.o(.text.SystemClock_Config) refers to main.o(.text.Error_Handler) for Error_Handler
    main.o(.ARM.exidx.text.SystemClock_Config) refers to main.o(.text.SystemClock_Config) for [Anonymous Symbol]
    main.o(.text.Error_Handler) refers to hmi.o(.text.HMI_send_string) for HMI_send_string
    main.o(.ARM.exidx.text.Error_Handler) refers to main.o(.text.Error_Handler) for [Anonymous Symbol]
    main.o(.text.HAL_GPIO_EXTI_Callback) refers to get_freq.o(.text.FreqMeasure_Count_Handler) for FreqMeasure_Count_Handler
    main.o(.ARM.exidx.text.HAL_GPIO_EXTI_Callback) refers to main.o(.text.HAL_GPIO_EXTI_Callback) for [Anonymous Symbol]
    main.o(.text.UsartReceive_IDLE) refers to main.o(.bss.RX_len) for RX_len
    main.o(.text.UsartReceive_IDLE) refers to main.o(.bss.aRxBuffer) for aRxBuffer
    main.o(.text.UsartReceive_IDLE) refers to stm32h7xx_hal_uart.o(.text.HAL_UART_AbortReceive_IT) for HAL_UART_AbortReceive_IT
    main.o(.text.UsartReceive_IDLE) refers to stm32h7xx_hal_uart_ex.o(.text.HAL_UARTEx_ReceiveToIdle_IT) for HAL_UARTEx_ReceiveToIdle_IT
[...]
    [Anonymous Symbol]                       0x08008770   Section        0  stm32h7xx_hal_tim.o(.text.TIM_SlaveTimer_SetConfig)
    TIM_SlaveTimer_SetConfig                 0x08008771   Thumb Code   394  stm32h7xx_hal_tim.o(.text.TIM_SlaveTimer_SetConfig)
    [Anonymous Symbol]                       0x08008900   Section        0  hmi.o(.text.UART3_Printf)
    [Anonymous Symbol]                       0x08008958   Section        0  stm32h7xx_hal_uart.o(.text.UART_AdvFeatureConfig)
    [Anonymous Symbol]                       0x08008a48   Section        0  stm32h7xx_hal_uart.o(.text.UART_CheckIdleState)
    [Anonymous Symbol]                       0x08008b10   Section        0  stm32h7xx_hal_uart.o(.text.UART_DMAAbortOnError)
    UART_DMAAbortOnError                     0x08008b11   Thumb Code    12  stm32h7xx_hal_uart.o(.text.UART_DMAAbortOnError)
    [Anonymous Symbol]                       0x08008b20   Section        0  stm32h7xx_hal_uart.o(.text.UART_RxISR_16BIT)
    UART_RxISR_16BIT                         0x08008b21   Thumb Code   212  stm32h7xx_hal_uart.o(.text.UART_RxISR_16BIT)
    [Anonymous Symbol]                       0x08008bf8   Section        0  stm32h7xx_hal_uart.o(.text.UART_RxISR_16BIT_FIFOEN)
    UART_RxISR_16BIT_FIFOEN                  0x08008bf9   Thumb Code   454  stm32h7xx_hal_uart.o(.text.UART_RxISR_16BIT_FIFOEN)
    [Anonymous Symbol]                       0x08008dc0   Section        0  stm32h7xx_hal_uart.o(.text.UART_RxISR_8BIT)
    UART_RxISR_8BIT                          0x08008dc1   Thumb Code   212  stm32h7xx_hal_uart.o(.text.UART_RxISR_8BIT)
    [Anonymous Symbol]                       0x08008e98   Section        0  stm32h7xx_hal_uart.o(.text.UART_RxISR_8BIT_FIFOEN)
    UART_RxISR_8BIT_FIFOEN                   0x08008e99   Thumb Code   458  stm32h7xx_hal_uart.o(.text.UART_RxISR_8BIT_FIFOEN)
    [Anonymous Symbol]                       0x08009068   Section        0  stm32h7xx_hal_uart.o(.text.UART_SetConfig)
    [Anonymous Symbol]                       0x08009608   Section        0  stm32h7xx_hal_uart.o(.text.UART_Start_Receive_IT)
    [Anonymous Symbol]                       0x08009750   Section        0  stm32h7xx_hal_uart.o(.text.UART_WaitOnFlagUntilTimeout)
    [Anonymous Symbol]                       0x080098c8   Section        0  stm32h7xx_it.o(.text.USART3_IRQHandler)
    [Anonymous Symbol]                       0x080098d8   Section        0  stm32h7xx_it.o(.text.UsageFault_Handler)
    [Anonymous Symbol]                       0x080098e0   Section        0  fftana.o(.text.add_window)
    [Anonymous Symbol]                       0x08009900   Section        0  arm_bitreversal2_extra.o(.text.arm_bitreversal_32_extra)
    [Anonymous Symbol]                       0x08009948   Section        0  arm_cfft_f32_extra.o(.text.arm_cfft_f32_extra)
    [Anonymous Symbol]                       0x08009a48   Section        0  arm_cfft_f32_extra.o(.text.arm_cfft_radix8by2_f32_extra)
    [Anonymous Symbol]                       0x08009bd0   Section        0  arm_cfft_f32_extra.o(.text.arm_cfft_radix8by4_f32_extra)
    [Anonymous Symbol]                       0x0800a000   Section        0  fftana.o(.text.fft_process)
    [Anonymous Symbol]                       0x0800a120   Section        0  fftana.o(.text.get_max_3)
    [Anonymous Symbol]                       0x0800a288   Section        0  main.o(.text.main)
    [Anonymous Symbol]                       0x0800a3a8   Section        0  fftana.o(.text.process_data)
    [Anonymous Symbol]                       0x0800a418   Section        0  fftana.o(.text.regurlize_mag)
    i.__0sprintf                             0x0800a458   Section        0  printfa.o(i.__0sprintf)
    i.__0vsnprintf                           0x0800a480   Section        0  printfa.o(i.__0vsnprintf)
    i.__ARM_fpclassify                       0x0800a4ac   Section        0  fpclassify.o(i.__ARM_fpclassify)
    i.__hardfp__fabsf                        0x0800a4dc   Section        0  fabsf.o(i.__hardfp__fabsf)
    i.__hardfp_atan                          0x0800a4f0   Section        0  atan.o(i.__hardfp_atan)
    i.__hardfp_atan2                         0x0800a6c8   Section        0  atan2.o(i.__hardfp_atan2)
    i.__hardfp_sqrtf                         0x0800a888   Section        0  sqrtf.o(i.__hardfp_sqrtf)
    i.__kernel_poly                          0x0800a8c2   Section        0  poly.o(i.__kernel_poly)
    i.__mathlib_dbl_infnan                   0x0800a932   Section        0  dunder.o(i.__mathlib_dbl_infnan)
    i.__mathlib_dbl_infnan2                  0x0800a938   Section        0  dunder.o(i.__mathlib_dbl_infnan2)
    i.__mathlib_dbl_underflow                0x0800a940   Section        0  dunder.o(i.__mathlib_dbl_underflow)
    i.__scatterload_copy                     0x0800a958   Section       14  handlers.o(i.__scatterload_copy)
    i.__scatterload_null                     0x0800a966   Section        2  handlers.o(i.__scatterload_null)
    i.__scatterload_zeroinit                 0x0800a968   Section       14  handlers.o(i.__scatterload_zeroinit)
    i.__set_errno                            0x0800a978   Section        0  errno.o(i.__set_errno)
    i._fp_digits                             0x0800a984   Section        0  printfa.o(i._fp_digits)
    _fp_digits                               0x0800a985   Thumb Code   366  printfa.o(i._fp_digits)
    i._printf_core                           0x0800ab08   Section        0  printfa.o(i._printf_core)
    _printf_core                             0x0800ab09   Thumb Code  1744  printfa.o(i._printf_core)
    i._printf_post_padding                   0x0800b1e4   Section        0  printfa.o(i._printf_post_padding)
    _printf_post_padding                     0x0800b1e5   Thumb Code    36  printfa.o(i._printf_post_padding)
    i._printf_pre_padding                    0x0800b208   Section        0  printfa.o(i._printf_pre_padding)
    _printf_pre_padding                      0x0800b209   Thumb Code    46  printfa.o(i._printf_pre_padding)
    i._snputc                                0x0800b236   Section        0  printfa.o(i._snputc)
    _snputc                                  0x0800b237   Thumb Code    22  printfa.o(i._snputc)
    i._sputc                                 0x0800b24c   Section        0  printfa.o(i._sputc)
    _sputc                                   0x0800b24d   Thumb Code    10  printfa.o(i._sputc)
    i.atan                                   0x0800b256   Section        0  atan.o(i.atan)
    i.fabs                                   0x0800b266   Section        0  fabs.o(i.fabs)
    i.free                                   0x0800b280   Section        0  malloc.o(i.free)
    i.malloc                                 0x0800b2d0   Section        0  malloc.o(i.malloc)
    .constdata                               0x0800b340   Section      152  atan.o(.constdata)
    atanhi                                   0x0800b340   Data          32  atan.o(.constdata)
    atanlo                                   0x0800b360   Data          32  atan.o(.constdata)
    aTodd                                    0x0800b380   Data          40  atan.o(.constdata)
    aTeven                                   0x0800b3a8   Data          48  atan.o(.constdata)
    .constdata                               0x0800b3d8   Section        8  qnan.o(.constdata)
    DMA_CalcBaseAndBitshift.flagBitshiftOffset 0x08010f98   Data           8  stm32h7xx_hal_dma.o(.rodata.cst8)
    UARTEx_SetNbDataToProcess.numerator      0x08010fa0   Data           8  stm32h7xx_hal_uart_ex.o(.rodata.cst8)
    UARTEx_SetNbDataToProcess.denominator    0x08010fa8   Data           8  stm32h7xx_hal_uart_ex.o(.rodata.cst8)
    [Anonymous Symbol]                       0x08010fb0   Section        0  hmi.o(.rodata.str1.1)
    .L.str                                   0x08010fb0   Data          11  hmi.o(.rodata.str1.1)
    .L.str.1                                 0x08010fbb   Data           9  hmi.o(.rodata.str1.1)
    .data                                    0x20000000   Section        4  mvars.o(.data)
    .data                                    0x20000004   Section        4  mvars.o(.data)
    .data                                    0x20000008   Section        4  errno.o(.data)
    _errno                                   0x20000008   Data           4  errno.o(.data)
    [Anonymous Symbol]                       0x2000000c   Section        0  stm32h7xx_hal.o(.data..L_MergedGlobals)
    .L_MergedGlobals                         0x2000000c   Data          12  stm32h7xx_hal.o(.data..L_MergedGlobals)
    [Anonymous Symbol]                       0x20000018   Section        0  system_stm32h7xx.o(.data..L_MergedGlobals)
    .L_MergedGlobals                         0x20000018   Data           8  system_stm32h7xx.o(.data..L_MergedGlobals)
    [Anonymous Symbol]                       0x20000020   Section        0  tasks.o(.bss..L_MergedGlobals)
    .L_MergedGlobals                         0x20000020   Data          20  tasks.o(.bss..L_MergedGlobals)
    [Anonymous Symbol]                       0x20000034   Section        0  tasks.o(.bss..L_MergedGlobals.7)
    .L_MergedGlobals.7                       0x20000034   Data          12  tasks.o(.bss..L_MergedGlobals.7)
    App_process.is_busy                      0x20000034   Data           1  tasks.o(.bss..L_MergedGlobals.7)
    App_process.last_exec_time               0x20000038   Data           4  tasks.o(.bss..L_MergedGlobals.7)
    App_process.last_stable_freq             0x2000003c   Data           4  tasks.o(.bss..L_MergedGlobals.7)
    FreqCtrl.0                               0x20007040   Data           1  get_freq.o(.bss.FreqCtrl.0)
    FreqCtrl.1                               0x20007048   Data           8  get_freq.o(.bss.FreqCtrl.1)
    FreqCtrl.2                               0x20007050   Data           4  get_freq.o(.bss.FreqCtrl.2)
    FreqCtrl.3                               0x20007054   Data           1  get_freq.o(.bss.FreqCtrl.3)
    HEAP                                     0x200074f0   Section      512  startup_stm32h743xx.o(HEAP)
    STACK                                    0x200076f0   Section     1024  startup_stm32h743xx.o(STACK)
    [Anonymous Symbol]                       0x24000000   Section        0  fftana.o(.RAM_D1)
    get_freqaxis.freqaxis                    0x24000000   Data        4096  fftana.o(.RAM_D1)

    Global Symbols

    Symbol Name                              Value     Ov Type        Size  Object(Section)

    BuildAttributes$$THM_ISAv4$E$P$D$K$B$S$7EM$VFPv5_D16$PE$PLD8$A:L22UL41UL21$X:L11$S22US41US21$IEEE1$IW$~IW$USESV6$~STKCKD$USESV7$~SHL$OTIME$ROPI$IEEEX$EBA8$MICROLIB$REQ8$PRES8$EABIv2 0x00000000   Number         0  anon$$obj.o ABSOLUTE
    _printf_a                                0x00000000   Number         0  stubs.o ABSOLUTE
    _printf_c                                0x00000000   Number         0  stubs.o ABSOLUTE
    _printf_charcount                        0x00000000   Number         0  stubs.o ABSOLUTE
    _printf_d                                0x00000000   Number         0  stubs.o ABSOLUTE
    _printf_e                                0x00000000   Number         0  stubs.o ABSOLUTE
    _printf_f                                0x00000000   Number         0  stubs.o ABSOLUTE
    _printf_flags                            0x00000000   Number         0  stubs.o ABSOLUTE
    _printf_fp_dec                           0x00000000   Number         0  stubs.o ABSOLUTE
    _printf_fp_hex                           0x00000000   Number         0  stubs.o ABSOLUTE
    _printf_g                                0x00000000   Number         0  stubs.o ABSOLUTE
    _printf_i                                0x00000000   Number         0  stubs.o ABSOLUTE
    _printf_int_dec                          0x00000000   Number         0  stubs.o ABSOLUTE
    _printf_l                                0x00000000   Number         0  stubs.o ABSOLUTE
    _printf_lc                               0x00000000   Number         0  stubs.o ABSOLUTE
    _printf_ll                               0x00000000   Number         0  stubs.o ABSOLUTE
    _printf_lld                              0x00000000   Number         0  stubs.o ABSOLUTE
    _printf_lli                              0x00000000   Number         0  stubs.o ABSOLUTE
    _printf_llo                              0x00000000   Number         0  stubs.o ABSOLUTE
    _printf_llu                              0x00000000   Number         0  stubs.o ABSOLUTE
    _printf_llx                              0x00000000   Number         0  stubs.o ABSOLUTE
    _printf_longlong_dec                     0x00000000   Number         0  stubs.o ABSOLUTE
    _printf_longlong_hex                     0x00000000   Number         0  stubs.o ABSOLUTE
    _printf_longlong_oct                     0x00000000   Number         0  stubs.o ABSOLUTE
    _printf_ls                               0x00000000   Number         0  stubs.o ABSOLUTE
    _printf_mbtowc                           0x00000000   Number         0  stubs.o ABSOLUTE
    _printf_n                                0x00000000   Number         0  stubs.o ABSOLUTE
    _printf_o                                0x00000000   Number         0  stubs.o ABSOLUTE
    _printf_p                                0x00000000   Number         0  stubs.o ABSOLUTE
    _printf_percent                          0x00000000   Number         0  stubs.o ABSOLUTE
    _printf_pre_padding                      0x00000000   Number         0  stubs.o ABSOLUTE
    _printf_return_value                     0x00000000   Number         0  stubs.o ABSOLUTE
    _printf_s                                0x00000000   Number         0  stubs.o ABSOLUTE
    _printf_sizespec                         0x00000000   Number         0  stubs.o ABSOLUTE
    _printf_str                              0x00000000   Number         0  stubs.o ABSOLUTE
    _printf_truncate_signed                  0x00000000   Number         0  stubs.o ABSOLUTE
    _printf_truncate_unsigned                0x00000000   Number         0  stubs.o ABSOLUTE
    _printf_u                                0x00000000   Number         0  stubs.o ABSOLUTE
    _printf_wc                               0x00000000   Number         0  stubs.o ABSOLUTE
    _printf_wctomb                           0x00000000   Number         0  stubs.o ABSOLUTE
    _printf_widthprec                        0x00000000   Number         0  stubs.o ABSOLUTE
    _printf_x                                0x00000000   Number         0  stubs.o ABSOLUTE
    __cpp_initialize__aeabi_                  - Undefined Weak Reference
    __cxa_finalize                            - Undefined Weak Reference
    _clock_init                               - Undefined Weak Reference
    _microlib_exit                            - Undefined Weak Reference
    __Vectors_Size                           0x00000298   Number         0  startup_stm32h743xx.o ABSOLUTE
    __Vectors                                0x08000000   Data           4  startup_stm32h743xx.o(RESET)
    __Vectors_End                            0x08000298   Data           0  startup_stm32h743xx.o(RESET)
    __main                                   0x08000299   Thumb Code     0  entry.o(.ARM.Collect$$$$00000000)
    _main_stk                                0x08000299   Thumb Code     0  entry2.o(.ARM.Collect$$$$00000001)
    _main_scatterload                        0x0800029d   Thumb Code     0  entry5.o(.ARM.Collect$$$$00000004)
    __main_after_scatterload                 0x080002a1   Thumb Code     0  entry5.o(.ARM.Collect$$$$00000004)
    _main_clock                              0x080002a1   Thumb Code     0  entry7b.o(.ARM.Collect$$$$00000008)
    _main_cpp_init                           0x080002a1   Thumb Code     0  entry8b.o(.ARM.Collect$$$$0000000A)
    _main_init                               0x080002a1   Thumb Code     0  entry9a.o(.ARM.Collect$$$$0000000B)
    __rt_final_cpp                           0x080002a9   Thumb Code     0  entry10a.o(.ARM.Collect$$$$0000000D)
    __rt_final_exit                          0x080002a9   Thumb Code     0  entry11a.o(.ARM.Collect$$$$0000000F)
    Reset_Handler                            0x080002ad   Thumb Code    12  startup_stm32h743xx.o(.text)
    ADC3_IRQHandler                          0x080002cb   Thumb Code     0  startup_stm32h743xx.o(.text)
    ADC_IRQHandler                           0x080002cb   Thumb Code     0  startup_stm32h743xx.o(.text)
    BDMA_Channel0_IRQHandler                 0x080002cb   Thumb Code     0  startup_stm32h743xx.o(.text)
    BDMA_Channel1_IRQHandler                 0x080002cb   Thumb Code     0  startup_stm32h743xx.o(.text)
    BDMA_Channel2_IRQHandler                 0x080002cb   Thumb Code     0  startup_stm32h743xx.o(.text)
    BDMA_Channel3_IRQHandler                 0x080002cb   Thumb Code     0  startup_stm32h743xx.o(.text)
    BDMA_Channel4_IRQHandler                 0x080002cb   Thumb Code     0  startup_stm32h743xx.o(.text)
    BDMA_Channel5_IRQHandler                 0x080002cb   Thumb Code     0  startup_stm32h743xx.o(.text)
    BDMA_Channel6_IRQHandler                 0x080002cb   Thumb Code     0  startup_stm32h743xx.o(.text)
    BDMA_Channel7_IRQHandler                 0x080002cb   Thumb Code     0  startup_stm32h743xx.o(.text)
    CEC_IRQHandler                           0x080002cb   Thumb Code     0  startup_stm32h743xx.o(.text)
    COMP1_IRQHandler                         0x080002cb   Thumb Code     0  startup_stm32h743xx.o(.text)
    CRS_IRQHandler                           0x080002cb   Thumb Code     0  startup_stm32h743xx.o(.text)
    DCMI_IRQHandler                          0x080002cb   Thumb Code     0  startup_stm32h743xx.o(.text)
    DFSDM1_FLT0_IRQHandler                   0x080002cb   Thumb Code     0  startup_stm32h743xx.o(.text)
    DFSDM1_FLT1_IRQHandler                   0x080002cb   Thumb Code     0  startup_stm32h743xx.o(.text)
    DFSDM1_FLT2_IRQHandler                   0x080002cb   Thumb Code     0  startup_stm32h743xx.o(.text)
    DFSDM1_FLT3_IRQHandler                   0x080002cb   Thumb Code     0  startup_stm32h743xx.o(.text)
    DMA1_Stream1_IRQHandler                  0x080002cb   Thumb Code     0  startup_stm32h743xx.o(.text)
    DMA1_Stream2_IRQHandler                  0x080002cb   Thumb Code     0  startup_stm32h743xx.o(.text)
    DMA1_Stream3_IRQHandler                  0x080002cb   Thumb Code     0  startup_stm32h743xx.o(.text)
    DMA1_Stream4_IRQHandler                  0x080002cb   Thumb Code     0  startup_stm32h743xx.o(.text)
    DMA1_Stream5_IRQHandler                  0x080002cb   Thumb Code     0  startup_stm32h743xx.o(.text)
    DMA1_Stream6_IRQHandler                  0x080002cb   Thumb Code     0  startup_stm32h743xx.o(.text)
    DMA1_Stream7_IRQHandler                  0x080002cb   Thumb Code     0  startup_stm32h743xx.o(.text)
    DMA2D_IRQHandler                         0x080002cb   Thumb Code     0  startup_stm32h743xx.o(.text)
    DMA2_Stream0_IRQHandler                  0x080002cb   Thumb Code     0  startup_stm32h743xx.o(.text)
    DMA2_Stream1_IRQHandler                  0x080002cb   Thumb Code     0  startup_stm32h743xx.o(.text)
    DMA2_Stream2_IRQHandler                  0x080002cb   Thumb Code     0  startup_stm32h743xx.o(.text)
    DMA2_Stream3_IRQHandler                  0x080002cb   Thumb Code     0  startup_stm32h743xx.o(.text)
    DMA2_Stream4_IRQHandler                  0x080002cb   Thumb Code     0  startup_stm32h743xx.o(.text)
    DMA2_Stream5_IRQHandler                  0x080002cb   Thumb Code     0  startup_stm32h743xx.o(.text)
    DMA2_Stream6_IRQHandler                  0x080002cb   Thumb Code     0  startup_stm32h743xx.o(.text)
    DMA2_Stream7_IRQHandler                  0x080002cb   Thumb Code     0  startup_stm32h743xx.o(.text)
    DMAMUX1_OVR_IRQHandler                   0x080002cb   Thumb Code     0  startup_stm32h743xx.o(.text)
    DMAMUX2_OVR_IRQHandler                   0x080002cb   Thumb Code     0  startup_stm32h743xx.o(.text)
    ECC_IRQHandler                           0x080002cb   Thumb Code     0  startup_stm32h743xx.o(.text)
    ETH_IRQHandler                           0x080002cb   Thumb Code     0  startup_stm32h743xx.o(.text)
    ETH_WKUP_IRQHandler                      0x080002cb   Thumb Code     0  startup_stm32h743xx.o(.text)
    EXTI0_IRQHandler                         0x080002cb   Thumb Code     0  startup_stm32h743xx.o(.text)
    EXTI15_10_IRQHandler                     0x080002cb   Thumb Code     0  startup_stm32h743xx.o(.text)
    EXTI1_IRQHandler                         0x080002cb   Thumb Code     0  startup_stm32h743xx.o(.text)
    EXTI2_IRQHandler                         0x080002cb   Thumb Code     0  startup_stm32h743xx.o(.text)
    EXTI3_IRQHandler                         0x080002cb   Thumb Code     0  startup_stm32h743xx.o(.text)
    EXTI4_IRQHandler                         0x080002cb   Thumb Code     0  startup_stm32h743xx.o(.text)
    EXTI9_5_IRQHandler                       0x080002cb   Thumb Code     0  startup_stm32h743xx.o(.text)
    FDCAN1_IT0_IRQHandler                    0x080002cb   Thumb Code     0  startup_stm32h743xx.o(.text)
    FDCAN1_IT1_IRQHandler                    0x080002cb   Thumb Code     0  startup_stm32h743xx.o(.text)
    FDCAN2_IT0_IRQHandler                    0x080002cb   Thumb Code     0  startup_stm32h743xx.o(.text)
    FDCAN2_IT1_IRQHandler                    0x080002cb   Thumb Code     0  startup_stm32h743xx.o(.text)
    FDCAN_CAL_IRQHandler                     0x080002cb   Thumb Code     0  startup_stm32h743xx.o(.text)
    FLASH_IRQHandler                         0x080002cb   Thumb Code     0  startup_stm32h743xx.o(.text)
    FMC_IRQHandler                           0x080002cb   Thumb Code     0  startup_stm32h743xx.o(.text)
    FPU_IRQHandler                           0x080002cb   Thumb Code     0  startup_stm32h743xx.o(.text)
    HRTIM1_FLT_IRQHandler                    0x080002cb   Thumb Code     0  startup_stm32h743xx.o(.text)
    HRTIM1_Master_IRQHandler                 0x080002cb   Thumb Code     0  startup_stm32h743xx.o(.text)
    HRTIM1_TIMA_IRQHandler                   0x080002cb   Thumb Code     0  startup_stm32h743xx.o(.text)
    HRTIM1_TIMB_IRQHandler                   0x080002cb   Thumb Code     0  startup_stm32h743xx.o(.text)
    HRTIM1_TIMC_IRQHandler                   0x080002cb   Thumb Code     0  startup_stm32h743xx.o(.text)
    HRTIM1_TIMD_IRQHandler                   0x080002cb   Thumb Code     0  startup_stm32h743xx.o(.text)
    HRTIM1_TIME_IRQHandler                   0x080002cb   Thumb Code     0  startup_stm32h743xx.o(.text)
    HSEM1_IRQHandler                         0x080002cb   Thumb Code     0  startup_stm32h743xx.o(.text)
    I2C1_ER_IRQHandler                       0x080002cb   Thumb Code     0  startup_stm32h743xx.o(.text)
    I2C1_EV_IRQHandler                       0x080002cb   Thumb Code     0  startup_stm32h743xx.o(.text)
    I2C2_ER_IRQHandler                       0x080002cb   Thumb Code     0  startup_stm32h743xx.o(.text)
    I2C2_EV_IRQHandler                       0x080002cb   Thumb Code     0  startup_stm32h743xx.o(.text)
    I2C3_ER_IRQHandler                       0x080002cb   Thumb Code     0  startup_stm32h743xx.o(.text)
    I2C3_EV_IRQHandler                       0x080002cb   Thumb Code     0  startup_stm32h743xx.o(.text)
    I2C4_ER_IRQHandler                       0x080002cb   Thumb Code     0  startup_stm32h743xx.o(.text)
    I2C4_EV_IRQHandler                       0x080002cb   Thumb Code     0  startup_stm32h743xx.o(.text)
    JPEG_IRQHandler                          0x080002cb   Thumb Code     0  startup_stm32h743xx.o(.text)
    LPTIM1_IRQHandler                        0x080002cb   Thumb Code     0  startup_stm32h743xx.o(.text)
    LPTIM2_IRQHandler                        0x080002cb   Thumb Code     0  startup_stm32h743xx.o(.text)
    LPTIM3_IRQHandler                        0x080002cb   Thumb Code     0  startup_stm32h743xx.o(.text)
    LPTIM4_IRQHandler                        0x080002cb   Thumb Code     0  startup_stm32h743xx.o(.text)
    LPTIM5_IRQHandler                        0x080002cb   Thumb Code     0  startup_stm32h743xx.o(.text)
    LPUART1_IRQHandler                       0x080002cb   Thumb Code     0  startup_stm32h743xx.o(.text)
    LTDC_ER_IRQHandler                       0x080002cb   Thumb Code     0  startup_stm32h743xx.o(.text)
    LTDC_IRQHandler                          0x080002cb   Thumb Code     0  startup_stm32h743xx.o(.text)
    MDIOS_IRQHandler                         0x080002cb   Thumb Code     0  startup_stm32h743xx.o(.text)
    MDIOS_WKUP_IRQHandler                    0x080002cb   Thumb Code     0  startup_stm32h743xx.o(.text)
    MDMA_IRQHandler                          0x080002cb   Thumb Code     0  startup_stm32h743xx.o(.text)
    OTG_FS_EP1_IN_IRQHandler                 0x080002cb   Thumb Code     0  startup_stm32h743xx.o(.text)
    OTG_FS_EP1_OUT_IRQHandler                0x080002cb   Thumb Code     0  startup_stm32h743xx.o(.text)
    OTG_FS_IRQHandler                        0x080002cb   Thumb Code     0  startup_stm32h743xx.o(.text)
    OTG_FS_WKUP_IRQHandler                   0x080002cb   Thumb Code     0  startup_stm32h743xx.o(.text)
    OTG_HS_EP1_IN_IRQHandler                 0x080002cb   Thumb Code     0  startup_stm32h743xx.o(.text)
    OTG_HS_EP1_OUT_IRQHandler                0x080002cb   Thumb Code     0  startup_stm32h743xx.o(.text)
    OTG_HS_IRQHandler                        0x080002cb   Thumb Code     0  startup_stm32h743xx.o(.text)
    OTG_HS_WKUP_IRQHandler                   0x080002cb   Thumb Code     0  startup_stm32h743xx.o(.text)
    PVD_AVD_IRQHandler                       0x080002cb   Thumb Code     0  startup_stm32h743xx.o(.text)
    QUADSPI_IRQHandler                       0x080002cb   Thumb Code     0  startup_stm32h743xx.o(.text)
    RCC_IRQHandler                           0x080002cb   Thumb Code     0  startup_stm32h743xx.o(.text)
    RNG_IRQHandler                           0x080002cb   Thumb Code     0  startup_stm32h743xx.o(.text)
    RTC_Alarm_IRQHandler                     0x080002cb   Thumb Code     0  startup_stm32h743xx.o(.text)
    RTC_WKUP_IRQHandler                      0x080002cb   Thumb Code     0  startup_stm32h743xx.o(.text)
    SAI1_IRQHandler                          0x080002cb   Thumb Code     0  startup_stm32h743xx.o(.text)
    SAI2_IRQHandler                          0x080002cb   Thumb Code     0  startup_stm32h743xx.o(.text)
    SAI3_IRQHandler                          0x080002cb   Thumb Code     0  startup_stm32h743xx.o(.text)
    SAI4_IRQHandler                          0x080002cb   Thumb Code     0  startup_stm32h743xx.o(.text)
    SDMMC1_IRQHandler                        0x080002cb   Thumb Code     0  startup_stm32h743xx.o(.text)
    SDMMC2_IRQHandler                        0x080002cb   Thumb Code     0  startup_stm32h743xx.o(.text)
    SPDIF_RX_IRQHandler                      0x080002cb   Thumb Code     0  startup_stm32h743xx.o(.text)
    SPI1_IRQHandler                          0x080002cb   Thumb Code     0  startup_stm32h743xx.o(.text)
    SPI2_IRQHandler                          0x080002cb   Thumb Code     0  startup_stm32h743xx.o(.text)
    SPI3_IRQHandler                          0x080002cb   Thumb Code     0  startup_stm32h743xx.o(.text)
    SPI4_IRQHandler                          0x080002cb   Thumb Code     0  startup_stm32h743xx.o(.text)
    SPI5_IRQHandler                          0x080002cb   Thumb Code     0  startup_stm32h743xx.o(.text)
    SPI6_IRQHandler                          0x080002cb   Thumb Code     0  startup_stm32h743xx.o(.text)
    SWPMI1_IRQHandler                        0x080002cb   Thumb Code     0  startup_stm32h743xx.o(.text)
    TAMP_STAMP_IRQHandler                    0x080002cb   Thumb Code     0  startup_stm32h743xx.o(.text)
    TIM15_IRQHandler                         0x080002cb   Thumb Code     0  startup_stm32h743xx.o(.text)
    TIM16_IRQHandler                         0x080002cb   Thumb Code     0  startup_stm32h743xx.o(.text)
    TIM17_IRQHandler                         0x080002cb   Thumb Code     0  startup_stm32h743xx.o(.text)
    TIM1_BRK_IRQHandler                      0x080002cb   Thumb Code     0  startup_stm32h743xx.o(.text)
    TIM1_CC_IRQHandler                       0x080002cb   Thumb Code     0  startup_stm32h743xx.o(.text)
    TIM1_TRG_COM_IRQHandler                  0x080002cb   Thumb Code     0  startup_stm32h743xx.o(.text)
    TIM1_UP_IRQHandler                       0x080002cb   Thumb Code     0  startup_stm32h743xx.o(.text)
    TIM2_IRQHandler                          0x080002cb   Thumb Code     0  startup_stm32h743xx.o(.text)
    TIM3_IRQHandler                          0x080002cb   Thumb Code     0  startup_stm32h743xx.o(.text)
    TIM4_IRQHandler                          0x080002cb   Thumb Code     0  startup_stm32h743xx.o(.text)
    TIM5_IRQHandler                          0x080002cb   Thumb Code     0  startup_stm32h743xx.o(.text)
    TIM6_DAC_IRQHandler                      0x080002cb   Thumb Code     0  startup_stm32h743xx.o(.text)
    TIM7_IRQHandler                          0x080002cb   Thumb Code     0  startup_stm32h743xx.o(.text)
    TIM8_BRK_TIM12_IRQHandler                0x080002cb   Thumb Code     0  startup_stm32h743xx.o(.text)
    TIM8_CC_IRQHandler                       0x080002cb   Thumb Code     0  startup_stm32h743xx.o(.text)
    TIM8_TRG_COM_TIM14_IRQHandler            0x080002cb   Thumb Code     0  startup_stm32h743xx.o(.text)
    TIM8_UP_TIM13_IRQHandler                 0x080002cb   Thumb Code     0  startup_stm32h743xx.o(.text)
    UART4_IRQHandler                         0x080002cb   Thumb Code     0  startup_stm32h743xx.o(.text)
    UART5_IRQHandler                         0x080002cb   Thumb Code     0  startup_stm32h743xx.o(.text)
    UART7_IRQHandler                         0x080002cb   Thumb Code     0  startup_stm32h743xx.o(.text)
    UART8_IRQHandler                         0x080002cb   Thumb Code     0  startup_stm32h743xx.o(.text)
    USART1_IRQHandler                        0x080002cb   Thumb Code     0  startup_stm32h743xx.o(.text)
    USART2_IRQHandler                        0x080002cb   Thumb Code     0  startup_stm32h743xx.o(.text)
    USART6_IRQHandler                        0x080002cb   Thumb Code     0  startup_stm32h743xx.o(.text)
    WAKEUP_PIN_IRQHandler                    0x080002cb   Thumb Code     0  startup_stm32h743xx.o(.text)
    WWDG_IRQHandler                          0x080002cb   Thumb Code     0  startup_stm32h743xx.o(.text)
    arm_cmplx_mult_real_f32                  0x080002d9   Thumb Code   284  arm_cmplx_mult_real_f32.o(.text)
    arm_radix8_butterfly_f32                 0x080003f5   Thumb Code  2126  arm_cfft_radix8_f32.o(.text)
    __aeabi_uldivmod                         0x08000c49   Thumb Code    98  uldiv.o(.text)
    __aeabi_memset                           0x08000cab   Thumb Code    14  memseta.o(.text)
    __aeabi_memset4                          0x08000cab   Thumb Code     0  memseta.o(.text)
    __aeabi_memset8                          0x08000cab   Thumb Code     0  memseta.o(.text)
    __aeabi_memclr                           0x08000cb9   Thumb Code     4  memseta.o(.text)
    __aeabi_memclr4                          0x08000cb9   Thumb Code     0  memseta.o(.text)
    __aeabi_memclr8                          0x08000cb9   Thumb Code     0  memseta.o(.text)
    _memset$wrapper                          0x08000cbd   Thumb Code    18  memseta.o(.text)
    __aeabi_fadd                             0x08000ccf   Thumb Code   164  fadd.o(.text)
    __aeabi_fsub                             0x08000d73   Thumb Code     6  fadd.o(.text)
    __aeabi_frsub                            0x08000d79   Thumb Code     6  fadd.o(.text)
    __aeabi_fmul                             0x08000d7f   Thumb Code   100  fmul.o(.text)
    __aeabi_ul2f                             0x08000de3   Thumb Code    28  ffltul.o(.text)
    __aeabi_uidiv                            0x08000dff   Thumb Code     0  uidiv.o(.text)
    __aeabi_uidivmod                         0x08000dff   Thumb Code    44  uidiv.o(.text)
    __aeabi_llsl                             0x08000e2b   Thumb Code    30  llshl.o(.text)
    _ll_shift_l                              0x08000e2b   Thumb Code     0  llshl.o(.text)
    __aeabi_llsr                             0x08000e49   Thumb Code    32  llushr.o(.text)
    _ll_ushift_r                             0x08000e49   Thumb Code     0  llushr.o(.text)
    __I$use$fp                               0x08000e69   Thumb Code     0  iusefp.o(.text)
    _float_round                             0x08000e69   Thumb Code    18  fepilogue.o(.text)
    _float_epilogue                          0x08000e7b   Thumb Code    92  fepilogue.o(.text)
    __aeabi_dadd                             0x08000ed7   Thumb Code   322  dadd.o(.text)
    __aeabi_dsub                             0x08001019   Thumb Code     6  dadd.o(.text)
    __aeabi_drsub                            0x0800101f   Thumb Code     6  dadd.o(.text)
    __aeabi_dmul                             0x08001025   Thumb Code   228  dmul.o(.text)
    __aeabi_ddiv                             0x08001109   Thumb Code   222  ddiv.o(.text)
    __aeabi_d2ulz                            0x080011e7   Thumb Code    48  dfixul.o(.text)
    __aeabi_cdrcmple                         0x08001219   Thumb Code    48  cdrcmple.o(.text)
    __scatterload                            0x08001249   Thumb Code    28  init.o(.text)
    __scatterload_rt2                        0x08001249   Thumb Code     0  init.o(.text)
    __aeabi_lasr                             0x0800126d   Thumb Code    36  llsshr.o(.text)
    _ll_sshift_r                             0x0800126d   Thumb Code     0  llsshr.o(.text)
    _double_round                            0x08001291   Thumb Code    30  depilogue.o(.text)
    _double_epilogue                         0x080012af   Thumb Code   156  depilogue.o(.text)
    __decompress                             0x0800134b   Thumb Code     0  __dczerorl.o(.text)
    __decompress0                            0x0800134b   Thumb Code    58  __dczerorl.o(.text)
    ADC_ConfigureBoostMode                   0x08001389   Thumb Code   282  stm32h7xx_hal_adc.o(.text.ADC_ConfigureBoostMode)
    ADC_DMAConvCplt                          0x080014a9   Thumb Code   128  stm32h7xx_hal_adc.o(.text.ADC_DMAConvCplt)
    ADC_DMAError                             0x08001529   Thumb Code    22  stm32h7xx_hal_adc.o(.text.ADC_DMAError)
    ADC_DMAHalfConvCplt                      0x08001541   Thumb Code     6  stm32h7xx_hal_adc.o(.text.ADC_DMAHalfConvCplt)
    ADC_Enable                               0x08001549   Thumb Code   190  stm32h7xx_hal_adc.o(.text.ADC_Enable)
    App_process                              0x08001609   Thumb Code   660  tasks.o(.text.App_process)
    BusFault_Handler                         0x080018a1   Thumb Code     2  stm32h7xx_it.o(.text.BusFault_Handler)
    DMA1_Stream0_IRQHandler                  0x080018a9   Thumb Code    12  stm32h7xx_it.o(.text.DMA1_Stream0_IRQHandler)
    DebugMon_Handler                         0x080018b9   Thumb Code     2  stm32h7xx_it.o(.text.DebugMon_Handler)
    Error_Handler                            0x080018c1   Thumb Code    40  main.o(.text.Error_Handler)
    ExitRun0Mode                             0x080018e9   Thumb Code    28  system_stm32h7xx.o(.text.ExitRun0Mode)
    Find_Vpp                                 0x08001909   Thumb Code   756  fftana.o(.text.Find_Vpp)
    FreqMeasure_Init                         0x08001c01   Thumb Code    18  get_freq.o(.text.FreqMeasure_Init)
    FreqMeasure_Process                      0x08001c19   Thumb Code   360  get_freq.o(.text.FreqMeasure_Process)
    HAL_ADCEx_MultiModeConfigChannel         0x08001ea1   Thumb Code   242  stm32h7xx_hal_adc_ex.o(.text.HAL_ADCEx_MultiModeConfigChannel)
    HAL_ADC_ConfigChannel                    0x08001f99   Thumb Code  1148  stm32h7xx_hal_adc.o(.text.HAL_ADC_ConfigChannel)
    HAL_ADC_ConvCpltCallback                 0x08002419   Thumb Code     2  stm32h7xx_hal_adc.o(.text.HAL_ADC_ConvCpltCallback)
    HAL_ADC_ConvHalfCpltCallback             0x08002421   Thumb Code     2  stm32h7xx_hal_adc.o(.text.HAL_ADC_ConvHalfCpltCallback)
    HAL_ADC_ErrorCallback                    0x08002429   Thumb Code     2  stm32h7xx_hal_adc.o(.text.HAL_ADC_ErrorCallback)
    HAL_ADC_Init                             0x08002431   Thumb Code   546  stm32h7xx_hal_adc.o(.text.HAL_ADC_Init)
    HAL_ADC_MspInit                          0x08002659   Thumb Code   228  adc.o(.text.HAL_ADC_MspInit)
    HAL_ADC_Start_DMA                        0x08002741   Thumb Code   292  stm32h7xx_hal_adc.o(.text.HAL_ADC_Start_DMA)
    HAL_DMA_Abort                            0x08002869   Thumb Code  1232  stm32h7xx_hal_dma.o(.text.HAL_DMA_Abort)
    HAL_DMA_Abort_IT                         0x08002d39   Thumb Code   670  stm32h7xx_hal_dma.o(.text.HAL_DMA_Abort_IT)
    HAL_DMA_IRQHandler                       0x08002fd9   Thumb Code  2026  stm32h7xx_hal_dma.o(.text.HAL_DMA_IRQHandler)
    HAL_DMA_Init                             0x080037c9   Thumb Code  2054  stm32h7xx_hal_dma.o(.text.HAL_DMA_Init)
    HAL_DMA_Start_IT                         0x08003fd1   Thumb Code  1634  stm32h7xx_hal_dma.o(.text.HAL_DMA_Start_IT)
    HAL_Delay                                0x08004639   Thumb Code    44  stm32h7xx_hal.o(.text.HAL_Delay)
    HAL_GPIO_Init                            0x08004669   Thumb Code   434  stm32h7xx_hal_gpio.o(.text.HAL_GPIO_Init)
    HAL_GPIO_WritePin                        0x08004821   Thumb Code    10  stm32h7xx_hal_gpio.o(.text.HAL_GPIO_WritePin)
    HAL_GetREVID                             0x08004831   Thumb Code    14  stm32h7xx_hal.o(.text.HAL_GetREVID)
    HAL_GetTick                              0x08004841   Thumb Code    12  stm32h7xx_hal.o(.text.HAL_GetTick)
    HAL_IncTick                              0x08004851   Thumb Code    18  stm32h7xx_hal.o(.text.HAL_IncTick)
    HAL_Init                                 0x08004869   Thumb Code   100  stm32h7xx_hal.o(.text.HAL_Init)
    HAL_InitTick                             0x080048d1   Thumb Code    78  stm32h7xx_hal.o(.text.HAL_InitTick)
    HAL_MPU_ConfigRegion                     0x08004921   Thumb Code    90  stm32h7xx_hal_cortex.o(.text.HAL_MPU_ConfigRegion)
    HAL_MPU_Disable                          0x08004981   Thumb Code    26  stm32h7xx_hal_cortex.o(.text.HAL_MPU_Disable)
    HAL_MPU_Enable                           0x080049a1   Thumb Code    32  stm32h7xx_hal_cortex.o(.text.HAL_MPU_Enable)
    HAL_MspInit                              0x080049c1   Thumb Code    32  stm32h7xx_hal_msp.o(.text.HAL_MspInit)
    HAL_NVIC_ClearPendingIRQ                 0x080049e1   Thumb Code    32  stm32h7xx_hal_cortex.o(.text.HAL_NVIC_ClearPendingIRQ)
    HAL_NVIC_DisableIRQ                      0x08004a01   Thumb Code    40  stm32h7xx_hal_cortex.o(.text.HAL_NVIC_DisableIRQ)
    HAL_NVIC_EnableIRQ                       0x08004a29   Thumb Code    32  stm32h7xx_hal_cortex.o(.text.HAL_NVIC_EnableIRQ)
    HAL_NVIC_SetPriority                     0x08004a49   Thumb Code   100  stm32h7xx_hal_cortex.o(.text.HAL_NVIC_SetPriority)
    HAL_NVIC_SetPriorityGrouping             0x08004ab1   Thumb Code    32  stm32h7xx_hal_cortex.o(.text.HAL_NVIC_SetPriorityGrouping)
    HAL_PWREx_ConfigSupply                   0x08004ad1   Thumb Code    80  stm32h7xx_hal_pwr_ex.o(.text.HAL_PWREx_ConfigSupply)
    HAL_RCCEx_GetD3PCLK1Freq                 0x08004b21   Thumb Code    38  stm32h7xx_hal_rcc_ex.o(.text.HAL_RCCEx_GetD3PCLK1Freq)
    HAL_RCCEx_GetPLL1ClockFreq               0x08004b49   Thumb Code   380  stm32h7xx_hal_rcc_ex.o(.text.HAL_RCCEx_GetPLL1ClockFreq)
    HAL_RCCEx_GetPLL2ClockFreq               0x08004cc9   Thumb Code   368  stm32h7xx_hal_rcc_ex.o(.text.HAL_RCCEx_GetPLL2ClockFreq)
    HAL_RCCEx_GetPLL3ClockFreq               0x08004e39   Thumb Code   368  stm32h7xx_hal_rcc_ex.o(.text.HAL_RCCEx_GetPLL3ClockFreq)
    HAL_RCCEx_GetPeriphCLKFreq               0x08004fa9   Thumb Code  1156  stm32h7xx_hal_rcc_ex.o(.text.HAL_RCCEx_GetPeriphCLKFreq)
    HAL_RCCEx_PeriphCLKConfig                0x08005431   Thumb Code  2520  stm32h7xx_hal_rcc_ex.o(.text.HAL_RCCEx_PeriphCLKConfig)
    HAL_RCC_ClockConfig                      0x08005e09   Thumb Code   686  stm32h7xx_hal_rcc.o(.text.HAL_RCC_ClockConfig)
    HAL_RCC_GetHCLKFreq                      0x080060b9   Thumb Code    76  stm32h7xx_hal_rcc.o(.text.HAL_RCC_GetHCLKFreq)
    HAL_RCC_GetPCLK1Freq                     0x08006109   Thumb Code    96  stm32h7xx_hal_rcc.o(.text.HAL_RCC_GetPCLK1Freq)
    HAL_RCC_GetPCLK2Freq                     0x08006169   Thumb Code    96  stm32h7xx_hal_rcc.o(.text.HAL_RCC_GetPCLK2Freq)
    HAL_RCC_GetSysClockFreq                  0x080061c9   Thumb Code   356  stm32h7xx_hal_rcc.o(.text.HAL_RCC_GetSysClockFreq)
    HAL_RCC_OscConfig                        0x08006331   Thumb Code  1402  stm32h7xx_hal_rcc.o(.text.HAL_RCC_OscConfig)
    HAL_SYSTICK_Config                       0x080068b1   Thumb Code    44  stm32h7xx_hal_cortex.o(.text.HAL_SYSTICK_Config)
    HAL_TIMEx_MasterConfigSynchronization    0x080068e1   Thumb Code   204  stm32h7xx_hal_tim_ex.o(.text.HAL_TIMEx_MasterConfigSynchronization)
    HAL_TIM_Base_Init                        0x080069b1   Thumb Code   410  stm32h7xx_hal_tim.o(.text.HAL_TIM_Base_Init)
    HAL_TIM_Base_MspInit                     0x08006b51   Thumb Code   188  tim.o(.text.HAL_TIM_Base_MspInit)
    HAL_TIM_Base_Start                       0x08006c11   Thumb Code   168  stm32h7xx_hal_tim.o(.text.HAL_TIM_Base_Start)
    HAL_TIM_Base_Stop                        0x08006cb9   Thumb Code    40  stm32h7xx_hal_tim.o(.text.HAL_TIM_Base_Stop)
    HAL_TIM_ConfigClockSource                0x08006ce1   Thumb Code   470  stm32h7xx_hal_tim.o(.text.HAL_TIM_ConfigClockSource)
    HAL_TIM_IC_ConfigChannel                 0x08006eb9   Thumb Code   440  stm32h7xx_hal_tim.o(.text.HAL_TIM_IC_ConfigChannel)
    HAL_TIM_IC_Init                          0x08007071   Thumb Code   410  stm32h7xx_hal_tim.o(.text.HAL_TIM_IC_Init)
    HAL_TIM_IC_MspInit                       0x08007211   Thumb Code     2  stm32h7xx_hal_tim.o(.text.HAL_TIM_IC_MspInit)
    HAL_TIM_IC_Start                         0x08007219   Thumb Code   342  stm32h7xx_hal_tim.o(.text.HAL_TIM_IC_Start)
    HAL_TIM_IC_Stop                          0x08007371   Thumb Code   184  stm32h7xx_hal_tim.o(.text.HAL_TIM_IC_Stop)
    HAL_TIM_ReadCapturedValue                0x08007429   Thumb Code    52  stm32h7xx_hal_tim.o(.text.HAL_TIM_ReadCapturedValue)
    HAL_TIM_SlaveConfigSynchro               0x08007461   Thumb Code    72  stm32h7xx_hal_tim.o(.text.HAL_TIM_SlaveConfigSynchro)
    HAL_UARTEx_DisableFifoMode               0x080074a9   Thumb Code    56  stm32h7xx_hal_uart_ex.o(.text.HAL_UARTEx_DisableFifoMode)
    HAL_UARTEx_ReceiveToIdle_IT              0x080074e1   Thumb Code   106  stm32h7xx_hal_uart_ex.o(.text.HAL_UARTEx_ReceiveToIdle_IT)
    HAL_UARTEx_RxEventCallback               0x08007551   Thumb Code     2  stm32h7xx_hal_uart.o(.text.HAL_UARTEx_RxEventCallback)
    HAL_UARTEx_RxFifoFullCallback            0x08007559   Thumb Code     2  stm32h7xx_hal_uart_ex.o(.text.HAL_UARTEx_RxFifoFullCallback)
    HAL_UARTEx_SetRxFifoThreshold            0x08007561   Thumb Code   144  stm32h7xx_hal_uart_ex.o(.text.HAL_UARTEx_SetRxFifoThreshold)
    HAL_UARTEx_SetTxFifoThreshold            0x080075f1   Thumb Code   144  stm32h7xx_hal_uart_ex.o(.text.HAL_UARTEx_SetTxFifoThreshold)
    HAL_UARTEx_TxFifoEmptyCallback           0x08007681   Thumb Code     2  stm32h7xx_hal_uart_ex.o(.text.HAL_UARTEx_TxFifoEmptyCallback)
    HAL_UARTEx_WakeupCallback                0x08007689   Thumb Code     2  stm32h7xx_hal_uart_ex.o(.text.HAL_UARTEx_WakeupCallback)
    HAL_UART_ErrorCallback                   0x08007691   Thumb Code     2  stm32h7xx_hal_uart.o(.text.HAL_UART_ErrorCallback)
    HAL_UART_IRQHandler                      0x08007699   Thumb Code  1168  stm32h7xx_hal_uart.o(.text.HAL_UART_IRQHandler)
    HAL_UART_Init                            0x08007b29   Thumb Code   102  stm32h7xx_hal_uart.o(.text.HAL_UART_Init)
    HAL_UART_MspInit                         0x08007b91   Thumb Code   162  usart.o(.text.HAL_UART_MspInit)
    HAL_UART_RxCpltCallback                  0x08007c39   Thumb Code     2  stm32h7xx_hal_uart.o(.text.HAL_UART_RxCpltCallback)
    HAL_UART_Transmit                        0x08007c41   Thumb Code   382  stm32h7xx_hal_uart.o(.text.HAL_UART_Transmit)
    HAL_UART_TxCpltCallback                  0x08007dc1   Thumb Code     2  stm32h7xx_hal_uart.o(.text.HAL_UART_TxCpltCallback)
    HMI_Init                                 0x08007dc9   Thumb Code    96  hmi.o(.text.HMI_Init)
    HMI_send_string                          0x08007e29   Thumb Code    16  hmi.o(.text.HMI_send_string)
    HardFault_Handler                        0x08007e39   Thumb Code     2  stm32h7xx_it.o(.text.HardFault_Handler)
    MX_ADC1_Init                             0x08007e41   Thumb Code   190  adc.o(.text.MX_ADC1_Init)
    MX_DMA_Init                              0x08007f01   Thumb Code    52  dma.o(.text.MX_DMA_Init)
    MX_GPIO_Init                             0x08007f39   Thumb Code   334  gpio.o(.text.MX_GPIO_Init)
    MX_TIM14_Init                            0x08008089   Thumb Code    54  tim.o(.text.MX_TIM14_Init)
    MX_TIM2_Init                             0x080080c1   Thumb Code   200  tim.o(.text.MX_TIM2_Init)
    MX_TIM3_Init                             0x08008189   Thumb Code   126  tim.o(.text.MX_TIM3_Init)
    MX_TIM5_Init                             0x08008209   Thumb Code   128  tim.o(.text.MX_TIM5_Init)
    MX_USART3_UART_Init                      0x08008289   Thumb Code   130  usart.o(.text.MX_USART3_UART_Init)
    MemManage_Handler                        0x08008311   Thumb Code     2  stm32h7xx_it.o(.text.MemManage_Handler)
    NMI_Handler                              0x08008319   Thumb Code     2  stm32h7xx_it.o(.text.NMI_Handler)
    PendSV_Handler                           0x08008321   Thumb Code     2  stm32h7xx_it.o(.text.PendSV_Handler)
    SVC_Handler                              0x08008579   Thumb Code     2  stm32h7xx_it.o(.text.SVC_Handler)
    SysTick_Handler                          0x08008581   Thumb Code     4  stm32h7xx_it.o(.text.SysTick_Handler)
    SystemClock_Config                       0x08008589   Thumb Code   188  main.o(.text.SystemClock_Config)
    SystemInit                               0x08008649   Thumb Code   240  system_stm32h7xx.o(.text.SystemInit)
    System_Tasks_Init                        0x08008739   Thumb Code    50  tasks.o(.text.System_Tasks_Init)
    UART3_Printf                             0x08008901   Thumb Code    88  hmi.o(.text.UART3_Printf)
    UART_AdvFeatureConfig                    0x08008959   Thumb Code   234  stm32h7xx_hal_uart.o(.text.UART_AdvFeatureConfig)
    UART_CheckIdleState                      0x08008a49   Thumb Code   194  stm32h7xx_hal_uart.o(.text.UART_CheckIdleState)
    UART_SetConfig                           0x08009069   Thumb Code  1436  stm32h7xx_hal_uart.o(.text.UART_SetConfig)
    UART_Start_Receive_IT                    0x08009609   Thumb Code   324  stm32h7xx_hal_uart.o(.text.UART_Start_Receive_IT)
    UART_WaitOnFlagUntilTimeout              0x08009751   Thumb Code   372  stm32h7xx_hal_uart.o(.text.UART_WaitOnFlagUntilTimeout)
    USART3_IRQHandler                        0x080098c9   Thumb Code    12  stm32h7xx_it.o(.text.USART3_IRQHandler)
    UsageFault_Handler                       0x080098d9   Thumb Code     2  stm32h7xx_it.o(.text.UsageFault_Handler)
    add_window                               0x080098e1   Thumb Code    32  fftana.o(.text.add_window)
    arm_bitreversal_32_extra                 0x08009901   Thumb Code    68  arm_bitreversal2_extra.o(.text.arm_bitreversal_32_extra)
    arm_cfft_f32_extra                       0x08009949   Thumb Code   256  arm_cfft_f32_extra.o(.text.arm_cfft_f32_extra)
    arm_cfft_radix8by2_f32_extra             0x08009a49   Thumb Code   392  arm_cfft_f32_extra.o(.text.arm_cfft_radix8by2_f32_extra)
    arm_cfft_radix8by4_f32_extra             0x08009bd1   Thumb Code  1070  arm_cfft_f32_extra.o(.text.arm_cfft_radix8by4_f32_extra)
    fft_process                              0x0800a001   Thumb Code   284  fftana.o(.text.fft_process)
    get_max_3                                0x0800a121   Thumb Code   356  fftana.o(.text.get_max_3)
    main                                     0x0800a289   Thumb Code   286  main.o(.text.main)
    process_data                             0x0800a3a9   Thumb Code   112  fftana.o(.text.process_data)
    regurlize_mag                            0x0800a419   Thumb Code    64  fftana.o(.text.regurlize_mag)
    __0sprintf                               0x0800a459   Thumb Code    34  printfa.o(i.__0sprintf)
    __1sprintf                               0x0800a459   Thumb Code     0  printfa.o(i.__0sprintf)
    __2sprintf                               0x0800a459   Thumb Code     0  printfa.o(i.__0sprintf)
    __c89sprintf                             0x0800a459   Thumb Code     0  printfa.o(i.__0sprintf)
    sprintf                                  0x0800a459   Thumb Code     0  printfa.o(i.__0sprintf)
    __0vsnprintf                             0x0800a481   Thumb Code    40  printfa.o(i.__0vsnprintf)
    __1vsnprintf                             0x0800a481   Thumb Code     0  printfa.o(i.__0vsnprintf)
    __2vsnprintf                             0x0800a481   Thumb Code     0  printfa.o(i.__0vsnprintf)
    __c89vsnprintf                           0x0800a481   Thumb Code     0  printfa.o(i.__0vsnprintf)
    vsnprintf                                0x0800a481   Thumb Code     0  printfa.o(i.__0vsnprintf)
    __ARM_fpclassify                         0x0800a4ad   Thumb Code    48  fpclassify.o(i.__ARM_fpclassify)
    __hardfp__fabsf                          0x0800a4dd   Thumb Code    14  fabsf.o(i.__hardfp__fabsf)
    __hardfp_atan                            0x0800a4f1   Thumb Code   402  atan.o(i.__hardfp_atan)
    __hardfp_atan2                           0x0800a6c9   Thumb Code   380  atan2.o(i.__hardfp_atan2)
    __hardfp_sqrtf                           0x0800a889   Thumb Code    58  sqrtf.o(i.__hardfp_sqrtf)
    __kernel_poly                            0x0800a8c3   Thumb Code   112  poly.o(i.__kernel_poly)
    __mathlib_dbl_infnan                     0x0800a933   Thumb Code     6  dunder.o(i.__mathlib_dbl_infnan)
    __mathlib_dbl_infnan2                    0x0800a939   Thumb Code     6  dunder.o(i.__mathlib_dbl_infnan2)
    __mathlib_dbl_underflow                  0x0800a941   Thumb Code    10  dunder.o(i.__mathlib_dbl_underflow)
    __scatterload_copy                       0x0800a959   Thumb Code    14  handlers.o(i.__scatterload_copy)
    __scatterload_null                       0x0800a967   Thumb Code     2  handlers.o(i.__scatterload_null)
    __scatterload_zeroinit                   0x0800a969   Thumb Code    14  handlers.o(i.__scatterload_zeroinit)
    __set_errno                              0x0800a979   Thumb Code     6  errno.o(i.__set_errno)
    atan                                     0x0800b257   Thumb Code    16  atan.o(i.atan)
    fabs                                     0x0800b267   Thumb Code    24  fabs.o(i.fabs)
    free                                     0x0800b281   Thumb Code    76  malloc.o(i.free)
    malloc                                   0x0800b2d1   Thumb Code    92  malloc.o(i.malloc)
    __mathlib_zero                           0x0800b3d8   Data           8  qnan.o(.constdata)
    D1CorePrescTable                         0x0800b3e0   Data          16  system_stm32h7xx.o(.rodata.D1CorePrescTable)
    Hanning_Window_2048                      0x0800b3f0   Data        8192  tasks.o(.rodata.Hanning_Window_2048)
    UARTPrescTable                           0x0800d3f0   Data          24  stm32h7xx_hal_uart.o(.rodata.UARTPrescTable)
    armBitRevIndexTableExtra2048             0x0800d408   Data       15232  arm_common_tables_extra.o(.rodata.armBitRevIndexTableExtra2048)
    arm_cfft_sR_f32_len2048_extra            0x08010f88   Data          16  arm_const_structs_extra.o(.rodata.arm_cfft_sR_f32_len2048_extra)
    twiddleCoefExtra_2048                    0x08010fbc   Data       16384  arm_common_tables_extra.o(.rodata.twiddleCoefExtra_2048)
    Region$$Table$$Base                      0x08014fbc   Number         0  anon$$obj.o(Region$$Table)
    Region$$Table$$Limit                     0x08014ffc   Number         0  anon$$obj.o(Region$$Table)
    __microlib_freelist                      0x20000000   Data           4  mvars.o(.data)
    __microlib_freelist_initialised          0x20000004   Data           4  mvars.o(.data)
    uwTickFreq                               0x2000000c   Data           1  stm32h7xx_hal.o(.data..L_MergedGlobals)
    uwTickPrio                               0x20000010   Data           4  stm32h7xx_hal.o(.data..L_MergedGlobals)
    uwTick                                   0x20000014   Data           4  stm32h7xx_hal.o(.data..L_MergedGlobals)
    SystemCoreClock                          0x20000018   Data           4  system_stm32h7xx.o(.data..L_MergedGlobals)
    SystemD2Clock                            0x2000001c   Data           4  system_stm32h7xx.o(.data..L_MergedGlobals)
    adc_dma_finish                           0x20000020   Data           1  tasks.o(.bss..L_MergedGlobals)
    Top3                                     0x20000022   Data           6  tasks.o(.bss..L_MergedGlobals)
    Wave_Info                                0x20000028   Data          12  tasks.o(.bss..L_MergedGlobals)
    FFT_IN                                   0x20000040   Data        8192  tasks.o(.bss.FFT_IN)
    FFT_OUT                                  0x20002040   Data       20480  tasks.o(.bss.FFT_OUT)
    aRxBuffer                                0x20007055   Data         500  main.o(.bss.aRxBuffer)
    hadc1                                    0x2000724c   Data         100  adc.o(.bss.hadc1)
    hdma_adc1                                0x200072b0   Data         120  adc.o(.bss.hdma_adc1)
    htim14                                   0x20007328   Data          76  tim.o(.bss.htim14)
    htim2                                    0x20007374   Data          76  tim.o(.bss.htim2)
    htim3                                    0x200073c0   Data          76  tim.o(.bss.htim3)
    htim5                                    0x2000740c   Data          76  tim.o(.bss.htim5)
    huart3                                   0x20007458   Data         148  usart.o(.bss.huart3)
    __heap_base                              0x200074f0   Data           0  startup_stm32h743xx.o(HEAP)
    __heap_limit                             0x200076f0   Data           0  startup_stm32h743xx.o(HEAP)
    __initial_sp                             0x20007af0   Data           0  startup_stm32h743xx.o(STACK)
    adc1_buffer                              0x30000000   Data        4096  tasks.o(.RAM_D2)



==============================================================================

Memory Map of the image

  Image Entry point : 0x08000299

  Load Region LR_IROM1 (Base: 0x08000000, Size: 0x00017020, Max: 0x00200000, ABSOLUTE, COMPRESSED[0x00015068])

    Execution Region ER_IROM1 (Exec base: 0x08000000, Load base: 0x08000000, Size: 0x00014ffc, Max: 0x00200000, ABSOLUTE)

    Exec Addr    Load Addr    Size         Type   Attr      Idx    E Section Name        Object

    0x08000000   0x08000000   0x00000298   Data   RO            3    RESET               startup_stm32h743xx.o
    0x08000298   0x08000298   0x00000000   Code   RO         2244  * .ARM.Collect$$$$00000000  mc_w.l(entry.o)
    0x08000298   0x08000298   0x00000004   Code   RO         2600    .ARM.Collect$$$$00000001  mc_w.l(entry2.o)
    0x0800029c   0x0800029c   0x00000004   Code   RO         2603    .ARM.Collect$$$$00000004  mc_w.l(entry5.o)
    0x080002a0   0x080002a0   0x00000000   Code   RO         2605    .ARM.Collect$$$$00000008  mc_w.l(entry7b.o)
    0x080002a0   0x080002a0   0x00000000   Code   RO         2607    .ARM.Collect$$$$0000000A  mc_w.l(entry8b.o)
    0x080002a0   0x080002a0   0x00000008   Code   RO         2608    .ARM.Collect$$$$0000000B  mc_w.l(entry9a.o)
    0x080002a8   0x080002a8   0x00000000   Code   RO         2610    .ARM.Collect$$$$0000000D  mc_w.l(entry10a.o)
    0x080002a8   0x080002a8   0x00000000   Code   RO         2612    .ARM.Collect$$$$0000000F  mc_w.l(entry11a.o)
    0x080002a8   0x080002a8   0x00000004   Code   RO         2601    .ARM.Collect$$$$00002712  mc_w.l(entry2.o)
    0x080002ac   0x080002ac   0x0000002c   Code   RO            4    .text               startup_stm32h743xx.o
    0x080002d8   0x080002d8   0x0000011c   Code   RO         2114    .text               arm_cortexM7l_math.lib(arm_cmplx_mult_real_f32.o)
    0x080003f4   0x080003f4   0x00000854   Code   RO         2161    .text               arm_cortexM7l_math.lib(arm_cfft_radix8_f32.o)
    0x08000c48   0x08000c48   0x00000062   Code   RO         2247    .text               mc_w.l(uldiv.o)
    0x08000caa   0x08000caa   0x00000024   Code   RO         2249    .text               mc_w.l(memseta.o)
    0x08000cce   0x08000cce   0x000000b0   Code   RO         2540    .text               mf_w.l(fadd.o)
    0x08000d7e   0x08000d7e   0x00000064   Code   RO         2542    .text               mf_w.l(fmul.o)
    0x08000de2   0x08000de2   0x0000001c   Code   RO         2544    .text               mf_w.l(ffltul.o)
    0x08000dfe   0x08000dfe   0x0000002c   Code   RO         2619    .text               mc_w.l(uidiv.o)
    0x08000e2a   0x08000e2a   0x0000001e   Code   RO         2621    .text               mc_w.l(llshl.o)
    0x08000e48   0x08000e48   0x00000020   Code   RO         2623    .text               mc_w.l(llushr.o)
    0x08000e68   0x08000e68   0x00000000   Code   RO         2638    .text               mc_w.l(iusefp.o)
    0x08000e68   0x08000e68   0x0000006e   Code   RO         2639    .text               mf_w.l(fepilogue.o)
    0x08000ed6   0x08000ed6   0x0000014e   Code   RO         2641    .text               mf_w.l(dadd.o)
    0x08001024   0x08001024   0x000000e4   Code   RO         2643    .text               mf_w.l(dmul.o)
    0x08001108   0x08001108   0x000000de   Code   RO         2645    .text               mf_w.l(ddiv.o)
    0x080011e6   0x080011e6   0x00000030   Code   RO         2647    .text               mf_w.l(dfixul.o)
    0x08001216   0x08001216   0x00000002   PAD
    0x08001218   0x08001218   0x00000030   Code   RO         2649    .text               mf_w.l(cdrcmple.o)
    0x08001248   0x08001248   0x00000024   Code   RO         2657    .text               mc_w.l(init.o)
    0x0800126c   0x0800126c   0x00000024   Code   RO         2660    .text               mc_w.l(llsshr.o)
    0x08001290   0x08001290   0x000000ba   Code   RO         2663    .text               mf_w.l(depilogue.o)
    0x0800134a   0x0800134a   0x0000003a   Code   RO         2673    .text               mc_w.l(__dczerorl.o)
    0x08001384   0x08001384   0x00000004   PAD
    0x08001388   0x08001388   0x0000011a   Code   RO          174    .text.ADC_ConfigureBoostMode  stm32h7xx_hal_adc.o
    0x080014a2   0x080014a2   0x00000006   PAD
    0x080014a8   0x080014a8   0x00000080   Code   RO          200    .text.ADC_DMAConvCplt  stm32h7xx_hal_adc.o
    0x08001528   0x08001528   0x00000016   Code   RO          204    .text.ADC_DMAError  stm32h7xx_hal_adc.o
    0x0800153e   0x0800153e   0x00000002   PAD
    0x08001540   0x08001540   0x00000006   Code   RO          202    .text.ADC_DMAHalfConvCplt  stm32h7xx_hal_adc.o
    0x08001546   0x08001546   0x00000002   PAD
    0x08001548   0x08001548   0x000000be   Code   RO          186    .text.ADC_Enable    stm32h7xx_hal_adc.o
    0x08001606   0x08001606   0x00000002   PAD
    0x08001608   0x08001608   0x00000294   Code   RO         1703    .text.App_process   tasks.o
    0x0800189c   0x0800189c   0x00000004   PAD
    0x080018a0   0x080018a0   0x00000002   Code   RO          131    .text.BusFault_Handler  stm32h7xx_it.o
    0x080018a2   0x080018a2   0x00000006   PAD
    0x080018a8   0x080018a8   0x0000000c   Code   RO          143    .text.DMA1_Stream0_IRQHandler  stm32h7xx_it.o
    0x080018b4   0x080018b4   0x00000004   PAD
    0x080018b8   0x080018b8   0x00000002   Code   RO          137    .text.DebugMon_Handler  stm32h7xx_it.o
    0x080018ba   0x080018ba   0x00000006   PAD
    0x080018c0   0x080018c0   0x00000028   Code   RO           15    .text.Error_Handler  main.o
    0x080018e8   0x080018e8   0x0000001c   Code   RO         1686    .text.ExitRun0Mode  system_stm32h7xx.o
    0x08001904   0x08001904   0x00000004   PAD
    0x08001908   0x08001908   0x000002f4   Code   RO         1774    .text.Find_Vpp      fftana.o
    0x08001bfc   0x08001bfc   0x00000004   PAD
    0x08001c00   0x08001c00   0x00000012   Code   RO         1891    .text.FreqMeasure_Init  get_freq.o
    0x08001c12   0x08001c12   0x00000006   PAD
    0x08001c18   0x08001c18   0x00000168   Code   RO         1897    .text.FreqMeasure_Process  get_freq.o
    0x08001d80   0x08001d80   0x0000011e   Code   RO         1893    .text.Freq_Hardware_Switch  get_freq.o
    0x08001e9e   0x08001e9e   0x00000002   PAD
    0x08001ea0   0x08001ea0   0x000000f2   Code   RO          289    .text.HAL_ADCEx_MultiModeConfigChannel  stm32h7xx_hal_adc_ex.o
    0x08001f92   0x08001f92   0x00000006   PAD
    0x08001f98   0x08001f98   0x0000047c   Code   RO          220    .text.HAL_ADC_ConfigChannel  stm32h7xx_hal_adc.o
    0x08002414   0x08002414   0x00000004   PAD
    0x08002418   0x08002418   0x00000002   Code   RO          212    .text.HAL_ADC_ConvCpltCallback  stm32h7xx_hal_adc.o
    0x0800241a   0x0800241a   0x00000006   PAD
    0x08002420   0x08002420   0x00000002   Code   RO          218    .text.HAL_ADC_ConvHalfCpltCallback  stm32h7xx_hal_adc.o
    0x08002422   0x08002422   0x00000006   PAD
    0x08002428   0x08002428   0x00000002   Code   RO          216    .text.HAL_ADC_ErrorCallback  stm32h7xx_hal_adc.o
    0x0800242a   0x0800242a   0x00000006   PAD
    0x08002430   0x08002430   0x00000222   Code   RO          170    .text.HAL_ADC_Init  stm32h7xx_hal_adc.o
    0x08002652   0x08002652   0x00000006   PAD
    0x08002658   0x08002658   0x000000e4   Code   RO           50    .text.HAL_ADC_MspInit  adc.o
    0x0800273c   0x0800273c   0x00000004   PAD
    0x08002740   0x08002740   0x00000124   Code   RO          198    .text.HAL_ADC_Start_DMA  stm32h7xx_hal_adc.o
    0x08002864   0x08002864   0x00000004   PAD
    0x08002868   0x08002868   0x000004d0   Code   RO          555    .text.HAL_DMA_Abort  stm32h7xx_hal_dma.o
    0x08002d38   0x08002d38   0x0000029e   Code   RO          557    .text.HAL_DMA_Abort_IT  stm32h7xx_hal_dma.o
    0x08002fd6   0x08002fd6   0x00000002   PAD
    0x08002fd8   0x08002fd8   0x000007ea   Code   RO          561    .text.HAL_DMA_IRQHandler  stm32h7xx_hal_dma.o
    0x080037c2   0x080037c2   0x00000006   PAD
    0x080037c8   0x080037c8   0x00000806   Code   RO          547    .text.HAL_DMA_Init  stm32h7xx_hal_dma.o
    0x08003fce   0x08003fce   0x00000002   PAD
    0x08003fd0   0x08003fd0   0x00000662   Code   RO          553    .text.HAL_DMA_Start_IT  stm32h7xx_hal_dma.o
    0x08004632   0x08004632   0x00000006   PAD
    0x08004638   0x08004638   0x0000002c   Code   RO          868    .text.HAL_Delay     stm32h7xx_hal.o
    0x08004664   0x08004664   0x00000004   PAD
    0x08004668   0x08004668   0x000001b2   Code   RO          487    .text.HAL_GPIO_Init  stm32h7xx_hal_gpio.o
    0x0800481a   0x0800481a   0x00000006   PAD
    0x08004820   0x08004820   0x0000000a   Code   RO          493    .text.HAL_GPIO_WritePin  stm32h7xx_hal_gpio.o
    0x0800482a   0x0800482a   0x00000006   PAD
    0x08004830   0x08004830   0x0000000e   Code   RO          876    .text.HAL_GetREVID  stm32h7xx_hal.o
    0x0800483e   0x0800483e   0x00000002   PAD
    0x08004840   0x08004840   0x0000000c   Code   RO          860    .text.HAL_GetTick   stm32h7xx_hal.o
    0x0800484c   0x0800484c   0x00000004   PAD
    0x08004850   0x08004850   0x00000012   Code   RO          858    .text.HAL_IncTick   stm32h7xx_hal.o
    0x08004862   0x08004862   0x00000006   PAD
    0x08004868   0x08004868   0x00000064   Code   RO          848    .text.HAL_Init      stm32h7xx_hal.o
    0x080048cc   0x080048cc   0x00000004   PAD
    0x080048d0   0x080048d0   0x0000004e   Code   RO          850    .text.HAL_InitTick  stm32h7xx_hal.o
    0x0800491e   0x0800491e   0x00000002   PAD
    0x08004920   0x08004920   0x0000005a   Code   RO          815    .text.HAL_MPU_ConfigRegion  stm32h7xx_hal_cortex.o
    0x0800497a   0x0800497a   0x00000006   PAD
    0x08004980   0x08004980   0x0000001a   Code   RO          807    .text.HAL_MPU_Disable  stm32h7xx_hal_cortex.o
    0x0800499a   0x0800499a   0x00000006   PAD
    0x080049a0   0x080049a0   0x00000020   Code   RO          809    .text.HAL_MPU_Enable  stm32h7xx_hal_cortex.o
    0x080049c0   0x080049c0   0x00000020   Code   RO          157    .text.HAL_MspInit   stm32h7xx_hal_msp.o
    0x080049e0   0x080049e0   0x00000020   Code   RO          825    .text.HAL_NVIC_ClearPendingIRQ  stm32h7xx_hal_cortex.o
    0x08004a00   0x08004a00   0x00000028   Code   RO          801    .text.HAL_NVIC_DisableIRQ  stm32h7xx_hal_cortex.o
    0x08004a28   0x08004a28   0x00000020   Code   RO          799    .text.HAL_NVIC_EnableIRQ  stm32h7xx_hal_cortex.o
    0x08004a48   0x08004a48   0x00000064   Code   RO          797    .text.HAL_NVIC_SetPriority  stm32h7xx_hal_cortex.o
    0x08004aac   0x08004aac   0x00000004   PAD
    0x08004ab0   0x08004ab0   0x00000020   Code   RO          795    .text.HAL_NVIC_SetPriorityGrouping  stm32h7xx_hal_cortex.o
    0x08004ad0   0x08004ad0   0x00000050   Code   RO          704    .text.HAL_PWREx_ConfigSupply  stm32h7xx_hal_pwr_ex.o
    0x08004b20   0x08004b20   0x00000026   Code   RO          365    .text.HAL_RCCEx_GetD3PCLK1Freq  stm32h7xx_hal_rcc_ex.o
    0x08004b46   0x08004b46   0x00000002   PAD
    0x08004b48   0x08004b48   0x0000017c   Code   RO          359    .text.HAL_RCCEx_GetPLL1ClockFreq  stm32h7xx_hal_rcc_ex.o
    0x08004cc4   0x08004cc4   0x00000004   PAD
    0x08004cc8   0x08004cc8   0x00000170   Code   RO          361    .text.HAL_RCCEx_GetPLL2ClockFreq  stm32h7xx_hal_rcc_ex.o
    0x08004e38   0x08004e38   0x00000170   Code   RO          363    .text.HAL_RCCEx_GetPLL3ClockFreq  stm32h7xx_hal_rcc_ex.o
    0x08004fa8   0x08004fa8   0x00000484   Code   RO          357    .text.HAL_RCCEx_GetPeriphCLKFreq  stm32h7xx_hal_rcc_ex.o
    0x0800542c   0x0800542c   0x00000004   PAD
    0x08005430   0x08005430   0x000009d8   Code   RO          349    .text.HAL_RCCEx_PeriphCLKConfig  stm32h7xx_hal_rcc_ex.o
    0x08005e08   0x08005e08   0x000002ae   Code   RO          314    .text.HAL_RCC_ClockConfig  stm32h7xx_hal_rcc.o
    0x080060b6   0x080060b6   0x00000002   PAD
    0x080060b8   0x080060b8   0x0000004c   Code   RO          324    .text.HAL_RCC_GetHCLKFreq  stm32h7xx_hal_rcc.o
    0x08006104   0x08006104   0x00000004   PAD
    0x08006108   0x08006108   0x00000060   Code   RO          326    .text.HAL_RCC_GetPCLK1Freq  stm32h7xx_hal_rcc.o
    0x08006168   0x08006168   0x00000060   Code   RO          328    .text.HAL_RCC_GetPCLK2Freq  stm32h7xx_hal_rcc.o
    0x080061c8   0x080061c8   0x00000164   Code   RO          316    .text.HAL_RCC_GetSysClockFreq  stm32h7xx_hal_rcc.o
    0x0800632c   0x0800632c   0x00000004   PAD
    0x08006330   0x08006330   0x0000057a   Code   RO          312    .text.HAL_RCC_OscConfig  stm32h7xx_hal_rcc.o
    0x080068aa   0x080068aa   0x00000006   PAD
    0x080068b0   0x080068b0   0x0000002c   Code   RO          805    .text.HAL_SYSTICK_Config  stm32h7xx_hal_cortex.o
    0x080068dc   0x080068dc   0x00000004   PAD
    0x080068e0   0x080068e0   0x000000cc   Code   RO         1457    .text.HAL_TIMEx_MasterConfigSynchronization  stm32h7xx_hal_tim_ex.o
    0x080069ac   0x080069ac   0x00000004   PAD
    0x080069b0   0x080069b0   0x0000019a   Code   RO         1159    .text.HAL_TIM_Base_Init  stm32h7xx_hal_tim.o
    0x08006b4a   0x08006b4a   0x00000006   PAD
    0x08006b50   0x08006b50   0x000000bc   Code   RO           88    .text.HAL_TIM_Base_MspInit  tim.o
    0x08006c0c   0x08006c0c   0x00000004   PAD
    0x08006c10   0x08006c10   0x000000a8   Code   RO         1169    .text.HAL_TIM_Base_Start  stm32h7xx_hal_tim.o
    0x08006cb8   0x08006cb8   0x00000028   Code   RO         1171    .text.HAL_TIM_Base_Stop  stm32h7xx_hal_tim.o
    0x08006ce0   0x08006ce0   0x000001d6   Code   RO         1339    .text.HAL_TIM_ConfigClockSource  stm32h7xx_hal_tim.o
    0x08006eb6   0x08006eb6   0x00000002   PAD
    0x08006eb8   0x08006eb8   0x000001b8   Code   RO         1309    .text.HAL_TIM_IC_ConfigChannel  stm32h7xx_hal_tim.o
    0x08007070   0x08007070   0x0000019a   Code   RO         1233    .text.HAL_TIM_IC_Init  stm32h7xx_hal_tim.o
    0x0800720a   0x0800720a   0x00000006   PAD
    0x08007210   0x08007210   0x00000002   Code   RO         1235    .text.HAL_TIM_IC_MspInit  stm32h7xx_hal_tim.o
    0x08007212   0x08007212   0x00000006   PAD
    0x08007218   0x08007218   0x00000156   Code   RO         1241    .text.HAL_TIM_IC_Start  stm32h7xx_hal_tim.o
    0x0800736e   0x0800736e   0x00000002   PAD
    0x08007370   0x08007370   0x000000b8   Code   RO         1243    .text.HAL_TIM_IC_Stop  stm32h7xx_hal_tim.o
    0x08007428   0x08007428   0x00000034   Code   RO         1349    .text.HAL_TIM_ReadCapturedValue  stm32h7xx_hal_tim.o
    0x0800745c   0x0800745c   0x00000004   PAD
    0x08007460   0x08007460   0x00000048   Code   RO         1343    .text.HAL_TIM_SlaveConfigSynchro  stm32h7xx_hal_tim.o
    0x080074a8   0x080074a8   0x00000038   Code   RO         1656    .text.HAL_UARTEx_DisableFifoMode  stm32h7xx_hal_uart_ex.o
    0x080074e0   0x080074e0   0x0000006a   Code   RO         1664    .text.HAL_UARTEx_ReceiveToIdle_IT  stm32h7xx_hal_uart_ex.o
    0x0800754a   0x0800754a   0x00000006   PAD
    0x08007550   0x08007550   0x00000002   Code   RO         1582    .text.HAL_UARTEx_RxEventCallback  stm32h7xx_hal_uart.o
    0x08007552   0x08007552   0x00000006   PAD
    0x08007558   0x08007558   0x00000002   Code   RO         1642    .text.HAL_UARTEx_RxFifoFullCallback  stm32h7xx_hal_uart_ex.o
    0x0800755a   0x0800755a   0x00000006   PAD
    0x08007560   0x08007560   0x00000090   Code   RO         1660    .text.HAL_UARTEx_SetRxFifoThreshold  stm32h7xx_hal_uart_ex.o
    0x080075f0   0x080075f0   0x00000090   Code   RO         1658    .text.HAL_UARTEx_SetTxFifoThreshold  stm32h7xx_hal_uart_ex.o
    0x08007680   0x08007680   0x00000002   Code   RO         1644    .text.HAL_UARTEx_TxFifoEmptyCallback  stm32h7xx_hal_uart_ex.o
    0x08007682   0x08007682   0x00000006   PAD
    0x08007688   0x08007688   0x00000002   Code   RO         1640    .text.HAL_UARTEx_WakeupCallback  stm32h7xx_hal_uart_ex.o
    0x0800768a   0x0800768a   0x00000006   PAD
    0x08007690   0x08007690   0x00000002   Code   RO         1580    .text.HAL_UART_ErrorCallback  stm32h7xx_hal_uart.o
    0x08007692   0x08007692   0x00000006   PAD
    0x08007698   0x08007698   0x00000490   Code   RO         1576    .text.HAL_UART_IRQHandler  stm32h7xx_hal_uart.o
    0x08007b28   0x08007b28   0x00000066   Code   RO         1492    .text.HAL_UART_Init  stm32h7xx_hal_uart.o
    0x08007b8e   0x08007b8e   0x00000002   PAD
    0x08007b90   0x08007b90   0x000000a2   Code   RO          109    .text.HAL_UART_MspInit  usart.o
    0x08007c32   0x08007c32   0x00000006   PAD
    0x08007c38   0x08007c38   0x00000002   Code   RO         1588    .text.HAL_UART_RxCpltCallback  stm32h7xx_hal_uart.o
    0x08007c3a   0x08007c3a   0x00000006   PAD
    0x08007c40   0x08007c40   0x0000017e   Code   RO         1512    .text.HAL_UART_Transmit  stm32h7xx_hal_uart.o
    0x08007dbe   0x08007dbe   0x00000002   PAD
    0x08007dc0   0x08007dc0   0x00000002   Code   RO         1584    .text.HAL_UART_TxCpltCallback  stm32h7xx_hal_uart.o
    0x08007dc2   0x08007dc2   0x00000006   PAD
    0x08007dc8   0x08007dc8   0x00000060   Code   RO         1928    .text.HMI_Init      hmi.o
    0x08007e28   0x08007e28   0x00000010   Code   RO         1914    .text.HMI_send_string  hmi.o
    0x08007e38   0x08007e38   0x00000002   Code   RO          127    .text.HardFault_Handler  stm32h7xx_it.o
    0x08007e3a   0x08007e3a   0x00000006   PAD
    0x08007e40   0x08007e40   0x000000be   Code   RO           48    .text.MX_ADC1_Init  adc.o
    0x08007efe   0x08007efe   0x00000002   PAD
    0x08007f00   0x08007f00   0x00000034   Code   RO           67    .text.MX_DMA_Init   dma.o
    0x08007f34   0x08007f34   0x00000004   PAD
    0x08007f38   0x08007f38   0x0000014e   Code   RO           35    .text.MX_GPIO_Init  gpio.o
    0x08008086   0x08008086   0x00000002   PAD
    0x08008088   0x08008088   0x00000036   Code   RO           86    .text.MX_TIM14_Init  tim.o
    0x080080be   0x080080be   0x00000002   PAD
    0x080080c0   0x080080c0   0x000000c8   Code   RO           80    .text.MX_TIM2_Init  tim.o
    0x08008188   0x08008188   0x0000007e   Code   RO           82    .text.MX_TIM3_Init  tim.o
    0x08008206   0x08008206   0x00000002   PAD
    0x08008208   0x08008208   0x00000080   Code   RO           84    .text.MX_TIM5_Init  tim.o
    0x08008288   0x08008288   0x00000082   Code   RO          107    .text.MX_USART3_UART_Init  usart.o
    0x0800830a   0x0800830a   0x00000006   PAD
    0x08008310   0x08008310   0x00000002   Code   RO          129    .text.MemManage_Handler  stm32h7xx_it.o
    0x08008312   0x08008312   0x00000006   PAD
    0x08008318   0x08008318   0x00000002   Code   RO          125    .text.NMI_Handler   stm32h7xx_it.o
    0x0800831a   0x0800831a   0x00000006   PAD
    0x08008320   0x08008320   0x00000002   Code   RO          139    .text.PendSV_Handler  stm32h7xx_it.o
    0x08008322   0x08008322   0x00000006   PAD
    0x08008328   0x08008328   0x00000128   Code   RO          351    .text.RCCEx_PLL2_Config  stm32h7xx_hal_rcc_ex.o
    0x08008450   0x08008450   0x00000128   Code   RO          353    .text.RCCEx_PLL3_Config  stm32h7xx_hal_rcc_ex.o
    0x08008578   0x08008578   0x00000002   Code   RO          135    .text.SVC_Handler   stm32h7xx_it.o
    0x0800857a   0x0800857a   0x00000006   PAD
    0x08008580   0x08008580   0x00000004   Code   RO          141    .text.SysTick_Handler  stm32h7xx_it.o
    0x08008584   0x08008584   0x00000004   PAD
    0x08008588   0x08008588   0x000000bc   Code   RO           13    .text.SystemClock_Config  main.o
    0x08008644   0x08008644   0x00000004   PAD
    0x08008648   0x08008648   0x000000f0   Code   RO         1682    .text.SystemInit    system_stm32h7xx.o
    0x08008738   0x08008738   0x00000032   Code   RO         1701    .text.System_Tasks_Init  tasks.o
    0x0800876a   0x0800876a   0x00000006   PAD
    0x08008770   0x08008770   0x0000018a   Code   RO         1345    .text.TIM_SlaveTimer_SetConfig  stm32h7xx_hal_tim.o
    0x080088fa   0x080088fa   0x00000006   PAD
    0x08008900   0x08008900   0x00000058   Code   RO         1916    .text.UART3_Printf  hmi.o
    0x08008958   0x08008958   0x000000ea   Code   RO         1496    .text.UART_AdvFeatureConfig  stm32h7xx_hal_uart.o
    0x08008a42   0x08008a42   0x00000006   PAD
    0x08008a48   0x08008a48   0x000000c2   Code   RO         1500    .text.UART_CheckIdleState  stm32h7xx_hal_uart.o
    0x08008b0a   0x08008b0a   0x00000006   PAD
    0x08008b10   0x08008b10   0x0000000c   Code   RO         1578    .text.UART_DMAAbortOnError  stm32h7xx_hal_uart.o
    0x08008b1c   0x08008b1c   0x00000004   PAD
    0x08008b20   0x08008b20   0x000000d4   Code   RO         1618    .text.UART_RxISR_16BIT  stm32h7xx_hal_uart.o
    0x08008bf4   0x08008bf4   0x00000004   PAD
    0x08008bf8   0x08008bf8   0x000001c6   Code   RO         1614    .text.UART_RxISR_16BIT_FIFOEN  stm32h7xx_hal_uart.o
    0x08008dbe   0x08008dbe   0x00000002   PAD
    0x08008dc0   0x08008dc0   0x000000d4   Code   RO         1620    .text.UART_RxISR_8BIT  stm32h7xx_hal_uart.o
    0x08008e94   0x08008e94   0x00000004   PAD
    0x08008e98   0x08008e98   0x000001ca   Code   RO         1616    .text.UART_RxISR_8BIT_FIFOEN  stm32h7xx_hal_uart.o
    0x08009062   0x08009062   0x00000006   PAD
    0x08009068   0x08009068   0x0000059c   Code   RO         1498    .text.UART_SetConfig  stm32h7xx_hal_uart.o
    0x08009604   0x08009604   0x00000004   PAD
    0x08009608   0x08009608   0x00000144   Code   RO         1530    .text.UART_Start_Receive_IT  stm32h7xx_hal_uart.o
    0x0800974c   0x0800974c   0x00000004   PAD
    0x08009750   0x08009750   0x00000174   Code   RO         1514    .text.UART_WaitOnFlagUntilTimeout  stm32h7xx_hal_uart.o
    0x080098c4   0x080098c4   0x00000004   PAD
    0x080098c8   0x080098c8   0x0000000c   Code   RO          145    .text.USART3_IRQHandler  stm32h7xx_it.o
    0x080098d4   0x080098d4   0x00000004   PAD
    0x080098d8   0x080098d8   0x00000002   Code   RO          133    .text.UsageFault_Handler  stm32h7xx_it.o
    0x080098da   0x080098da   0x00000006   PAD
    0x080098e0   0x080098e0   0x00000020   Code   RO         1750    .text.add_window    fftana.o
    0x08009900   0x08009900   0x00000044   Code   RO         1957    .text.arm_bitreversal_32_extra  arm_bitreversal2_extra.o
    0x08009944   0x08009944   0x00000004   PAD
    0x08009948   0x08009948   0x00000100   Code   RO         1974    .text.arm_cfft_f32_extra  arm_cfft_f32_extra.o
    0x08009a48   0x08009a48   0x00000188   Code   RO         1970    .text.arm_cfft_radix8by2_f32_extra  arm_cfft_f32_extra.o
    0x08009bd0   0x08009bd0   0x0000042e   Code   RO         1972    .text.arm_cfft_radix8by4_f32_extra  arm_cfft_f32_extra.o
    0x08009ffe   0x08009ffe   0x00000002   PAD
    0x0800a000   0x0800a000   0x0000011c   Code   RO         1754    .text.fft_process   fftana.o
    0x0800a11c   0x0800a11c   0x00000004   PAD
    0x0800a120   0x0800a120   0x00000164   Code   RO         1760    .text.get_max_3     fftana.o
    0x0800a284   0x0800a284   0x00000004   PAD
    0x0800a288   0x0800a288   0x0000011e   Code   RO           11    .text.main          main.o
    0x0800a3a6   0x0800a3a6   0x00000002   PAD
    0x0800a3a8   0x0800a3a8   0x00000070   Code   RO         1748    .text.process_data  fftana.o
    0x0800a418   0x0800a418   0x00000040   Code   RO         1758    .text.regurlize_mag  fftana.o
    0x0800a458   0x0800a458   0x00000028   Code   RO         2486    i.__0sprintf        mc_w.l(printfa.o)
    0x0800a480   0x0800a480   0x0000002c   Code   RO         2489    i.__0vsnprintf      mc_w.l(printfa.o)
    0x0800a4ac   0x0800a4ac   0x00000030   Code   RO         2653    i.__ARM_fpclassify  m_wv.l(fpclassify.o)
    0x0800a4dc   0x0800a4dc   0x0000000e   Code   RO         2218    i.__hardfp__fabsf   m_wv.l(fabsf.o)
    0x0800a4ea   0x0800a4ea   0x00000006   PAD
    0x0800a4f0   0x0800a4f0   0x000001d4   Code   RO         2546    i.__hardfp_atan     m_wv.l(atan.o)
    0x0800a6c4   0x0800a6c4   0x00000004   PAD
    0x0800a6c8   0x0800a6c8   0x000001c0   Code   RO         2182    i.__hardfp_atan2    m_wv.l(atan2.o)
    0x0800a888   0x0800a888   0x0000003a   Code   RO         2224    i.__hardfp_sqrtf    m_wv.l(sqrtf.o)
    0x0800a8c2   0x0800a8c2   0x00000070   Code   RO         2655    i.__kernel_poly     m_wv.l(poly.o)
    0x0800a932   0x0800a932   0x00000006   Code   RO         2561    i.__mathlib_dbl_infnan  m_wv.l(dunder.o)
    0x0800a938   0x0800a938   0x00000006   Code   RO         2562    i.__mathlib_dbl_infnan2  m_wv.l(dunder.o)
    0x0800a93e   0x0800a93e   0x00000002   PAD
    0x0800a940   0x0800a940   0x00000018   Code   RO         2566    i.__mathlib_dbl_underflow  m_wv.l(dunder.o)
    0x0800a958   0x0800a958   0x0000000e   Code   RO         2667    i.__scatterload_copy  mc_w.l(handlers.o)
    0x0800a966   0x0800a966   0x00000002   Code   RO         2668    i.__scatterload_null  mc_w.l(handlers.o)
    0x0800a968   0x0800a968   0x0000000e   Code   RO         2669    i.__scatterload_zeroinit  mc_w.l(handlers.o)
    0x0800a976   0x0800a976   0x00000002   PAD
    0x0800a978   0x0800a978   0x0000000c   Code   RO         2633    i.__set_errno       mc_w.l(errno.o)
    0x0800a984   0x0800a984   0x00000184   Code   RO         2491    i._fp_digits        mc_w.l(printfa.o)
    0x0800ab08   0x0800ab08   0x000006dc   Code   RO         2492    i._printf_core      mc_w.l(printfa.o)
    0x0800b1e4   0x0800b1e4   0x00000024   Code   RO         2493    i._printf_post_padding  mc_w.l(printfa.o)
    0x0800b208   0x0800b208   0x0000002e   Code   RO         2494    i._printf_pre_padding  mc_w.l(printfa.o)
    0x0800b236   0x0800b236   0x00000016   Code   RO         2495    i._snputc           mc_w.l(printfa.o)
    0x0800b24c   0x0800b24c   0x0000000a   Code   RO         2496    i._sputc            mc_w.l(printfa.o)
    0x0800b256   0x0800b256   0x00000010   Code   RO         2548    i.atan              m_wv.l(atan.o)
    0x0800b266   0x0800b266   0x00000018   Code   RO         2576    i.fabs              m_wv.l(fabs.o)
    0x0800b27e   0x0800b27e   0x00000002   PAD
    0x0800b280   0x0800b280   0x00000050   Code   RO         2512    i.free              mc_w.l(malloc.o)
    0x0800b2d0   0x0800b2d0   0x0000006c   Code   RO         2513    i.malloc            mc_w.l(malloc.o)
    0x0800b33c   0x0800b33c   0x00000004   PAD
    0x0800b340   0x0800b340   0x00000098   Data   RO         2549    .constdata          m_wv.l(atan.o)
    0x0800b3d8   0x0800b3d8   0x00000008   Data   RO         2596    .constdata          m_wv.l(qnan.o)
    0x0800b3e0   0x0800b3e0   0x00000010   Data   RO         1688    .rodata.D1CorePrescTable  system_stm32h7xx.o
    0x0800b3f0   0x0800b3f0   0x00002000   Data   RO         1705    .rodata.Hanning_Window_2048  tasks.o
    0x0800d3f0   0x0800d3f0   0x00000018   Data   RO         1626    .rodata.UARTPrescTable  stm32h7xx_hal_uart.o
    0x0800d408   0x0800d408   0x00003b80   Data   RO         2008    .rodata.armBitRevIndexTableExtra2048  arm_common_tables_extra.o
    0x08010f88   0x08010f88   0x00000010   Data   RO         2050    .rodata.arm_cfft_sR_f32_len2048_extra  arm_const_structs_extra.o
    0x08010f98   0x08010f98   0x00000008   Data   RO          571    .rodata.cst8        stm32h7xx_hal_dma.o
    0x08010fa0   0x08010fa0   0x00000010   Data   RO         1670    .rodata.cst8        stm32h7xx_hal_uart_ex.o
    0x08010fb0   0x08010fb0   0x0000000b   Data   RO         1930    .rodata.str1.1      hmi.o
    0x08010fbb   0x08010fbb   0x00000001   PAD
    0x08010fbc   0x08010fbc   0x00004000   Data   RO         2019    .rodata.twiddleCoefExtra_2048  arm_common_tables_extra.o
    0x08014fbc   0x08014fbc   0x00000040   Data   RO         2665    Region$$Table       anon$$obj.o


    Execution Region RW_IRAM1 (Exec base: 0x20000000, Load base: 0x08015000, Size: 0x00007af0, Max: 0x00020000, ABSOLUTE)

    Exec Addr    Load Addr    Size         Type   Attr      Idx    E Section Name        Object

    0x20000000   0x08015000   0x00000004   Data   RW         2629    .data               mc_w.l(mvars.o)
    0x20000004   0x08015004   0x00000004   Data   RW         2630    .data               mc_w.l(mvars.o)
    0x20000008   0x08015008   0x00000004   Data   RW         2634    .data               mc_w.l(errno.o)
    0x2000000c   0x0801500c   0x0000000c   Data   RW          944    .data..L_MergedGlobals  stm32h7xx_hal.o
    0x20000018   0x08015018   0x00000008   Data   RW         1689    .data..L_MergedGlobals  system_stm32h7xx.o
    0x20000020        -       0x00000014   Zero   RW         1709    .bss..L_MergedGlobals  tasks.o
    0x20000034        -       0x0000000c   Zero   RW         1710    .bss..L_MergedGlobals.7  tasks.o
    0x20000040        -       0x00002000   Zero   RW         1707    .bss.FFT_IN         tasks.o
    0x20002040        -       0x00005000   Zero   RW         1708    .bss.FFT_OUT        tasks.o
    0x20007040        -       0x00000001   Zero   RW         1899    .bss.FreqCtrl.0     get_freq.o
    0x20007041   0x08015020   0x00000007   PAD
    0x20007048        -       0x00000008   Zero   RW         1900    .bss.FreqCtrl.1     get_freq.o
    0x20007050        -       0x00000004   Zero   RW         1901    .bss.FreqCtrl.2     get_freq.o
    0x20007054        -       0x00000001   Zero   RW         1902    .bss.FreqCtrl.3     get_freq.o
    0x20007055        -       0x000001f4   Zero   RW           21    .bss.aRxBuffer      main.o
    0x20007249   0x08015020   0x00000003   PAD
    0x2000724c        -       0x00000064   Zero   RW           54    .bss.hadc1          adc.o
    0x200072b0        -       0x00000078   Zero   RW           55    .bss.hdma_adc1      adc.o
    0x20007328        -       0x0000004c   Zero   RW           95    .bss.htim14         tim.o
    0x20007374        -       0x0000004c   Zero   RW           92    .bss.htim2          tim.o
    0x200073c0        -       0x0000004c   Zero   RW           93    .bss.htim3          tim.o
    0x2000740c        -       0x0000004c   Zero   RW           94    .bss.htim5          tim.o
    0x20007458        -       0x00000094   Zero   RW          113    .bss.huart3         usart.o
    0x200074ec   0x08015020   0x00000004   PAD
    0x200074f0        -       0x00000200   Zero   RW            2    HEAP                startup_stm32h743xx.o
    0x200076f0        -       0x00000400   Zero   RW            1    STACK               startup_stm32h743xx.o


    Execution Region RW_IRAM2 (Exec base: 0x24000000, Load base: 0x08015020, Size: 0x00001000, Max: 0x00080000, ABSOLUTE, COMPRESSED[0x00000024])

    Exec Addr    Load Addr    Size         Type   Attr      Idx    E Section Name        Object

    0x24000000   COMPRESSED   0x00001000   Data   RW         1776    .RAM_D1             fftana.o


    Execution Region RW_IRAM3 (Exec base: 0x30000000, Load base: 0x08015044, Size: 0x00001000, Max: 0x00048000, ABSOLUTE, COMPRESSED[0x00000024])

    Exec Addr    Load Addr    Size         Type   Attr      Idx    E Section Name        Object

    0x30000000   COMPRESSED   0x00001000   Data   RW         1706    .RAM_D2             tasks.o


    Execution Region RW_IRAM4 (Exec base: 0x38000000, Load base: 0x08015068, Size: 0x00000000, Max: 0x00010000, ABSOLUTE)

    **** No section assigned to this execution region ****


==============================================================================

Image component sizes


      Code (inc. data)   RO Data    RW Data    ZI Data      Debug   Object Name

       418          0          0          0        220       9793   adc.o
        68          0          0          0          0       1025   arm_bitreversal2_extra.o
      1718          0          0          0          0       6371   arm_cfft_f32_extra.o
         0          0      31616          0          0       3472   arm_common_tables_extra.o
         0          0         16          0          0       1806   arm_const_structs_extra.o
        52          0          0          0          0       5376   dma.o
      1604         64          0       4096          0      11191   fftana.o
       664          8          0          0         14       8461   get_freq.o
       334          0          0          0          0       3367   gpio.o
       200         40         11          0          0       3323   hmi.o
       514         16          0          0        500       9718   main.o
        44         12        664          0       1536        824   startup_stm32h743xx.o
       266          0          0         12          0      15848   stm32h7xx_hal.o
      2620         12          0          0          0      26205   stm32h7xx_hal_adc.o
       242          0          0          0          0      27064   stm32h7xx_hal_adc_ex.o
       428          0          0          0          0      12682   stm32h7xx_hal_cortex.o
      7616         46          8          0          0      13444   stm32h7xx_hal_dma.o
       444          0          0          0          0       7078   stm32h7xx_hal_gpio.o
        32          0          0          0          0       2302   stm32h7xx_hal_msp.o
        80          0          0          0          0      11425   stm32h7xx_hal_pwr_ex.o
      2712         16          0          0          0      11894   stm32h7xx_hal_rcc.o
      5422        212          0          0          0      17536   stm32h7xx_hal_rcc_ex.o
      2984         16          0          0          0      55516   stm32h7xx_hal_tim.o
       204          0          0          0          0      22700   stm32h7xx_hal_tim_ex.o
      5568        400         24          0          0      34566   stm32h7xx_hal_uart.o
       456          0         16          0          0      11102   stm32h7xx_hal_uart_ex.o
        44          0          0          0          0       1420   stm32h7xx_it.o
       268          0         16          8          0       6418   system_stm32h7xx.o
       710        100       8192       4096      28704       3346   tasks.o
       696         10          0          0        304       9194   tim.o
       292          0          0          0        148      11941   usart.o

    ----------------------------------------------------------------------
     37116        976      40628       8212      31440     366408   Object Totals
         0          0         64          0          0          0   (incl. Generated)
       416         24          1          0         14          0   (incl. Padding)

    ----------------------------------------------------------------------

      Code (inc. data)   RO Data    RW Data    ZI Data      Debug   Library Member Name

      2132          6          0          0          0       2615   arm_cfft_radix8_f32.o
       284          0          0          0          0      19294   arm_cmplx_mult_real_f32.o
       484         66        152          0          0        348   atan.o
       448         68          0          0          0        180   atan2.o
        36         14          0          0          0        348   dunder.o
        24          0          0          0          0        124   fabs.o
        14          0          0          0          0        116   fabsf.o
        48          0          0          0          0        124   fpclassify.o
       112          0          0          0          0        116   poly.o
         0          0          8          0          0          0   qnan.o
        58          0          0          0          0        136   sqrtf.o
        58          0          0          0          0          0   __dczerorl.o
         0          0          0          0          0          0   entry.o
         0          0          0          0          0          0   entry10a.o
         0          0          0          0          0          0   entry11a.o
         8          4          0          0          0          0   entry2.o
         4          0          0          0          0          0   entry5.o
         0          0          0          0          0          0   entry7b.o
         0          0          0          0          0          0   entry8b.o
         8          4          0          0          0          0   entry9a.o
        12          6          0          4          0         68   errno.o
        30          0          0          0          0          0   handlers.o
        36          8          0          0          0         68   init.o
         0          0          0          0          0          0   iusefp.o
        30          0          0          0          0         68   llshl.o
        36          0          0          0          0         68   llsshr.o
        32          0          0          0          0         68   llushr.o
       188         20          0          0          0        160   malloc.o
        36          0          0          0          0        108   memseta.o
         0          0          0          8          0          0   mvars.o
      2342         90          0          0          0        668   printfa.o
        44          0          0          0          0         80   uidiv.o
        98          0          0          0          0         92   uldiv.o
        48          0          0          0          0         68   cdrcmple.o
       334          0          0          0          0        148   dadd.o
       222          0          0          0          0        100   ddiv.o
       186          0          0          0          0        176   depilogue.o
        48          0          0          0          0         68   dfixul.o
       228          0          0          0          0         96   dmul.o
       176          0          0          0          0        140   fadd.o
       110          0          0          0          0        168   fepilogue.o
        28          0          0          0          0         84   ffltul.o
       100          0          0          0          0         76   fmul.o

    ----------------------------------------------------------------------
      8108        294        160         12          0      25973   Library Totals
        26          8          0          0          0          0   (incl. Padding)

    ----------------------------------------------------------------------

      Code (inc. data)   RO Data    RW Data    ZI Data      Debug   Library Name

      2416          6          0          0          0      21909   arm_cortexM7l_math.lib
      1224        148        160          0          0       1492   m_wv.l
      2962        132          0         12          0       1448   mc_w.l
      1480          0          0          0          0       1124   mf_w.l

    ----------------------------------------------------------------------
      8108        294        160         12          0      25973   Library Totals

    ----------------------------------------------------------------------

==============================================================================


      Code (inc. data)   RO Data    RW Data    ZI Data      Debug   

     45224       1270      40788       8224      31440     389777   Grand Totals
     45224       1270      40788        104      31440     389777   ELF Image Totals (compressed)
     45224       1270      40788        104          0          0   ROM Totals

==============================================================================

    Total RO  Size (Code + RO Data)                86012 (  84.00kB)
    Total RW  Size (RW Data + ZI Data)             39664 (  38.73kB)
    Total ROM Size (Code + RO Data + RW Data)      86116 (  84.10kB)

==============================================================================

