<html>
<body>
<pre>
<h1>µVision Build Log</h1>
<h2>Tool Versions:</h2>
IDE-Version: ¦ÌVision V5.24.2.0
Copyright (C) 2017 ARM Ltd and ARM Germany GmbH. All rights reserved.
License Information: nn 473065664@qq.com, nn, LIC=LSNXV-PVDSQ-HL4CL-0Y2TK-W8ZHQ-ARF0H
 
Tool Versions:
Toolchain:       MDK-ARM Plus  Version: 5.24.1
Toolchain Path:  D:\Keil_v5\ARM\ARMCLANG\Bin
C Compiler:      ArmClang.exe V6.7
Assembler:       Armasm.exe V6.7
Linker/Locator:  ArmLink.exe V6.7
Library Manager: ArmAr.exe V6.7
Hex Converter:   FromElf.exe V6.7
CPU DLL:         SARMCM3.DLL V5.24.1
Dialog DLL:      DCM.DLL V1.16.0.0
Target DLL:      STLink\ST-LINKIII-KEIL_SWO.dll V3.0.1.0
Dialog DLL:      TCM.DLL V1.32.0.0
 
<h2>Project:</h2>
D:\Desktop_Floder\stm32 project\h743_MDK\MDK-ARM\h743_hal.uvprojx
Project File Date:  03/29/2026

<h2>Output:</h2>
*** Using Compiler 'V6.7', folder: 'D:\Keil_v5\ARM\ARMCLANG\Bin'
Rebuild target 'h743_hal'
assembling startup_stm32h743xx.s...
../Core/Src/gpio.c(22): warning: In file included from...
../Core/Inc\gpio.h(29): warning: In file included from...
../Core/Inc/main.h(30): warning: In file included from...
../Drivers/STM32H7xx_HAL_Driver/Inc\stm32h7xx_hal.h(29): warning: In file included from...
../Core/Inc\stm32h7xx_hal_conf.h(246): warning: In file included from...
../Drivers/STM32H7xx_HAL_Driver/Inc\stm32h7xx_hal_rcc.h(27): warning: In file included from...
../Drivers/STM32H7xx_HAL_Driver/Inc/stm32h7xx_hal_def.h(29): warning: In file included from...
../Drivers/CMSIS/Device/ST/STM32H7xx/Include\stm32h7xx.h(126): warning: In file included from...
../Drivers/CMSIS/Device/ST/STM32H7xx/Include/stm32h743xx.h(220): warning: '__FPU_PRESENT' macro redefined [-Wmacro-redefined]
#define __FPU_PRESENT             1U       /*!< FPU present                                   */
        ^
<command line>(9): note: previous definition is here
#define __FPU_PRESENT 1
        ^
1 warning generated.
compiling gpio.c...
../Core/Src/adc.c(21): warning: In file included from...
../Core/Inc\adc.h(29): warning: In file included from...
../Core/Inc/main.h(30): warning: In file included from...
../Drivers/STM32H7xx_HAL_Driver/Inc\stm32h7xx_hal.h(29): warning: In file included from...
../Core/Inc\stm32h7xx_hal_conf.h(246): warning: In file included from...
../Drivers/STM32H7xx_HAL_Driver/Inc\stm32h7xx_hal_rcc.h(27): warning: In file included from...
../Drivers/STM32H7xx_HAL_Driver/Inc/stm32h7xx_hal_def.h(29): warning: In file included from...
../Drivers/CMSIS/Device/ST/STM32H7xx/Include\stm32h7xx.h(126): warning: In file included from...
../Drivers/CMSIS/Device/ST/STM32H7xx/Include/stm32h743xx.h(220): warning: '__FPU_PRESENT' macro redefined [-Wmacro-redefined]
#define __FPU_PRESENT             1U       /*!< FPU present                                   */
        ^
<command line>(9): note: previous definition is here
#define __FPU_PRESENT 1
        ^
1 warning generated.
compiling adc.c...
../Core/Src/tim.c(21): warning: In file included from...
../Core/Inc\tim.h(29): warning: In file included from...
../Core/Inc/main.h(30): warning: In file included from...
../Drivers/STM32H7xx_HAL_Driver/Inc\stm32h7xx_hal.h(29): warning: In file included from...
../Core/Inc\stm32h7xx_hal_conf.h(246): warning: In file included from...
../Drivers/STM32H7xx_HAL_Driver/Inc\stm32h7xx_hal_rcc.h(27): warning: In file included from...
../Drivers/STM32H7xx_HAL_Driver/Inc/stm32h7xx_hal_def.h(29): warning: In file included from...
../Drivers/CMSIS/Device/ST/STM32H7xx/Include\stm32h7xx.h(126): warning: In file included from...
../Drivers/CMSIS/Device/ST/STM32H7xx/Include/stm32h743xx.h(220): warning: '__FPU_PRESENT' macro redefined [-Wmacro-redefined]
#define __FPU_PRESENT             1U       /*!< FPU present                                   */
        ^
<command line>(9): note: previous definition is here
#define __FPU_PRESENT 1
        ^
1 warning generated.
compiling tim.c...
../Drivers/STM32H7xx_HAL_Driver/Src/stm32h7xx_hal_dma_ex.c(51): warning: In file included from...
../Drivers/STM32H7xx_HAL_Driver/Inc\stm32h7xx_hal.h(29): warning: In file included from...
../Core/Inc\stm32h7xx_hal_conf.h(246): warning: In file included from...
../Drivers/STM32H7xx_HAL_Driver/Inc\stm32h7xx_hal_rcc.h(27): warning: In file included from...
../Drivers/STM32H7xx_HAL_Driver/Inc/stm32h7xx_hal_def.h(29): warning: In file included from...
../Drivers/CMSIS/Device/ST/STM32H7xx/Include\stm32h7xx.h(126): warning: In file included from...
../Drivers/CMSIS/Device/ST/STM32H7xx/Include/stm32h743xx.h(220): warning: '__FPU_PRESENT' macro redefined [-Wmacro-redefined]
#define __FPU_PRESENT             1U       /*!< FPU present                                   */
        ^
<command line>(9): note: previous definition is here
#define __FPU_PRESENT 1
        ^
1 warning generated.
compiling stm32h7xx_hal_dma_ex.c...
../Drivers/STM32H7xx_HAL_Driver/Src/stm32h7xx_hal_mdma.c(150): warning: In file included from...
../Drivers/STM32H7xx_HAL_Driver/Inc\stm32h7xx_hal.h(29): warning: In file included from...
../Core/Inc\stm32h7xx_hal_conf.h(246): warning: In file included from...
../Drivers/STM32H7xx_HAL_Driver/Inc\stm32h7xx_hal_rcc.h(27): warning: In file included from...
../Drivers/STM32H7xx_HAL_Driver/Inc/stm32h7xx_hal_def.h(29): warning: In file included from...
../Drivers/CMSIS/Device/ST/STM32H7xx/Include\stm32h7xx.h(126): warning: In file included from...
../Drivers/CMSIS/Device/ST/STM32H7xx/Include/stm32h743xx.h(220): warning: '__FPU_PRESENT' macro redefined [-Wmacro-redefined]
#define __FPU_PRESENT             1U       /*!< FPU present                                   */
        ^
<command line>(9): note: previous definition is here
#define __FPU_PRESENT 1
        ^
1 warning generated.
compiling stm32h7xx_hal_mdma.c...
../Drivers/STM32H7xx_HAL_Driver/Src/stm32h7xx_hal_adc_ex.c(33): warning: In file included from...
../Drivers/STM32H7xx_HAL_Driver/Inc\stm32h7xx_hal.h(29): warning: In file included from...
../Core/Inc\stm32h7xx_hal_conf.h(246): warning: In file included from...
../Drivers/STM32H7xx_HAL_Driver/Inc\stm32h7xx_hal_rcc.h(27): warning: In file included from...
../Drivers/STM32H7xx_HAL_Driver/Inc/stm32h7xx_hal_def.h(29): warning: In file included from...
../Drivers/CMSIS/Device/ST/STM32H7xx/Include\stm32h7xx.h(126): warning: In file included from...
../Drivers/CMSIS/Device/ST/STM32H7xx/Include/stm32h743xx.h(220): warning: '__FPU_PRESENT' macro redefined [-Wmacro-redefined]
#define __FPU_PRESENT             1U       /*!< FPU present                                   */
        ^
<command line>(9): note: previous definition is here
#define __FPU_PRESENT 1
        ^
1 warning generated.
compiling stm32h7xx_hal_adc_ex.c...
../Drivers/STM32H7xx_HAL_Driver/Src/stm32h7xx_hal_pwr.c(146): warning: In file included from...
../Drivers/STM32H7xx_HAL_Driver/Inc\stm32h7xx_hal.h(29): warning: In file included from...
../Core/Inc\stm32h7xx_hal_conf.h(246): warning: In file included from...
../Drivers/STM32H7xx_HAL_Driver/Inc\stm32h7xx_hal_rcc.h(27): warning: In file included from...
../Drivers/STM32H7xx_HAL_Driver/Inc/stm32h7xx_hal_def.h(29): warning: In file included from...
../Drivers/CMSIS/Device/ST/STM32H7xx/Include\stm32h7xx.h(126): warning: In file included from...
../Drivers/CMSIS/Device/ST/STM32H7xx/Include/stm32h743xx.h(220): warning: '__FPU_PRESENT' macro redefined [-Wmacro-redefined]
#define __FPU_PRESENT             1U       /*!< FPU present                                   */
        ^
<command line>(9): note: previous definition is here
#define __FPU_PRESENT 1
        ^
1 warning generated.
compiling stm32h7xx_hal_pwr.c...
../Core/Src/usart.c(21): warning: In file included from...
../Core/Inc\usart.h(29): warning: In file included from...
../Core/Inc/main.h(30): warning: In file included from...
../Drivers/STM32H7xx_HAL_Driver/Inc\stm32h7xx_hal.h(29): warning: In file included from...
../Core/Inc\stm32h7xx_hal_conf.h(246): warning: In file included from...
../Drivers/STM32H7xx_HAL_Driver/Inc\stm32h7xx_hal_rcc.h(27): warning: In file included from...
../Drivers/STM32H7xx_HAL_Driver/Inc/stm32h7xx_hal_def.h(29): warning: In file included from...
../Drivers/CMSIS/Device/ST/STM32H7xx/Include\stm32h7xx.h(126): warning: In file included from...
../Drivers/CMSIS/Device/ST/STM32H7xx/Include/stm32h743xx.h(220): warning: '__FPU_PRESENT' macro redefined [-Wmacro-redefined]
#define __FPU_PRESENT             1U       /*!< FPU present                                   */
        ^
<command line>(9): note: previous definition is here
#define __FPU_PRESENT 1
        ^
1 warning generated.
compiling usart.c...
../Core/Src/main.c(20): warning: In file included from...
../Core/Inc\main.h(30): warning: In file included from...
../Drivers/STM32H7xx_HAL_Driver/Inc\stm32h7xx_hal.h(29): warning: In file included from...
../Core/Inc\stm32h7xx_hal_conf.h(246): warning: In file included from...
../Drivers/STM32H7xx_HAL_Driver/Inc\stm32h7xx_hal_rcc.h(27): warning: In file included from...
../Drivers/STM32H7xx_HAL_Driver/Inc/stm32h7xx_hal_def.h(29): warning: In file included from...
../Drivers/CMSIS/Device/ST/STM32H7xx/Include\stm32h7xx.h(126): warning: In file included from...
../Drivers/CMSIS/Device/ST/STM32H7xx/Include/stm32h743xx.h(220): warning: '__FPU_PRESENT' macro redefined [-Wmacro-redefined]
#define __FPU_PRESENT             1U       /*!< FPU present                                   */
        ^
<command line>(9): note: previous definition is here
#define __FPU_PRESENT 1
        ^
1 warning generated.
compiling main.c...
../Core/Src/stm32h7xx_it.c(21): warning: In file included from...
../Core/Inc\main.h(30): warning: In file included from...
../Drivers/STM32H7xx_HAL_Driver/Inc\stm32h7xx_hal.h(29): warning: In file included from...
../Core/Inc\stm32h7xx_hal_conf.h(246): warning: In file included from...
../Drivers/STM32H7xx_HAL_Driver/Inc\stm32h7xx_hal_rcc.h(27): warning: In file included from...
../Drivers/STM32H7xx_HAL_Driver/Inc/stm32h7xx_hal_def.h(29): warning: In file included from...
../Drivers/CMSIS/Device/ST/STM32H7xx/Include\stm32h7xx.h(126): warning: In file included from...
../Drivers/CMSIS/Device/ST/STM32H7xx/Include/stm32h743xx.h(220): warning: '__FPU_PRESENT' macro redefined [-Wmacro-redefined]
#define __FPU_PRESENT             1U       /*!< FPU present                                   */
        ^
<command line>(9): note: previous definition is here
#define __FPU_PRESENT 1
        ^
1 warning generated.
compiling stm32h7xx_it.c...
../Drivers/STM32H7xx_HAL_Driver/Src/stm32h7xx_hal_flash_ex.c(85): warning: In file included from...
../Drivers/STM32H7xx_HAL_Driver/Inc\stm32h7xx_hal.h(29): warning: In file included from...
../Core/Inc\stm32h7xx_hal_conf.h(246): warning: In file included from...
../Drivers/STM32H7xx_HAL_Driver/Inc\stm32h7xx_hal_rcc.h(27): warning: In file included from...
../Drivers/STM32H7xx_HAL_Driver/Inc/stm32h7xx_hal_def.h(29): warning: In file included from...
../Drivers/CMSIS/Device/ST/STM32H7xx/Include\stm32h7xx.h(126): warning: In file included from...
../Drivers/CMSIS/Device/ST/STM32H7xx/Include/stm32h743xx.h(220): warning: '__FPU_PRESENT' macro redefined [-Wmacro-redefined]
#define __FPU_PRESENT             1U       /*!< FPU present                                   */
        ^
<command line>(9): note: previous definition is here
#define __FPU_PRESENT 1
        ^
1 warning generated.
compiling stm32h7xx_hal_flash_ex.c...
../Drivers/STM32H7xx_HAL_Driver/Src/stm32h7xx_hal_i2c_ex.c(51): warning: In file included from...
../Drivers/STM32H7xx_HAL_Driver/Inc\stm32h7xx_hal.h(29): warning: In file included from...
../Core/Inc\stm32h7xx_hal_conf.h(246): warning: In file included from...
../Drivers/STM32H7xx_HAL_Driver/Inc\stm32h7xx_hal_rcc.h(27): warning: In file included from...
../Drivers/STM32H7xx_HAL_Driver/Inc/stm32h7xx_hal_def.h(29): warning: In file included from...
../Drivers/CMSIS/Device/ST/STM32H7xx/Include\stm32h7xx.h(126): warning: In file included from...
../Drivers/CMSIS/Device/ST/STM32H7xx/Include/stm32h743xx.h(220): warning: '__FPU_PRESENT' macro redefined [-Wmacro-redefined]
#define __FPU_PRESENT             1U       /*!< FPU present                                   */
        ^
<command line>(9): note: previous definition is here
#define __FPU_PRESENT 1
        ^
1 warning generated.
compiling stm32h7xx_hal_i2c_ex.c...
../Drivers/STM32H7xx_HAL_Driver/Src/stm32h7xx_hal_gpio.c(107): warning: In file included from...
../Drivers/STM32H7xx_HAL_Driver/Inc\stm32h7xx_hal.h(29): warning: In file included from...
../Core/Inc\stm32h7xx_hal_conf.h(246): warning: In file included from...
../Drivers/STM32H7xx_HAL_Driver/Inc\stm32h7xx_hal_rcc.h(27): warning: In file included from...
../Drivers/STM32H7xx_HAL_Driver/Inc/stm32h7xx_hal_def.h(29): warning: In file included from...
../Drivers/CMSIS/Device/ST/STM32H7xx/Include\stm32h7xx.h(126): warning: In file included from...
../Drivers/CMSIS/Device/ST/STM32H7xx/Include/stm32h743xx.h(220): warning: '__FPU_PRESENT' macro redefined [-Wmacro-redefined]
#define __FPU_PRESENT             1U       /*!< FPU present                                   */
        ^
<command line>(9): note: previous definition is here
#define __FPU_PRESENT 1
        ^
1 warning generated.
compiling stm32h7xx_hal_gpio.c...
../Drivers/STM32H7xx_HAL_Driver/Src/stm32h7xx_hal.c(36): warning: In file included from...
../Drivers/STM32H7xx_HAL_Driver/Inc\stm32h7xx_hal.h(29): warning: In file included from...
../Core/Inc\stm32h7xx_hal_conf.h(246): warning: In file included from...
../Drivers/STM32H7xx_HAL_Driver/Inc\stm32h7xx_hal_rcc.h(27): warning: In file included from...
../Drivers/STM32H7xx_HAL_Driver/Inc/stm32h7xx_hal_def.h(29): warning: In file included from...
../Drivers/CMSIS/Device/ST/STM32H7xx/Include\stm32h7xx.h(126): warning: In file included from...
../Drivers/CMSIS/Device/ST/STM32H7xx/Include/stm32h743xx.h(220): warning: '__FPU_PRESENT' macro redefined [-Wmacro-redefined]
#define __FPU_PRESENT             1U       /*!< FPU present                                   */
        ^
<command line>(9): note: previous definition is here
#define __FPU_PRESENT 1
        ^
1 warning generated.
compiling stm32h7xx_hal.c...
../Drivers/STM32H7xx_HAL_Driver/Src/stm32h7xx_hal_tim_ex.c(82): warning: In file included from...
../Drivers/STM32H7xx_HAL_Driver/Inc\stm32h7xx_hal.h(29): warning: In file included from...
../Core/Inc\stm32h7xx_hal_conf.h(246): warning: In file included from...
../Drivers/STM32H7xx_HAL_Driver/Inc\stm32h7xx_hal_rcc.h(27): warning: In file included from...
../Drivers/STM32H7xx_HAL_Driver/Inc/stm32h7xx_hal_def.h(29): warning: In file included from...
../Drivers/CMSIS/Device/ST/STM32H7xx/Include\stm32h7xx.h(126): warning: In file included from...
../Drivers/CMSIS/Device/ST/STM32H7xx/Include/stm32h743xx.h(220): warning: '__FPU_PRESENT' macro redefined [-Wmacro-redefined]
#define __FPU_PRESENT             1U       /*!< FPU present                                   */
        ^
<command line>(9): note: previous definition is here
#define __FPU_PRESENT 1
        ^
1 warning generated.
compiling stm32h7xx_hal_tim_ex.c...
../Drivers/STM32H7xx_HAL_Driver/Src/stm32h7xx_hal_rcc.c(67): warning: In file included from...
../Drivers/STM32H7xx_HAL_Driver/Inc\stm32h7xx_hal.h(29): warning: In file included from...
../Core/Inc\stm32h7xx_hal_conf.h(246): warning: In file included from...
../Drivers/STM32H7xx_HAL_Driver/Inc\stm32h7xx_hal_rcc.h(27): warning: In file included from...
../Drivers/STM32H7xx_HAL_Driver/Inc/stm32h7xx_hal_def.h(29): warning: In file included from...
../Drivers/CMSIS/Device/ST/STM32H7xx/Include\stm32h7xx.h(126): warning: In file included from...
../Drivers/CMSIS/Device/ST/STM32H7xx/Include/stm32h743xx.h(220): warning: '__FPU_PRESENT' macro redefined [-Wmacro-redefined]
#define __FPU_PRESENT             1U       /*!< FPU present                                   */
        ^
<command line>(9): note: previous definition is here
#define __FPU_PRESENT 1
        ^
1 warning generated.
compiling stm32h7xx_hal_rcc.c...
../Core/Src/system_stm32h7xx.c(52): warning: In file included from...
../Drivers/CMSIS/Device/ST/STM32H7xx/Include\stm32h7xx.h(126): warning: In file included from...
../Drivers/CMSIS/Device/ST/STM32H7xx/Include/stm32h743xx.h(220): warning: '__FPU_PRESENT' macro redefined [-Wmacro-redefined]
#define __FPU_PRESENT             1U       /*!< FPU present                                   */
        ^
<command line>(9): note: previous definition is here
#define __FPU_PRESENT 1
        ^
1 warning generated.
compiling system_stm32h7xx.c...
../Drivers/STM32H7xx_HAL_Driver/Src/stm32h7xx_hal_cortex.c(82): warning: In file included from...
../Drivers/STM32H7xx_HAL_Driver/Inc\stm32h7xx_hal.h(29): warning: In file included from...
../Core/Inc\stm32h7xx_hal_conf.h(246): warning: In file included from...
../Drivers/STM32H7xx_HAL_Driver/Inc\stm32h7xx_hal_rcc.h(27): warning: In file included from...
../Drivers/STM32H7xx_HAL_Driver/Inc/stm32h7xx_hal_def.h(29): warning: In file included from...
../Drivers/CMSIS/Device/ST/STM32H7xx/Include\stm32h7xx.h(126): warning: In file included from...
../Drivers/CMSIS/Device/ST/STM32H7xx/Include/stm32h743xx.h(220): warning: '__FPU_PRESENT' macro redefined [-Wmacro-redefined]
#define __FPU_PRESENT             1U       /*!< FPU present                                   */
        ^
<command line>(9): note: previous definition is here
#define __FPU_PRESENT 1
        ^
1 warning generated.
compiling stm32h7xx_hal_cortex.c...
../Core/Src/stm32h7xx_hal_msp.c(22): warning: In file included from...
../Core/Inc\main.h(30): warning: In file included from...
../Drivers/STM32H7xx_HAL_Driver/Inc\stm32h7xx_hal.h(29): warning: In file included from...
../Core/Inc\stm32h7xx_hal_conf.h(246): warning: In file included from...
../Drivers/STM32H7xx_HAL_Driver/Inc\stm32h7xx_hal_rcc.h(27): warning: In file included from...
../Drivers/STM32H7xx_HAL_Driver/Inc/stm32h7xx_hal_def.h(29): warning: In file included from...
../Drivers/CMSIS/Device/ST/STM32H7xx/Include\stm32h7xx.h(126): warning: In file included from...
../Drivers/CMSIS/Device/ST/STM32H7xx/Include/stm32h743xx.h(220): warning: '__FPU_PRESENT' macro redefined [-Wmacro-redefined]
#define __FPU_PRESENT             1U       /*!< FPU present                                   */
        ^
<command line>(9): note: previous definition is here
#define __FPU_PRESENT 1
        ^
1 warning generated.
compiling stm32h7xx_hal_msp.c...
../Drivers/STM32H7xx_HAL_Driver/Src/stm32h7xx_hal_hsem.c(88): warning: In file included from...
../Drivers/STM32H7xx_HAL_Driver/Inc\stm32h7xx_hal.h(29): warning: In file included from...
../Core/Inc\stm32h7xx_hal_conf.h(246): warning: In file included from...
../Drivers/STM32H7xx_HAL_Driver/Inc\stm32h7xx_hal_rcc.h(27): warning: In file included from...
../Drivers/STM32H7xx_HAL_Driver/Inc/stm32h7xx_hal_def.h(29): warning: In file included from...
../Drivers/CMSIS/Device/ST/STM32H7xx/Include\stm32h7xx.h(126): warning: In file included from...
../Drivers/CMSIS/Device/ST/STM32H7xx/Include/stm32h743xx.h(220): warning: '__FPU_PRESENT' macro redefined [-Wmacro-redefined]
#define __FPU_PRESENT             1U       /*!< FPU present                                   */
        ^
<command line>(9): note: previous definition is here
#define __FPU_PRESENT 1
        ^
1 warning generated.
compiling stm32h7xx_hal_hsem.c...
../Drivers/STM32H7xx_HAL_Driver/Src/stm32h7xx_hal_flash.c(87): warning: In file included from...
../Drivers/STM32H7xx_HAL_Driver/Inc\stm32h7xx_hal.h(29): warning: In file included from...
../Core/Inc\stm32h7xx_hal_conf.h(246): warning: In file included from...
../Drivers/STM32H7xx_HAL_Driver/Inc\stm32h7xx_hal_rcc.h(27): warning: In file included from...
../Drivers/STM32H7xx_HAL_Driver/Inc/stm32h7xx_hal_def.h(29): warning: In file included from...
../Drivers/CMSIS/Device/ST/STM32H7xx/Include\stm32h7xx.h(126): warning: In file included from...
../Drivers/CMSIS/Device/ST/STM32H7xx/Include/stm32h743xx.h(220): warning: '__FPU_PRESENT' macro redefined [-Wmacro-redefined]
#define __FPU_PRESENT             1U       /*!< FPU present                                   */
        ^
<command line>(9): note: previous definition is here
#define __FPU_PRESENT 1
        ^
1 warning generated.
compiling stm32h7xx_hal_flash.c...
../Drivers/STM32H7xx_HAL_Driver/Src/stm32h7xx_hal_exti.c(120): warning: In file included from...
../Drivers/STM32H7xx_HAL_Driver/Inc\stm32h7xx_hal.h(29): warning: In file included from...
../Core/Inc\stm32h7xx_hal_conf.h(246): warning: In file included from...
../Drivers/STM32H7xx_HAL_Driver/Inc\stm32h7xx_hal_rcc.h(27): warning: In file included from...
../Drivers/STM32H7xx_HAL_Driver/Inc/stm32h7xx_hal_def.h(29): warning: In file included from...
../Drivers/CMSIS/Device/ST/STM32H7xx/Include\stm32h7xx.h(126): warning: In file included from...
../Drivers/CMSIS/Device/ST/STM32H7xx/Include/stm32h743xx.h(220): warning: '__FPU_PRESENT' macro redefined [-Wmacro-redefined]
#define __FPU_PRESENT             1U       /*!< FPU present                                   */
        ^
<command line>(9): note: previous definition is here
#define __FPU_PRESENT 1
        ^
1 warning generated.
compiling stm32h7xx_hal_exti.c...
../Core/Src/dma.c(22): warning: In file included from...
../Core/Inc\dma.h(29): warning: In file included from...
../Core/Inc/main.h(30): warning: In file included from...
../Drivers/STM32H7xx_HAL_Driver/Inc\stm32h7xx_hal.h(29): warning: In file included from...
../Core/Inc\stm32h7xx_hal_conf.h(246): warning: In file included from...
../Drivers/STM32H7xx_HAL_Driver/Inc\stm32h7xx_hal_rcc.h(27): warning: In file included from...
../Drivers/STM32H7xx_HAL_Driver/Inc/stm32h7xx_hal_def.h(29): warning: In file included from...
../Drivers/CMSIS/Device/ST/STM32H7xx/Include\stm32h7xx.h(126): warning: In file included from...
../Drivers/CMSIS/Device/ST/STM32H7xx/Include/stm32h743xx.h(220): warning: '__FPU_PRESENT' macro redefined [-Wmacro-redefined]
#define __FPU_PRESENT             1U       /*!< FPU present                                   */
        ^
<command line>(9): note: previous definition is here
#define __FPU_PRESENT 1
        ^
1 warning generated.
compiling dma.c...
../Drivers/STM32H7xx_HAL_Driver/Src/stm32h7xx_hal_pwr_ex.c(153): warning: In file included from...
../Drivers/STM32H7xx_HAL_Driver/Inc\stm32h7xx_hal.h(29): warning: In file included from...
../Core/Inc\stm32h7xx_hal_conf.h(246): warning: In file included from...
../Drivers/STM32H7xx_HAL_Driver/Inc\stm32h7xx_hal_rcc.h(27): warning: In file included from...
../Drivers/STM32H7xx_HAL_Driver/Inc/stm32h7xx_hal_def.h(29): warning: In file included from...
../Drivers/CMSIS/Device/ST/STM32H7xx/Include\stm32h7xx.h(126): warning: In file included from...
../Drivers/CMSIS/Device/ST/STM32H7xx/Include/stm32h743xx.h(220): warning: '__FPU_PRESENT' macro redefined [-Wmacro-redefined]
#define __FPU_PRESENT             1U       /*!< FPU present                                   */
        ^
<command line>(9): note: previous definition is here
#define __FPU_PRESENT 1
        ^
1 warning generated.
compiling stm32h7xx_hal_pwr_ex.c...
../Drivers/STM32H7xx_HAL_Driver/Src/stm32h7xx_hal_uart_ex.c(44): warning: In file included from...
../Drivers/STM32H7xx_HAL_Driver/Inc\stm32h7xx_hal.h(29): warning: In file included from...
../Core/Inc\stm32h7xx_hal_conf.h(246): warning: In file included from...
../Drivers/STM32H7xx_HAL_Driver/Inc\stm32h7xx_hal_rcc.h(27): warning: In file included from...
../Drivers/STM32H7xx_HAL_Driver/Inc/stm32h7xx_hal_def.h(29): warning: In file included from...
../Drivers/CMSIS/Device/ST/STM32H7xx/Include\stm32h7xx.h(126): warning: In file included from...
../Drivers/CMSIS/Device/ST/STM32H7xx/Include/stm32h743xx.h(220): warning: '__FPU_PRESENT' macro redefined [-Wmacro-redefined]
#define __FPU_PRESENT             1U       /*!< FPU present                                   */
        ^
<command line>(9): note: previous definition is here
#define __FPU_PRESENT 1
        ^
1 warning generated.
compiling stm32h7xx_hal_uart_ex.c...
../Drivers/STM32H7xx_HAL_Driver/Src/stm32h7xx_hal_rcc_ex.c(23): warning: In file included from...
../Drivers/STM32H7xx_HAL_Driver/Inc\stm32h7xx_hal.h(29): warning: In file included from...
../Core/Inc\stm32h7xx_hal_conf.h(246): warning: In file included from...
../Drivers/STM32H7xx_HAL_Driver/Inc\stm32h7xx_hal_rcc.h(27): warning: In file included from...
../Drivers/STM32H7xx_HAL_Driver/Inc/stm32h7xx_hal_def.h(29): warning: In file included from...
../Drivers/CMSIS/Device/ST/STM32H7xx/Include\stm32h7xx.h(126): warning: In file included from...
../Drivers/CMSIS/Device/ST/STM32H7xx/Include/stm32h743xx.h(220): warning: '__FPU_PRESENT' macro redefined [-Wmacro-redefined]
#define __FPU_PRESENT             1U       /*!< FPU present                                   */
        ^
<command line>(9): note: previous definition is here
#define __FPU_PRESENT 1
        ^
1 warning generated.
compiling stm32h7xx_hal_rcc_ex.c...
../Tasks/Tasks.c(1): warning: In file included from...
../Tasks/tasks.h(6): warning: In file included from...
../MyDrive\bsp_system.h(5): warning: In file included from...
../Core/Inc\main.h(30): warning: In file included from...
../Drivers/STM32H7xx_HAL_Driver/Inc\stm32h7xx_hal.h(29): warning: In file included from...
../Core/Inc\stm32h7xx_hal_conf.h(246): warning: In file included from...
../Drivers/STM32H7xx_HAL_Driver/Inc\stm32h7xx_hal_rcc.h(27): warning: In file included from...
../Drivers/STM32H7xx_HAL_Driver/Inc/stm32h7xx_hal_def.h(29): warning: In file included from...
../Drivers/CMSIS/Device/ST/STM32H7xx/Include\stm32h7xx.h(126): warning: In file included from...
../Drivers/CMSIS/Device/ST/STM32H7xx/Include/stm32h743xx.h(220): warning: '__FPU_PRESENT' macro redefined [-Wmacro-redefined]
#define __FPU_PRESENT             1U       /*!< FPU present                                   */
        ^
<command line>(9): note: previous definition is here
#define __FPU_PRESENT 1
        ^
1 warning generated.
compiling Tasks.c...
../Tasks/sample_app_task_scheduler.c(1): warning: In file included from...
../Tasks/sample_app_task_scheduler.h(4): warning: In file included from...
../Core/Inc\main.h(30): warning: In file included from...
../Drivers/STM32H7xx_HAL_Driver/Inc\stm32h7xx_hal.h(29): warning: In file included from...
../Core/Inc\stm32h7xx_hal_conf.h(246): warning: In file included from...
../Drivers/STM32H7xx_HAL_Driver/Inc\stm32h7xx_hal_rcc.h(27): warning: In file included from...
../Drivers/STM32H7xx_HAL_Driver/Inc/stm32h7xx_hal_def.h(29): warning: In file included from...
../Drivers/CMSIS/Device/ST/STM32H7xx/Include\stm32h7xx.h(126): warning: In file included from...
../Drivers/CMSIS/Device/ST/STM32H7xx/Include/stm32h743xx.h(220): warning: '__FPU_PRESENT' macro redefined [-Wmacro-redefined]
#define __FPU_PRESENT             1U       /*!< FPU present                                   */
        ^
<command line>(9): note: previous definition is here
#define __FPU_PRESENT 1
        ^
1 warning generated.
compiling sample_app_task_scheduler.c...
../Drivers/STM32H7xx_HAL_Driver/Src/stm32h7xx_hal_adc.c(298): warning: In file included from...
../Drivers/STM32H7xx_HAL_Driver/Inc\stm32h7xx_hal.h(29): warning: In file included from...
../Core/Inc\stm32h7xx_hal_conf.h(246): warning: In file included from...
../Drivers/STM32H7xx_HAL_Driver/Inc\stm32h7xx_hal_rcc.h(27): warning: In file included from...
../Drivers/STM32H7xx_HAL_Driver/Inc/stm32h7xx_hal_def.h(29): warning: In file included from...
../Drivers/CMSIS/Device/ST/STM32H7xx/Include\stm32h7xx.h(126): warning: In file included from...
../Drivers/CMSIS/Device/ST/STM32H7xx/Include/stm32h743xx.h(220): warning: '__FPU_PRESENT' macro redefined [-Wmacro-redefined]
#define __FPU_PRESENT             1U       /*!< FPU present                                   */
        ^
<command line>(9): note: previous definition is here
#define __FPU_PRESENT 1
        ^
1 warning generated.
compiling stm32h7xx_hal_adc.c...
../SignalProcess/fftana.c(34): warning: returning 'const arm_cfft_instance_f32_extra *' from a function with result type 'arm_cfft_instance_f32_extra *' discards qualifiers [-Wincompatible-pointer-types-discards-qualifiers]
        return &arm_cfft_sR_f32_len16_extra;
               ^~~~~~~~~~~~~~~~~~~~~~~~~~~~
../SignalProcess/fftana.c(36): warning: returning 'const arm_cfft_instance_f32_extra *' from a function with result type 'arm_cfft_instance_f32_extra *' discards qualifiers [-Wincompatible-pointer-types-discards-qualifiers]
        return &arm_cfft_sR_f32_len32_extra;
               ^~~~~~~~~~~~~~~~~~~~~~~~~~~~
../SignalProcess/fftana.c(38): warning: returning 'const arm_cfft_instance_f32_extra *' from a function with result type 'arm_cfft_instance_f32_extra *' discards qualifiers [-Wincompatible-pointer-types-discards-qualifiers]
        return &arm_cfft_sR_f32_len64_extra;
               ^~~~~~~~~~~~~~~~~~~~~~~~~~~~
../SignalProcess/fftana.c(40): warning: returning 'const arm_cfft_instance_f32_extra *' from a function with result type 'arm_cfft_instance_f32_extra *' discards qualifiers [-Wincompatible-pointer-types-discards-qualifiers]
        return &arm_cfft_sR_f32_len128_extra;
               ^~~~~~~~~~~~~~~~~~~~~~~~~~~~~
../SignalProcess/fftana.c(42): warning: returning 'const arm_cfft_instance_f32_extra *' from a function with result type 'arm_cfft_instance_f32_extra *' discards qualifiers [-Wincompatible-pointer-types-discards-qualifiers]
        return &arm_cfft_sR_f32_len256_extra;
               ^~~~~~~~~~~~~~~~~~~~~~~~~~~~~
../SignalProcess/fftana.c(44): warning: returning 'const arm_cfft_instance_f32_extra *' from a function with result type 'arm_cfft_instance_f32_extra *' discards qualifiers [-Wincompatible-pointer-types-discards-qualifiers]
        return &arm_cfft_sR_f32_len512_extra;
               ^~~~~~~~~~~~~~~~~~~~~~~~~~~~~
../SignalProcess/fftana.c(46): warning: returning 'const arm_cfft_instance_f32_extra *' from a function with result type 'arm_cfft_instance_f32_extra *' discards qualifiers [-Wincompatible-pointer-types-discards-qualifiers]
        return &arm_cfft_sR_f32_len1024_extra;
               ^~~~~~~~~~~~~~~~~~~~~~~~~~~~~~
../SignalProcess/fftana.c(48): warning: returning 'const arm_cfft_instance_f32_extra *' from a function with result type 'arm_cfft_instance_f32_extra *' discards qualifiers [-Wincompatible-pointer-types-discards-qualifiers]
        return &arm_cfft_sR_f32_len2048_extra;
               ^~~~~~~~~~~~~~~~~~~~~~~~~~~~~~
../SignalProcess/fftana.c(50): warning: returning 'const arm_cfft_instance_f32_extra *' from a function with result type 'arm_cfft_instance_f32_extra *' discards qualifiers [-Wincompatible-pointer-types-discards-qualifiers]
        return &arm_cfft_sR_f32_len4096_extra;
               ^~~~~~~~~~~~~~~~~~~~~~~~~~~~~~
../SignalProcess/fftana.c(52): warning: returning 'const arm_cfft_instance_f32_extra *' from a function with result type 'arm_cfft_instance_f32_extra *' discards qualifiers [-Wincompatible-pointer-types-discards-qualifiers]
        return &arm_cfft_sR_f32_len8192_extra;
               ^~~~~~~~~~~~~~~~~~~~~~~~~~~~~~
../SignalProcess/fftana.c(54): warning: returning 'const arm_cfft_instance_f32_extra *' from a function with result type 'arm_cfft_instance_f32_extra *' discards qualifiers [-Wincompatible-pointer-types-discards-qualifiers]
        return &arm_cfft_sR_f32_len16384_extra;
               ^~~~~~~~~~~~~~~~~~~~~~~~~~~~~~~
../SignalProcess/fftana.c(56): warning: returning 'const arm_cfft_instance_f32_extra *' from a function with result type 'arm_cfft_instance_f32_extra *' discards qualifiers [-Wincompatible-pointer-types-discards-qualifiers]
        return &arm_cfft_sR_f32_len2048_extra;
               ^~~~~~~~~~~~~~~~~~~~~~~~~~~~~~
12 warnings generated.
compiling fftana.c...
../Drivers/STM32H7xx_HAL_Driver/Src/stm32h7xx_hal_i2c.c(323): warning: In file included from...
../Drivers/STM32H7xx_HAL_Driver/Inc\stm32h7xx_hal.h(29): warning: In file included from...
../Core/Inc\stm32h7xx_hal_conf.h(246): warning: In file included from...
../Drivers/STM32H7xx_HAL_Driver/Inc\stm32h7xx_hal_rcc.h(27): warning: In file included from...
../Drivers/STM32H7xx_HAL_Driver/Inc/stm32h7xx_hal_def.h(29): warning: In file included from...
../Drivers/CMSIS/Device/ST/STM32H7xx/Include\stm32h7xx.h(126): warning: In file included from...
../Drivers/CMSIS/Device/ST/STM32H7xx/Include/stm32h743xx.h(220): warning: '__FPU_PRESENT' macro redefined [-Wmacro-redefined]
#define __FPU_PRESENT             1U       /*!< FPU present                                   */
        ^
<command line>(9): note: previous definition is here
#define __FPU_PRESENT 1
        ^
1 warning generated.
compiling stm32h7xx_hal_i2c.c...
../Drivers/STM32H7xx_HAL_Driver/Src/stm32h7xx_hal_dma.c(95): warning: In file included from...
../Drivers/STM32H7xx_HAL_Driver/Inc\stm32h7xx_hal.h(29): warning: In file included from...
../Core/Inc\stm32h7xx_hal_conf.h(246): warning: In file included from...
../Drivers/STM32H7xx_HAL_Driver/Inc\stm32h7xx_hal_rcc.h(27): warning: In file included from...
../Drivers/STM32H7xx_HAL_Driver/Inc/stm32h7xx_hal_def.h(29): warning: In file included from...
../Drivers/CMSIS/Device/ST/STM32H7xx/Include\stm32h7xx.h(126): warning: In file included from...
../Drivers/CMSIS/Device/ST/STM32H7xx/Include/stm32h743xx.h(220): warning: '__FPU_PRESENT' macro redefined [-Wmacro-redefined]
#define __FPU_PRESENT             1U       /*!< FPU present                                   */
        ^
<command line>(9): note: previous definition is here
#define __FPU_PRESENT 1
        ^
1 warning generated.
compiling stm32h7xx_hal_dma.c...
../Drivers/STM32H7xx_HAL_Driver/Src/stm32h7xx_hal_uart.c(162): warning: In file included from...
../Drivers/STM32H7xx_HAL_Driver/Inc\stm32h7xx_hal.h(29): warning: In file included from...
../Core/Inc\stm32h7xx_hal_conf.h(246): warning: In file included from...
../Drivers/STM32H7xx_HAL_Driver/Inc\stm32h7xx_hal_rcc.h(27): warning: In file included from...
../Drivers/STM32H7xx_HAL_Driver/Inc/stm32h7xx_hal_def.h(29): warning: In file included from...
../Drivers/CMSIS/Device/ST/STM32H7xx/Include\stm32h7xx.h(126): warning: In file included from...
../Drivers/CMSIS/Device/ST/STM32H7xx/Include/stm32h743xx.h(220): warning: '__FPU_PRESENT' macro redefined [-Wmacro-redefined]
#define __FPU_PRESENT             1U       /*!< FPU present                                   */
        ^
<command line>(9): note: previous definition is here
#define __FPU_PRESENT 1
        ^
1 warning generated.
compiling stm32h7xx_hal_uart.c...
../MyDrive/AD9910.c(1): warning: In file included from...
../Core/Inc\main.h(30): warning: In file included from...
../Drivers/STM32H7xx_HAL_Driver/Inc\stm32h7xx_hal.h(29): warning: In file included from...
../Core/Inc\stm32h7xx_hal_conf.h(246): warning: In file included from...
../Drivers/STM32H7xx_HAL_Driver/Inc\stm32h7xx_hal_rcc.h(27): warning: In file included from...
../Drivers/STM32H7xx_HAL_Driver/Inc/stm32h7xx_hal_def.h(29): warning: In file included from...
../Drivers/CMSIS/Device/ST/STM32H7xx/Include\stm32h7xx.h(126): warning: In file included from...
../Drivers/CMSIS/Device/ST/STM32H7xx/Include/stm32h743xx.h(220): warning: '__FPU_PRESENT' macro redefined [-Wmacro-redefined]
#define __FPU_PRESENT             1U       /*!< FPU present                                   */
        ^
<command line>(9): note: previous definition is here
#define __FPU_PRESENT 1
        ^
1 warning generated.
compiling AD9910.c...
../MyDrive/AD9959.c(1): warning: In file included from...
../MyDrive/AD9959.h(7): warning: In file included from...
../Drivers/CMSIS/Device/ST/STM32H7xx/Include\stm32h7xx.h(126): warning: In file included from...
../Drivers/CMSIS/Device/ST/STM32H7xx/Include/stm32h743xx.h(220): warning: '__FPU_PRESENT' macro redefined [-Wmacro-redefined]
#define __FPU_PRESENT             1U       /*!< FPU present                                   */
        ^
<command line>(9): note: previous definition is here
#define __FPU_PRESENT 1
        ^
1 warning generated.
compiling AD9959.c...
../Drivers/STM32H7xx_HAL_Driver/Src/stm32h7xx_hal_tim.c(187): warning: In file included from...
../Drivers/STM32H7xx_HAL_Driver/Inc\stm32h7xx_hal.h(29): warning: In file included from...
../Core/Inc\stm32h7xx_hal_conf.h(246): warning: In file included from...
../Drivers/STM32H7xx_HAL_Driver/Inc\stm32h7xx_hal_rcc.h(27): warning: In file included from...
../Drivers/STM32H7xx_HAL_Driver/Inc/stm32h7xx_hal_def.h(29): warning: In file included from...
../Drivers/CMSIS/Device/ST/STM32H7xx/Include\stm32h7xx.h(126): warning: In file included from...
../Drivers/CMSIS/Device/ST/STM32H7xx/Include/stm32h743xx.h(220): warning: '__FPU_PRESENT' macro redefined [-Wmacro-redefined]
#define __FPU_PRESENT             1U       /*!< FPU present                                   */
        ^
<command line>(9): note: previous definition is here
#define __FPU_PRESENT 1
        ^
1 warning generated.
compiling stm32h7xx_hal_tim.c...
../MyDrive/Get_Freq.c(1): warning: In file included from...
../MyDrive/Get_Freq.h(4): warning: In file included from...
../MyDrive/bsp_system.h(5): warning: In file included from...
../Core/Inc\main.h(30): warning: In file included from...
../Drivers/STM32H7xx_HAL_Driver/Inc\stm32h7xx_hal.h(29): warning: In file included from...
../Core/Inc\stm32h7xx_hal_conf.h(246): warning: In file included from...
../Drivers/STM32H7xx_HAL_Driver/Inc\stm32h7xx_hal_rcc.h(27): warning: In file included from...
../Drivers/STM32H7xx_HAL_Driver/Inc/stm32h7xx_hal_def.h(29): warning: In file included from...
../Drivers/CMSIS/Device/ST/STM32H7xx/Include\stm32h7xx.h(126): warning: In file included from...
../Drivers/CMSIS/Device/ST/STM32H7xx/Include/stm32h743xx.h(220): warning: '__FPU_PRESENT' macro redefined [-Wmacro-redefined]
#define __FPU_PRESENT             1U       /*!< FPU present                                   */
        ^
<command line>(9): note: previous definition is here
#define __FPU_PRESENT 1
        ^
1 warning generated.
compiling Get_Freq.c...
../MyDrive/HMI.c(1): warning: In file included from...
../MyDrive/HMI.h(4): warning: In file included from...
../MyDrive/bsp_system.h(5): warning: In file included from...
../Core/Inc\main.h(30): warning: In file included from...
../Drivers/STM32H7xx_HAL_Driver/Inc\stm32h7xx_hal.h(29): warning: In file included from...
../Core/Inc\stm32h7xx_hal_conf.h(246): warning: In file included from...
../Drivers/STM32H7xx_HAL_Driver/Inc\stm32h7xx_hal_rcc.h(27): warning: In file included from...
../Drivers/STM32H7xx_HAL_Driver/Inc/stm32h7xx_hal_def.h(29): warning: In file included from...
../Drivers/CMSIS/Device/ST/STM32H7xx/Include\stm32h7xx.h(126): warning: In file included from...
../Drivers/CMSIS/Device/ST/STM32H7xx/Include/stm32h743xx.h(220): warning: '__FPU_PRESENT' macro redefined [-Wmacro-redefined]
#define __FPU_PRESENT             1U       /*!< FPU present                                   */
        ^
<command line>(9): note: previous definition is here
#define __FPU_PRESENT 1
        ^
1 warning generated.
compiling HMI.c...
compiling arm_bitreversal2_extra.c...
../MyDrive/delay.c(1): warning: In file included from...
../MyDrive/delay.h(3): warning: In file included from...
../MyDrive/bsp_system.h(5): warning: In file included from...
../Core/Inc\main.h(30): warning: In file included from...
../Drivers/STM32H7xx_HAL_Driver/Inc\stm32h7xx_hal.h(29): warning: In file included from...
../Core/Inc\stm32h7xx_hal_conf.h(246): warning: In file included from...
../Drivers/STM32H7xx_HAL_Driver/Inc\stm32h7xx_hal_rcc.h(27): warning: In file included from...
../Drivers/STM32H7xx_HAL_Driver/Inc/stm32h7xx_hal_def.h(29): warning: In file included from...
../Drivers/CMSIS/Device/ST/STM32H7xx/Include\stm32h7xx.h(126): warning: In file included from...
../Drivers/CMSIS/Device/ST/STM32H7xx/Include/stm32h743xx.h(220): warning: '__FPU_PRESENT' macro redefined [-Wmacro-redefined]
#define __FPU_PRESENT             1U       /*!< FPU present                                   */
        ^
<command line>(9): note: previous definition is here
#define __FPU_PRESENT 1
        ^
1 warning generated.
compiling delay.c...
compiling arm_cfft_f32_extra.c...
compiling arm_cfft_init_f32_extra.c...
compiling arm_const_structs_extra.c...
compiling arm_rfft_fast_f32_extra.c...
compiling arm_rfft_fast_init_f32_extra.c...
compiling arm_common_tables_extra.c...
linking...
.\h743_hal_h743_hal.sct(21): warning: L6314W: No section matches pattern *(.RAM_D3).
Program Size: Code=45224 RO-data=40788 RW-data=8224 ZI-data=31440  
Finished: 0 information, 1 warning and 0 error messages.
FromELF: creating hex file...
"h743_hal\h743_hal.axf" - 0 Error(s), 51 Warning(s).

<h2>Software Packages used:</h2>

Package Vendor: ARM
                http://www.keil.com/pack/ARM.CMSIS.5.0.1.pack
                ARM.CMSIS.5.0.1
                CMSIS (Cortex Microcontroller Software Interface Standard)
   * Component: CORE Version: 5.0.1

Package Vendor: Keil
                http://www.keil.com/pack/Keil.STM32H7xx_DFP.3.0.0.pack
                Keil.STM32H7xx_DFP.3.0.0
                STMicroelectronics STM32H7 Series Device Support and Examples

<h2>Collection of Component include folders:</h2>
  .\RTE\_h743_hal
  D:\Keil_v5\ARM\PACK\ARM\CMSIS\5.0.1\CMSIS\Include
  D:\Keil_v5\ARM\PACK\Keil\STM32H7xx_DFP\3.0.0\Drivers\CMSIS\Device\ST\STM32H7xx\Include

<h2>Collection of Component Files used:</h2>

   * Component: ARM::CMSIS:CORE:5.0.1
Build Time Elapsed:  00:00:05
</pre>
</body>
</html>
